Archive member included to satisfy reference by file (symbol)

/mnt/d/workspace/tools/toolchain/riscv64-elf-x86_64-20200720/bin/../lib/gcc/riscv64-unknown-elf/8.1.0/../../../../riscv64-unknown-elf/lib/rv32imafc/ilp32f/libc.a(lib_a-memmove.o)
                              out/BSP_Common/xz/xz_dec_lzma2.o (memmove)
/mnt/d/workspace/tools/toolchain/riscv64-elf-x86_64-20200720/bin/../lib/gcc/riscv64-unknown-elf/8.1.0/rv32imafc/ilp32f/libgcc.a(_clzsi2.o)
                              out/3rdParty/FreeRTOS/Source/tasks.o (__clzsi2)
/mnt/d/workspace/tools/toolchain/riscv64-elf-x86_64-20200720/bin/../lib/gcc/riscv64-unknown-elf/8.1.0/rv32imafc/ilp32f/libgcc.a(_udivdi3.o)
                              out/BSP_Common/libc/vsnprintf.o (__udivdi3)
/mnt/d/workspace/tools/toolchain/riscv64-elf-x86_64-20200720/bin/../lib/gcc/riscv64-unknown-elf/8.1.0/rv32imafc/ilp32f/libgcc.a(_umoddi3.o)
                              out/BSP_Common/libc/vsnprintf.o (__umoddi3)
/mnt/d/workspace/tools/toolchain/riscv64-elf-x86_64-20200720/bin/../lib/gcc/riscv64-unknown-elf/8.1.0/rv32imafc/ilp32f/libgcc.a(adddf3.o)
                              out/BSP_Common/libc/atof.o (__adddf3)
/mnt/d/workspace/tools/toolchain/riscv64-elf-x86_64-20200720/bin/../lib/gcc/riscv64-unknown-elf/8.1.0/rv32imafc/ilp32f/libgcc.a(divdf3.o)
                              out/ChipTest/Eflash_Loader/bflb_eflash_loader_uart.o (__divdf3)
/mnt/d/workspace/tools/toolchain/riscv64-elf-x86_64-20200720/bin/../lib/gcc/riscv64-unknown-elf/8.1.0/rv32imafc/ilp32f/libgcc.a(muldf3.o)
                              out/ChipTest/Eflash_Loader/bflb_eflash_loader_uart.o (__muldf3)
/mnt/d/workspace/tools/toolchain/riscv64-elf-x86_64-20200720/bin/../lib/gcc/riscv64-unknown-elf/8.1.0/rv32imafc/ilp32f/libgcc.a(subdf3.o)
                              out/BSP_Driver/BL602_BSP_Driver/StdDriver/bl602_adc.o (__subdf3)
/mnt/d/workspace/tools/toolchain/riscv64-elf-x86_64-20200720/bin/../lib/gcc/riscv64-unknown-elf/8.1.0/rv32imafc/ilp32f/libgcc.a(fixdfsi.o)
                              out/BSP_Driver/BL602_BSP_Driver/RFDriver/bl602_rf_private.o (__fixdfsi)
/mnt/d/workspace/tools/toolchain/riscv64-elf-x86_64-20200720/bin/../lib/gcc/riscv64-unknown-elf/8.1.0/rv32imafc/ilp32f/libgcc.a(fixunsdfsi.o)
                              out/ChipTest/Eflash_Loader/bflb_eflash_loader_uart.o (__fixunsdfsi)
/mnt/d/workspace/tools/toolchain/riscv64-elf-x86_64-20200720/bin/../lib/gcc/riscv64-unknown-elf/8.1.0/rv32imafc/ilp32f/libgcc.a(floatsidf.o)
                              out/BSP_Common/libc/atof.o (__floatsidf)
/mnt/d/workspace/tools/toolchain/riscv64-elf-x86_64-20200720/bin/../lib/gcc/riscv64-unknown-elf/8.1.0/rv32imafc/ilp32f/libgcc.a(floatunsidf.o)
                              out/ChipTest/Eflash_Loader/bflb_eflash_loader_uart.o (__floatunsidf)
/mnt/d/workspace/tools/toolchain/riscv64-elf-x86_64-20200720/bin/../lib/gcc/riscv64-unknown-elf/8.1.0/rv32imafc/ilp32f/libgcc.a(extendsfdf2.o)
                              out/BSP_Driver/BL602_BSP_Driver/StdDriver/bl602_adc.o (__extendsfdf2)
/mnt/d/workspace/tools/toolchain/riscv64-elf-x86_64-20200720/bin/../lib/gcc/riscv64-unknown-elf/8.1.0/rv32imafc/ilp32f/libgcc.a(truncdfsf2.o)
                              out/BSP_Driver/BL602_BSP_Driver/StdDriver/bl602_adc.o (__truncdfsf2)
/mnt/d/workspace/tools/toolchain/riscv64-elf-x86_64-20200720/bin/../lib/gcc/riscv64-unknown-elf/8.1.0/rv32imafc/ilp32f/libgcc.a(_clz.o)
                              /mnt/d/workspace/tools/toolchain/riscv64-elf-x86_64-20200720/bin/../lib/gcc/riscv64-unknown-elf/8.1.0/rv32imafc/ilp32f/libgcc.a(_clzsi2.o) (__clz_tab)

Discarded input sections

 .group         0x0000000000000000        0xc out/ChipTest/Eflash_Loader/main.o
 .group         0x0000000000000000        0xc out/ChipTest/Eflash_Loader/main.o
 .group         0x0000000000000000        0xc out/ChipTest/Eflash_Loader/main.o
 .group         0x0000000000000000        0xc out/ChipTest/Eflash_Loader/main.o
 .group         0x0000000000000000        0xc out/ChipTest/Eflash_Loader/main.o
 .group         0x0000000000000000        0xc out/ChipTest/Eflash_Loader/main.o
 .group         0x0000000000000000        0xc out/ChipTest/Eflash_Loader/main.o
 .group         0x0000000000000000        0xc out/ChipTest/Eflash_Loader/main.o
 .group         0x0000000000000000        0xc out/ChipTest/Eflash_Loader/main.o
 .group         0x0000000000000000        0xc out/ChipTest/Eflash_Loader/main.o
 .group         0x0000000000000000        0xc out/ChipTest/Eflash_Loader/main.o
 .group         0x0000000000000000        0xc out/ChipTest/Eflash_Loader/main.o
 .group         0x0000000000000000        0xc out/ChipTest/Eflash_Loader/main.o
 .group         0x0000000000000000        0xc out/ChipTest/Eflash_Loader/main.o
 .group         0x0000000000000000        0xc out/ChipTest/Eflash_Loader/main.o
 .group         0x0000000000000000        0xc out/ChipTest/Eflash_Loader/main.o
[...]
Memory Configuration

Name             Origin             Length             Attributes
itcm_memory      0x0000000022010000 0x000000000000c000 xr
dtcm_memory      0x000000004201c000 0x0000000000004000 xr
ram_memory       0x0000000042020000 0x0000000000028000 !xr
*default*        0x0000000000000000 0xffffffffffffffff

Linker script and memory map

LOAD out/ChipTest/Eflash_Loader/main.o
LOAD out/ChipTest/Eflash_Loader/bflb_eflash_loader_cmds.o
LOAD out/ChipTest/Eflash_Loader/bflb_eflash_loader_gpio.o
LOAD out/ChipTest/Eflash_Loader/bflb_eflash_loader_interface.o
LOAD out/ChipTest/Eflash_Loader/bflb_eflash_loader_jlink.o
LOAD out/ChipTest/Eflash_Loader/bflb_eflash_loader_uart.o
LOAD out/ChipTest/Eflash_Loader/bflb_spi_flash.o
LOAD out/ChipTest/Eflash_Loader/bflb_efuse.o
LOAD out/ChipTest/Eflash_Loader/bflb_set_clock.o
LOAD out/BSP_Common/ring_buffer/ring_buffer.o
LOAD out/BSP_Common/libc/atof.o
LOAD out/BSP_Common/libc/atoi.o
LOAD out/BSP_Common/libc/atol.o
LOAD out/BSP_Common/libc/atoll.o
LOAD out/BSP_Common/libc/jrand48.o
LOAD out/BSP_Common/libc/lrand48.o
LOAD out/BSP_Common/libc/mrand48.o
LOAD out/BSP_Common/libc/nrand48.o
LOAD out/BSP_Common/libc/seed48.o
LOAD out/BSP_Common/libc/srand48.o
LOAD out/BSP_Common/libc/memccpy.o
LOAD out/BSP_Common/libc/memcpy.o
LOAD out/BSP_Common/libc/memset.o
LOAD out/BSP_Common/libc/memswap.o
LOAD out/BSP_Common/libc/memchr.o
LOAD out/BSP_Common/libc/memrchr.o
LOAD out/BSP_Common/libc/memmem.o
LOAD out/BSP_Common/libc/memcmp.o
LOAD out/BSP_Common/libc/bsearch.o
LOAD out/BSP_Common/libc/qsort.o
LOAD out/BSP_Common/libc/fnmatch.o
LOAD out/BSP_Common/libc/snprintf.o
LOAD out/BSP_Common/libc/sprintf.o
LOAD out/BSP_Common/libc/sscanf.o
LOAD out/BSP_Common/libc/vsnprintf.o
LOAD out/BSP_Common/libc/vsprintf.o
LOAD out/BSP_Common/libc/vsscanf.o
LOAD out/BSP_Common/libc/strcmp.o
LOAD out/BSP_Common/libc/strncmp.o
LOAD out/BSP_Common/libc/strcasecmp.o
LOAD out/BSP_Common/libc/strncasecmp.o
LOAD out/BSP_Common/libc/strcpy.o
LOAD out/BSP_Common/libc/strlcpy.o
LOAD out/BSP_Common/libc/strncpy.o
LOAD out/BSP_Common/libc/strcat.o
LOAD out/BSP_Common/libc/strlcat.o
LOAD out/BSP_Common/libc/strncat.o
LOAD out/BSP_Common/libc/strlen.o
LOAD out/BSP_Common/libc/strnlen.o
LOAD out/BSP_Common/libc/strchr.o
LOAD out/BSP_Common/libc/strrchr.o
LOAD out/BSP_Common/libc/strsep.o
LOAD out/BSP_Common/libc/strstr.o
LOAD out/BSP_Common/libc/strcspn.o
LOAD out/BSP_Common/libc/strspn.o
LOAD out/BSP_Common/libc/strxspn.o
LOAD out/BSP_Common/libc/strpbrk.o
LOAD out/BSP_Common/libc/strtok.o
LOAD out/BSP_Common/libc/strtok_r.o
LOAD out/BSP_Common/libc/strtol.o
LOAD out/BSP_Common/libc/strtoll.o
LOAD out/BSP_Common/libc/strtoul.o
LOAD out/BSP_Common/libc/strtoull.o
LOAD out/BSP_Common/libc/strtoimax.o
LOAD out/BSP_Common/libc/strtoumax.o
LOAD out/BSP_Common/libc/strntoimax.o
LOAD out/BSP_Common/libc/strntoumax.o
LOAD out/BSP_Common/libc/stdlib.o
LOAD out/BSP_Common/libc/common.o
LOAD out/BSP_Common/libc/ctype_isalnum.o
LOAD out/BSP_Common/libc/ctype_isalpha.o
LOAD out/BSP_Common/libc/ctype_isascii.o
LOAD out/BSP_Common/libc/ctype_isblank.o
LOAD out/BSP_Common/libc/ctype_iscntrl.o
LOAD out/BSP_Common/libc/ctype_isdigit.o
LOAD out/BSP_Common/libc/ctype_isgraph.o
LOAD out/BSP_Common/libc/ctype_ispunct.o
LOAD out/BSP_Common/libc/ctype_islower.o
LOAD out/BSP_Common/libc/ctype_isprint.o
LOAD out/BSP_Common/libc/ctype_isspace.o
LOAD out/BSP_Common/libc/ctype_isupper.o
LOAD out/BSP_Common/libc/ctype_tolower.o
LOAD out/BSP_Common/libc/ctype_toupper.o
LOAD out/BSP_Common/libc/ctype_isxdigit.o
LOAD out/BSP_Common/libc/ctypes.o
LOAD out/BSP_Common/soft_crc/softcrc.o
LOAD out/BSP_Common/cipher_suite/bflb_crypt.o
LOAD out/BSP_Common/cipher_suite/bflb_hash.o
LOAD out/BSP_Common/cipher_suite/bflb_ecdsa.o
LOAD out/BSP_Common/cipher_suite/bflb_dsa.o
LOAD out/BSP_Common/xz/xz_crc32.o
LOAD out/BSP_Common/xz/xz_dec_lzma2.o
LOAD out/BSP_Common/xz/xz_dec_stream.o
LOAD out/BSP_Common/xz/xz_decompress.o
LOAD out/BSP_Common/xz/xz_port.o
LOAD out/startup/system_bl602.o
LOAD out/startup/GCC/start_load.o
LOAD out/startup/interrupt.o
LOAD out/startup/GCC/entry.o
LOAD out/BSP_Common/FreeRTOS/port.o
LOAD out/BSP_Common/FreeRTOS/portASM.o
LOAD out/BSP_Driver/BL602_BSP_Driver/StdDriver/bl602_common.o
LOAD out/BSP_Driver/BL602_BSP_Driver/StdDriver/bl602_uart.o
LOAD out/BSP_Driver/BL602_BSP_Driver/StdDriver/bl602_dma.o
LOAD out/BSP_Driver/BL602_BSP_Driver/StdDriver/bl602_glb.o
LOAD out/BSP_Driver/BL602_BSP_Driver/StdDriver/bl602_timer.o
LOAD out/BSP_Driver/BL602_BSP_Driver/StdDriver/bl602_ef_ctrl.o
LOAD out/BSP_Driver/BL602_BSP_Driver/StdDriver/bl602_aon.o
LOAD out/BSP_Driver/BL602_BSP_Driver/StdDriver/bl602_hbn.o
LOAD out/BSP_Driver/BL602_BSP_Driver/StdDriver/bl602_sec_eng.o
LOAD out/BSP_Driver/BL602_BSP_Driver/StdDriver/bl602_sdu.o
LOAD out/BSP_Driver/BL602_BSP_Driver/StdDriver/bl602_dac.o
LOAD out/BSP_Driver/BL602_BSP_Driver/StdDriver/bl602_l1c.o
LOAD out/BSP_Driver/BL602_BSP_Driver/StdDriver/bl602_pwm.o
LOAD out/BSP_Driver/BL602_BSP_Driver/StdDriver/bl602_i2c.o
LOAD out/BSP_Driver/BL602_BSP_Driver/StdDriver/bl602_sec_dbg.o
LOAD out/BSP_Driver/BL602_BSP_Driver/StdDriver/bl602_ir.o
LOAD out/BSP_Driver/BL602_BSP_Driver/StdDriver/bl602_spi.o
LOAD out/BSP_Driver/BL602_BSP_Driver/StdDriver/bl602_pds.o
LOAD out/BSP_Driver/BL602_BSP_Driver/StdDriver/bl602_tzc_sec.o
LOAD out/BSP_Driver/BL602_BSP_Driver/StdDriver/bl602_adc.o
LOAD out/BSP_Driver/BL602_BSP_Driver/StdDriver/bl602_acomp.o
LOAD out/BSP_Driver/BL602_BSP_Driver/StdDriver/bl602_xip_sflash_ext.o
LOAD out/BSP_Driver/BL602_BSP_Driver/StdDriver/bl602_mfg_efuse.o
LOAD out/BSP_Driver/BL602_BSP_Driver/StdDriver/bl602_romapi.o
LOAD out/BSP_Driver/BL602_BSP_Driver/StdDriver/bl602_sflash_ext.o
LOAD out/BSP_Driver/BL602_BSP_Driver/StdDriver/bl602_sf_cfg_ext.o
LOAD out/BSP_Driver/BL602_BSP_Driver/RFDriver/bl602_rf_private.o
LOAD out/BSP_Driver/BL602_BSP_Driver/RFDriver/bl602_calib_data.o
LOAD out/BSP_Driver/BL602_BSP_Driver/platform_print/platform_device.o
LOAD out/BSP_Driver/BL602_BSP_Driver/platform_print/platform_gpio.o
LOAD out/3rdParty/FreeRTOS/Source/tasks.o
LOAD out/3rdParty/FreeRTOS/Source/list.o
LOAD out/3rdParty/FreeRTOS/Source/queue.o
LOAD out/3rdParty/FreeRTOS/Source/timers.o
LOAD out/3rdParty/FreeRTOS/Source/stream_buffer.o
LOAD out/3rdParty/FreeRTOS/Source/croutine.o
LOAD out/3rdParty/FreeRTOS/Source/portable/MemMang/heap_5.o
LOAD /mnt/d/workspace/tools/toolchain/riscv64-elf-x86_64-20200720/bin/../lib/gcc/riscv64-unknown-elf/8.1.0/../../../../riscv64-unknown-elf/lib/rv32imafc/ilp32f/libc.a
LOAD /mnt/d/workspace/tools/toolchain/riscv64-elf-x86_64-20200720/bin/../lib/gcc/riscv64-unknown-elf/8.1.0/../../../../riscv64-unknown-elf/lib/rv32imafc/ilp32f/libm.a
LOAD /mnt/d/workspace/tools/toolchain/riscv64-elf-x86_64-20200720/bin/../lib/gcc/riscv64-unknown-elf/8.1.0/rv32imafc/ilp32f/libgcc.a
START GROUP
LOAD /mnt/d/workspace/tools/toolchain/riscv64-elf-x86_64-20200720/bin/../lib/gcc/riscv64-unknown-elf/8.1.0/../../../../riscv64-unknown-elf/lib/rv32imafc/ilp32f/libc.a
LOAD /mnt/d/workspace/tools/toolchain/riscv64-elf-x86_64-20200720/bin/../lib/gcc/riscv64-unknown-elf/8.1.0/../../../../riscv64-unknown-elf/lib/rv32imafc/ilp32f/libgloss.a
END GROUP
LOAD /mnt/d/workspace/tools/toolchain/riscv64-elf-x86_64-20200720/bin/../lib/gcc/riscv64-unknown-elf/8.1.0/rv32imafc/ilp32f/libgcc.a
LOAD /mnt/d/workspace/tools/toolchain/riscv64-elf-x86_64-20200720/bin/../lib/gcc/riscv64-unknown-elf/8.1.0/../../../../riscv64-unknown-elf/lib/rv32imafc/ilp32f/libc.a
LOAD /mnt/d/workspace/tools/toolchain/riscv64-elf-x86_64-20200720/bin/../lib/gcc/riscv64-unknown-elf/8.1.0/rv32imafc/ilp32f/libgcc.a
                0x0000000000000400                StackSize = 0x400
                0x0000000000000000                PROVIDE (__metal_chicken_bit = 0x0)

.text           0x0000000022010000     0x752c
                0x0000000022010000                . = ALIGN (0x4)
                0x0000000022010000                __text_code_start__ = .
 *(.text.metal.init.enter)
 .text.metal.init.enter
                0x0000000022010000       0x86 out/startup/GCC/entry.o
                0x0000000022010000                _enter
 *(SORT_NONE(.init))
 *fill*         0x0000000022010086       0x3a 
 .init          0x00000000220100c0      0x142 out/startup/interrupt.o
                0x00000000220100c0                __Vectors
 *(.text)
 .text          0x0000000022010202       0x4a /mnt/d/workspace/tools/toolchain/riscv64-elf-x86_64-20200720/bin/../lib/gcc/riscv64-unknown-elf/8.1.0/../../../../riscv64-unknown-elf/lib/rv32imafc/ilp32f/libc.a(lib_a-memmove.o)
                0x0000000022010202                memmove
 .text          0x000000002201024c      0x35e /mnt/d/workspace/tools/toolchain/riscv64-elf-x86_64-20200720/bin/../lib/gcc/riscv64-unknown-elf/8.1.0/rv32imafc/ilp32f/libgcc.a(_udivdi3.o)
                0x000000002201024c                __udivdi3
 .text          0x00000000220105aa      0x352 /mnt/d/workspace/tools/toolchain/riscv64-elf-x86_64-20200720/bin/../lib/gcc/riscv64-unknown-elf/8.1.0/rv32imafc/ilp32f/libgcc.a(_umoddi3.o)
                0x00000000220105aa                __umoddi3
 *(.text.*)
 .text.startup.main
                0x00000000220108fc      0x1a8 out/ChipTest/Eflash_Loader/main.o
                0x00000000220108fc                main
 .text.bflb_eflash_loader_cmd_read_jedec_id
                0x0000000022010aa4       0x4c out/ChipTest/Eflash_Loader/bflb_eflash_loader_cmds.o
 .text.bflb_eflash_loader_cmd_read_log
                0x0000000022010af0       0x5a out/ChipTest/Eflash_Loader/bflb_eflash_loader_cmds.o
 .text.bflb_eflash_loader_cmd_ack.part.0
                0x0000000022010b4a       0x1e out/ChipTest/Eflash_Loader/bflb_eflash_loader_cmds.o
 .text.bflb_eflash_loader_cmd_ack
                0x0000000022010b68       0x28 out/ChipTest/Eflash_Loader/bflb_eflash_loader_cmds.o
 .text.bflb_eflash_loader_cmd_write_flash_check
                0x0000000022010b90       0x22 out/ChipTest/Eflash_Loader/bflb_eflash_loader_cmds.o
 .text.bflb_eflash_loader_cmd_write_mem
                0x0000000022010bb2       0x9c out/ChipTest/Eflash_Loader/bflb_eflash_loader_cmds.o
 .text.bflb_eflash_loader_cmd_write_status_register
                0x0000000022010c4e       0xde out/ChipTest/Eflash_Loader/bflb_eflash_loader_cmds.o
 .text.bflb_eflash_loader_cmd_read_mac_addr
                0x0000000022010d2c       0x88 out/ChipTest/Eflash_Loader/bflb_eflash_loader_cmds.o
 .text.bflb_eflash_loader_cmd_read_efuse
                0x0000000022010db4      0x132 out/ChipTest/Eflash_Loader/bflb_eflash_loader_cmds.o
 .text.bflb_eflash_loader_cmd_write_efuse
                0x0000000022010ee6       0xd0 out/ChipTest/Eflash_Loader/bflb_eflash_loader_cmds.o
 .text.bflb_eflash_loader_cmd_xip_read_flash
                0x0000000022010fb6      0x166 out/ChipTest/Eflash_Loader/bflb_eflash_loader_cmds.o
 .text.bflb_eflash_loader_cmd_xip_readSha_flash
                0x000000002201111c      0x154 out/ChipTest/Eflash_Loader/bflb_eflash_loader_cmds.o
 .text.bflb_eflash_loader_cmd_readSha_flash
                0x0000000022011270      0x156 out/ChipTest/Eflash_Loader/bflb_eflash_loader_cmds.o
 .text.bflb_eflash_loader_cmd_read_flash
                0x00000000220113c6      0x168 out/ChipTest/Eflash_Loader/bflb_eflash_loader_cmds.o
 .text.bflb_eflash_loader_cmd_flash_chip_erase
                0x000000002201152e       0x4c out/ChipTest/Eflash_Loader/bflb_eflash_loader_cmds.o
 .text.bflb_eflash_loader_cmd_erase_flash
                0x000000002201157a      0x14e out/ChipTest/Eflash_Loader/bflb_eflash_loader_cmds.o
 .text.bflb_eflash_loader_cmd_set_flash_para
                0x00000000220116c8      0x110 out/ChipTest/Eflash_Loader/bflb_eflash_loader_cmds.o
 .text.bflb_eflash_loader_cmd_read_mem
                0x00000000220117d8       0xec out/ChipTest/Eflash_Loader/bflb_eflash_loader_cmds.o
 .text.bflb_eflash_loader_cmd_read_status_register
                0x00000000220118c4       0xc6 out/ChipTest/Eflash_Loader/bflb_eflash_loader_cmds.o
 .text.bflb_eflash_loader_cmd_xip_read_flash_finish
                0x000000002201198a       0x20 out/ChipTest/Eflash_Loader/bflb_eflash_loader_cmds.o
 .text.bflb_eflash_loader_cmd_reset
                0x00000000220119aa       0x34 out/ChipTest/Eflash_Loader/bflb_eflash_loader_cmds.o
 .text.bflb_eflash_loader_cmd_write_flash
                0x00000000220119de       0xba out/ChipTest/Eflash_Loader/bflb_eflash_loader_cmds.o
 .text.bflb_eflash_loader_cmd_write_flash_with_decompress
                0x0000000022011a98      0x1b0 out/ChipTest/Eflash_Loader/bflb_eflash_loader_cmds.o
 .text.bflb_eflash_loader_cmd_xip_read_flash_start
                0x0000000022011c48       0x20 out/ChipTest/Eflash_Loader/bflb_eflash_loader_cmds.o
 .text.bflb_eflash_loader_cmd_init
                0x0000000022011c68        0xa out/ChipTest/Eflash_Loader/bflb_eflash_loader_cmds.o
                0x0000000022011c68                bflb_eflash_loader_cmd_init
 .text.bflb_eflash_loader_cmd_process
                0x0000000022011c72       0x5a out/ChipTest/Eflash_Loader/bflb_eflash_loader_cmds.o
                0x0000000022011c72                bflb_eflash_loader_cmd_process
 .text.bootrom_read_boot_mode
                0x0000000022011ccc       0x48 out/ChipTest/Eflash_Loader/bflb_eflash_loader_gpio.o
                0x0000000022011ccc                bootrom_read_boot_mode
 .text.bflb_eflash_loader_init_uart_gpio
                0x0000000022011d14       0x3c out/ChipTest/Eflash_Loader/bflb_eflash_loader_gpio.o
                0x0000000022011d14                bflb_eflash_loader_init_uart_gpio
 .text.bflb_eflash_loader_if_set
                0x0000000022011d50       0xc4 out/ChipTest/Eflash_Loader/bflb_eflash_loader_interface.o
                0x0000000022011d50                bflb_eflash_loader_if_set
 .text.bflb_eflash_loader_main
                0x0000000022011e14      0x14c out/ChipTest/Eflash_Loader/bflb_eflash_loader_interface.o
                0x0000000022011e14                bflb_eflash_loader_main
 .text.bflb_eflash_loader_jlink_init
                0x0000000022011f60        0x4 out/ChipTest/Eflash_Loader/bflb_eflash_loader_jlink.o
                0x0000000022011f60                bflb_eflash_loader_jlink_init
 .text.bflb_eflash_loader_jlink_handshake_poll
                0x0000000022011f64       0x6e out/ChipTest/Eflash_Loader/bflb_eflash_loader_jlink.o
                0x0000000022011f64                bflb_eflash_loader_jlink_handshake_poll
 .text.bflb_eflash_loader_jlink_recv
                0x0000000022011fd2       0x92 out/ChipTest/Eflash_Loader/bflb_eflash_loader_jlink.o
                0x0000000022011fd2                bflb_eflash_loader_jlink_recv
 .text.bflb_eflash_loader_jlink_send
                0x0000000022012064       0x44 out/ChipTest/Eflash_Loader/bflb_eflash_loader_jlink.o
                0x0000000022012064                bflb_eflash_loader_jlink_send
 .text.bflb_eflash_loader_jlink_wait_tx_idle
                0x00000000220120a8        0x4 out/ChipTest/Eflash_Loader/bflb_eflash_loader_jlink.o
                0x00000000220120a8                bflb_eflash_loader_jlink_wait_tx_idle
 .text.bflb_eflash_loader_jlink_deinit
                0x00000000220120ac        0x4 out/ChipTest/Eflash_Loader/bflb_eflash_loader_jlink.o
                0x00000000220120ac                bflb_eflash_loader_jlink_deinit
 .text.bflb_eflash_loader_usart_if_init
                0x00000000220120b0       0xb8 out/ChipTest/Eflash_Loader/bflb_eflash_loader_uart.o
 .text.uart_if_rto_cbf
                0x0000000022012168       0x4e out/ChipTest/Eflash_Loader/bflb_eflash_loader_uart.o
 .text.uart_if_rda_cbf
                0x00000000220121b6        0x2 out/ChipTest/Eflash_Loader/bflb_eflash_loader_uart.o
 .text.bflb_eflash_loader_usart_if_receive.isra.0
                0x00000000220121b8       0x9e out/ChipTest/Eflash_Loader/bflb_eflash_loader_uart.o
 .text.bflb_eflash_loader_uart_init
                0x0000000022012256       0x7e out/ChipTest/Eflash_Loader/bflb_eflash_loader_uart.o
                0x0000000022012256                bflb_eflash_loader_uart_init
 .text.bflb_eflash_loader_uart_handshake_poll
                0x00000000220122d4      0x12c out/ChipTest/Eflash_Loader/bflb_eflash_loader_uart.o
                0x00000000220122d4                bflb_eflash_loader_uart_handshake_poll
 .text.bflb_eflash_loader_uart_recv
                0x0000000022012400        0x8 out/ChipTest/Eflash_Loader/bflb_eflash_loader_uart.o
                0x0000000022012400                bflb_eflash_loader_uart_recv
 .text.bflb_eflash_loader_uart_send
                0x0000000022012408       0x16 out/ChipTest/Eflash_Loader/bflb_eflash_loader_uart.o
                0x0000000022012408                bflb_eflash_loader_uart_send
 .text.bflb_eflash_loader_usart_wait_tx_idle
                0x000000002201241e       0x10 out/ChipTest/Eflash_Loader/bflb_eflash_loader_uart.o
                0x000000002201241e                bflb_eflash_loader_usart_wait_tx_idle
 .text.bflb_eflash_loader_uart_deinit
                0x000000002201242e        0x4 out/ChipTest/Eflash_Loader/bflb_eflash_loader_uart.o
                0x000000002201242e                bflb_eflash_loader_uart_deinit
 .text.bflb_spi_flash_update_para
                0x0000000022012432       0x1a out/ChipTest/Eflash_Loader/bflb_spi_flash.o
                0x0000000022012432                bflb_spi_flash_update_para
 .text.bflb_spi_flash_xip_read_init
                0x000000002201244c       0x5e out/ChipTest/Eflash_Loader/bflb_spi_flash.o
                0x000000002201244c                bflb_spi_flash_xip_read_init
 .text.bflb_spi_flash_xip_read_exit
                0x00000000220124aa       0x26 out/ChipTest/Eflash_Loader/bflb_spi_flash.o
                0x00000000220124aa                bflb_spi_flash_xip_read_exit
 .text.bflb_spi_flash_set_io_mode
                0x00000000220124d0        0x6 out/ChipTest/Eflash_Loader/bflb_spi_flash.o
                0x00000000220124d0                bflb_spi_flash_set_io_mode
 .text.bflb_spi_flash_read_jedec_id
                0x00000000220124d6        0xa out/ChipTest/Eflash_Loader/bflb_spi_flash.o
                0x00000000220124d6                bflb_spi_flash_read_jedec_id
 .text.bflb_spi_flash_read_status_reg_with_cmd
                0x00000000220124e0        0xe out/ChipTest/Eflash_Loader/bflb_spi_flash.o
                0x00000000220124e0                bflb_spi_flash_read_status_reg_with_cmd
 .text.bflb_spi_flash_write_status_reg_with_cmd
                0x00000000220124ee       0x46 out/ChipTest/Eflash_Loader/bflb_spi_flash.o
                0x00000000220124ee                bflb_spi_flash_write_status_reg_with_cmd
 .text.bflb_spi_flash_erase
                0x0000000022012534       0x22 out/ChipTest/Eflash_Loader/bflb_spi_flash.o
                0x0000000022012534                bflb_spi_flash_erase
 .text.bflb_spi_flash_chiperase
                0x0000000022012556       0x1e out/ChipTest/Eflash_Loader/bflb_spi_flash.o
                0x0000000022012556                bflb_spi_flash_chiperase
 .text.bflb_spi_flash_program
                0x0000000022012574       0x26 out/ChipTest/Eflash_Loader/bflb_spi_flash.o
                0x0000000022012574                bflb_spi_flash_program
 .text.bflb_spi_flash_read_sahb
                0x000000002201259a       0x24 out/ChipTest/Eflash_Loader/bflb_spi_flash.o
                0x000000002201259a                bflb_spi_flash_read_sahb
 .text.bflb_spi_flash_read_xip
                0x00000000220125be       0x32 out/ChipTest/Eflash_Loader/bflb_spi_flash.o
                0x00000000220125be                bflb_spi_flash_read_xip
 .text.bflb_clear_flash_status_register
                0x00000000220125f0       0x66 out/ChipTest/Eflash_Loader/bflb_spi_flash.o
                0x00000000220125f0                bflb_clear_flash_status_register
 .text.bflb_spi_flash_init
                0x0000000022012656       0xba out/ChipTest/Eflash_Loader/bflb_spi_flash.o
                0x0000000022012656                bflb_spi_flash_init
 .text.bflb_efuse_write
                0x0000000022012710       0x56 out/ChipTest/Eflash_Loader/bflb_efuse.o
                0x0000000022012710                bflb_efuse_write
 .text.bflb_efuse_read
                0x0000000022012766       0x2c out/ChipTest/Eflash_Loader/bflb_efuse.o
                0x0000000022012766                bflb_efuse_read
 .text.bflb_set_high_speed_system_clock
                0x0000000022012792        0x6 out/ChipTest/Eflash_Loader/bflb_set_clock.o
                0x0000000022012792                bflb_set_high_speed_system_clock
 .text.bflb_set_high_speed_flash_clock
                0x0000000022012798        0xa out/ChipTest/Eflash_Loader/bflb_set_clock.o
                0x0000000022012798                bflb_set_high_speed_flash_clock
 .text.bflb_set_low_speed_flash_clock
                0x00000000220127a2        0xa out/ChipTest/Eflash_Loader/bflb_set_clock.o
                0x00000000220127a2                bflb_set_low_speed_flash_clock
 .text.bflb_set_flash_clock_div
                0x00000000220127ac        0xa out/ChipTest/Eflash_Loader/bflb_set_clock.o
                0x00000000220127ac                bflb_set_flash_clock_div
 .text.memcpy   0x00000000220127b6       0x18 out/BSP_Common/libc/memcpy.o
                0x00000000220127b6                memcpy
 .text.memset   0x00000000220127ce       0x18 out/BSP_Common/libc/memset.o
                0x00000000220127ce                memset
 .text.memcmp   0x00000000220127e6       0x1e out/BSP_Common/libc/memcmp.o
                0x00000000220127e6                memcmp
 .text.vsnprintf
                0x0000000022012804      0xad8 out/BSP_Common/libc/vsnprintf.o
                0x0000000022012804                vsnprintf
 .text.strlen   0x00000000220132dc       0x1a out/BSP_Common/libc/strlen.o
                0x00000000220132dc                strlen
 .text.xz_crc32_init
                0x00000000220132f6        0x2 out/BSP_Common/xz/xz_crc32.o
                0x00000000220132f6                xz_crc32_init
 .text.xz_crc32
                0x00000000220132f8       0x34 out/BSP_Common/xz/xz_crc32.o
                0x00000000220132f8                xz_crc32
 .text.lzma_len
                0x000000002201332c      0x17c out/BSP_Common/xz/xz_dec_lzma2.o
 .text.dict_repeat.part.1
                0x00000000220134a8       0x66 out/BSP_Common/xz/xz_dec_lzma2.o
 .text.lzma_main
                0x000000002201350e      0x752 out/BSP_Common/xz/xz_dec_lzma2.o
 .text.xz_dec_lzma2_run
                0x0000000022013c60      0x5ca out/BSP_Common/xz/xz_dec_lzma2.o
                0x0000000022013c60                xz_dec_lzma2_run
 .text.xz_dec_lzma2_create
                0x000000002201422a       0x68 out/BSP_Common/xz/xz_dec_lzma2.o
                0x000000002201422a                xz_dec_lzma2_create
 .text.xz_dec_lzma2_reset
                0x0000000022014292       0x78 out/BSP_Common/xz/xz_dec_lzma2.o
                0x0000000022014292                xz_dec_lzma2_reset
 .text.xz_dec_lzma2_end
                0x000000002201430a       0x2c out/BSP_Common/xz/xz_dec_lzma2.o
                0x000000002201430a                xz_dec_lzma2_end
 .text.fill_temp
                0x0000000022014336       0x72 out/BSP_Common/xz/xz_dec_stream.o
 .text.dec_vli.isra.0
                0x00000000220143a8       0x98 out/BSP_Common/xz/xz_dec_stream.o
 .text.index_update.isra.2
                0x0000000022014440       0x36 out/BSP_Common/xz/xz_dec_stream.o
 .text.xz_dec_reset
                0x0000000022014476       0x46 out/BSP_Common/xz/xz_dec_stream.o
                0x0000000022014476                xz_dec_reset
 .text.xz_dec_run
                0x00000000220144bc      0x796 out/BSP_Common/xz/xz_dec_stream.o
                0x00000000220144bc                xz_dec_run
 .text.xz_dec_init
                0x0000000022014c52       0x46 out/BSP_Common/xz/xz_dec_stream.o
                0x0000000022014c52                xz_dec_init
 .text.xz_dec_end
                0x0000000022014c98       0x1e out/BSP_Common/xz/xz_dec_stream.o
                0x0000000022014c98                xz_dec_end
 .text.simple_malloc_init
                0x0000000022014cb6        0xa out/BSP_Common/xz/xz_port.o
                0x0000000022014cb6                simple_malloc_init
 .text.simple_malloc
                0x0000000022014cc0       0x46 out/BSP_Common/xz/xz_port.o
                0x0000000022014cc0                simple_malloc
 .text.simple_free
                0x0000000022014d06        0xe out/BSP_Common/xz/xz_port.o
                0x0000000022014d06                simple_free
 .text.SystemInit
                0x0000000022014d14       0xac out/startup/system_bl602.o
                0x0000000022014d14                SystemInit
 .text.start_load
                0x0000000022014dc0      0x126 out/startup/GCC/start_load.o
                0x0000000022014dc0                start_load
 .text.Interrupt_Handler_Stub
                0x0000000022014ee6       0x9a out/startup/interrupt.o
                0x0000000022014ee6                SDIO_IRQHandler_Wrapper
                0x0000000022014ee6                TIMER_WDT_IRQHandler_Wrapper
                0x0000000022014ee6                GPIO_INT0_IRQHandler_Wrapper
                0x0000000022014ee6                SEC_PKA_IRQHandler_Wrapper
                0x0000000022014ee6                SEC_TRNG_IRQHandler_Wrapper
                0x0000000022014ee6                MAC_GEN_IRQHandler_Wrapper
                0x0000000022014ee6                DMA_BMX_ERR_IRQHandler_Wrapper
                0x0000000022014ee6                EFUSE_IRQHandler_Wrapper
                0x0000000022014ee6                WIFI_IRQHandler_Wrapper
                0x0000000022014ee6                SEC_CDET_IRQHandler_Wrapper
                0x0000000022014ee6                SEC_AES_IRQHandler_Wrapper
                0x0000000022014ee6                PWM_IRQHandler_Wrapper
                0x0000000022014ee6                RF_TOP_INT1_IRQHandler_Wrapper
                0x0000000022014ee6                HBN_OUT0_IRQHandler_Wrapper
                0x0000000022014ee6                SF_CTRL_IRQHandler_Wrapper
                0x0000000022014ee6                TIMER_CH0_IRQHandler_Wrapper
                0x0000000022014ee6                clic_mext_handler_Wrapper
                0x0000000022014ee6                MAC_TXRX_TIMER_IRQHandler_Wrapper
                0x0000000022014ee6                Interrupt_Handler_Stub
                0x0000000022014ee6                clic_csoft_handler_Wrapper
                0x0000000022014ee6                I2C_IRQHandler_Wrapper
                0x0000000022014ee6                SPI_IRQHandler_Wrapper
                0x0000000022014ee6                MAC_PORT_TRG_IRQHandler_Wrapper
                0x0000000022014ee6                PDS_WAKEUP_IRQHandler_Wrapper
                0x0000000022014ee6                clic_mtimer_handler_Wrapper
                0x0000000022014ee6                L1C_BMX_ERR_IRQHandler_Wrapper
                0x0000000022014ee6                SEC_BMX_ERR_IRQHandler_Wrapper
                0x0000000022014ee6                MAC_RX_TRG_IRQHandler_Wrapper
                0x0000000022014ee6                MAC_TX_TRG_IRQHandler_Wrapper
                0x0000000022014ee6                HBN_OUT1_IRQHandler_Wrapper
                0x0000000022014ee6                SEC_GMAC_IRQHandler_Wrapper
                0x0000000022014ee6                clic_msip_handler_Wrapper
                0x0000000022014ee6                UART1_IRQHandler_Wrapper
                0x0000000022014ee6                GPADC_DMA_IRQHandler_Wrapper
                0x0000000022014ee6                MAC_TXRX_MISC_IRQHandler_Wrapper
                0x0000000022014ee6                DMA_ALL_IRQHandler_Wrapper
                0x0000000022014ee6                BLE_IRQHandler_Wrapper
                0x0000000022014ee6                SEC_SHA_IRQHandler_Wrapper
                0x0000000022014ee6                IRRX_IRQHandler_Wrapper
                0x0000000022014ee6                BMX_TO_IRQHandler_Wrapper
                0x0000000022014ee6                TIMER_CH1_IRQHandler_Wrapper
                0x0000000022014ee6                UART0_IRQHandler_Wrapper
                0x0000000022014ee6                BMX_ERR_IRQHandler_Wrapper
                0x0000000022014ee6                WIFI_IPC_PUBLIC_IRQHandler_Wrapper
                0x0000000022014ee6                L1C_BMX_TO_IRQHandler_Wrapper
                0x0000000022014ee6                BZ_PHY_IRQHandler_Wrapper
                0x0000000022014ee6                RF_TOP_INT0_IRQHandler_Wrapper
                0x0000000022014ee6                IRTX_IRQHandler_Wrapper
                0x0000000022014ee6                BOR_IRQHandler_Wrapper
 *fill*         0x0000000022014f80        0x0 
 .text.Trap_Handler_Stub
                0x0000000022014f80       0xbc out/startup/interrupt.o
                0x0000000022014f80                Trap_Handler_Stub
 .text.clic_enable_interrupt
                0x000000002201503c       0x12 out/startup/interrupt.o
                0x000000002201503c                clic_enable_interrupt
 .text.clic_disable_interrupt
                0x000000002201504e       0x10 out/startup/interrupt.o
                0x000000002201504e                clic_disable_interrupt
 .text.Trap_Handler
                0x000000002201505e      0x126 out/BSP_Driver/BL602_BSP_Driver/StdDriver/bl602_common.o
                0x000000002201505e                Trap_Handler
 .text.Interrupt_Handler_Register
                0x0000000022015184       0x18 out/BSP_Driver/BL602_BSP_Driver/StdDriver/bl602_common.o
                0x0000000022015184                Interrupt_Handler_Register
 .text.Interrupt_Handler
                0x000000002201519c       0x9e out/BSP_Driver/BL602_BSP_Driver/StdDriver/bl602_common.o
                0x000000002201519c                Interrupt_Handler
 .text.UART_IntHandler
                0x000000002201523a      0x172 out/BSP_Driver/BL602_BSP_Driver/StdDriver/bl602_uart.o
 .text.UART0_IRQHandler
                0x00000000220153ac        0x4 out/BSP_Driver/BL602_BSP_Driver/StdDriver/bl602_uart.o
                0x00000000220153ac                UART0_IRQHandler
 .text.UART1_IRQHandler
                0x00000000220153b0        0x4 out/BSP_Driver/BL602_BSP_Driver/StdDriver/bl602_uart.o
                0x00000000220153b0                UART1_IRQHandler
 .text.UART_Init
                0x00000000220153b4      0x11e out/BSP_Driver/BL602_BSP_Driver/StdDriver/bl602_uart.o
                0x00000000220153b4                UART_Init
 .text.UART_FifoConfig
                0x00000000220154d2       0x6a out/BSP_Driver/BL602_BSP_Driver/StdDriver/bl602_uart.o
                0x00000000220154d2                UART_FifoConfig
 .text.UART_Enable
                0x000000002201553c       0x34 out/BSP_Driver/BL602_BSP_Driver/StdDriver/bl602_uart.o
                0x000000002201553c                UART_Enable
 .text.UART_Disable
                0x0000000022015570       0x30 out/BSP_Driver/BL602_BSP_Driver/StdDriver/bl602_uart.o
                0x0000000022015570                UART_Disable
 .text.UART_SetRxTimeoutValue
                0x00000000220155a0       0x1e out/BSP_Driver/BL602_BSP_Driver/StdDriver/bl602_uart.o
                0x00000000220155a0                UART_SetRxTimeoutValue
 .text.UART_TxFreeRun
                0x00000000220155be       0x28 out/BSP_Driver/BL602_BSP_Driver/StdDriver/bl602_uart.o
                0x00000000220155be                UART_TxFreeRun
 .text.UART_AutoBaudDetection
                0x00000000220155e6       0x28 out/BSP_Driver/BL602_BSP_Driver/StdDriver/bl602_uart.o
                0x00000000220155e6                UART_AutoBaudDetection
 .text.UART_IntMask
                0x000000002201560e       0x48 out/BSP_Driver/BL602_BSP_Driver/StdDriver/bl602_uart.o
                0x000000002201560e                UART_IntMask
 .text.UART_IntClear
                0x0000000022015656       0x2e out/BSP_Driver/BL602_BSP_Driver/StdDriver/bl602_uart.o
                0x0000000022015656                UART_IntClear
 .text.UART_Int_Callback_Install
                0x0000000022015684       0x16 out/BSP_Driver/BL602_BSP_Driver/StdDriver/bl602_uart.o
                0x0000000022015684                UART_Int_Callback_Install
 .text.UART_SendData
                0x000000002201569a       0x50 out/BSP_Driver/BL602_BSP_Driver/StdDriver/bl602_uart.o
                0x000000002201569a                UART_SendData
 .text.UART_ReceiveData
                0x00000000220156ea       0x4e out/BSP_Driver/BL602_BSP_Driver/StdDriver/bl602_uart.o
                0x00000000220156ea                UART_ReceiveData
 .text.UART_GetAutoBaudCount
                0x0000000022015738       0x18 out/BSP_Driver/BL602_BSP_Driver/StdDriver/bl602_uart.o
                0x0000000022015738                UART_GetAutoBaudCount
 .text.UART_GetIntStatus
                0x0000000022015750       0x2e out/BSP_Driver/BL602_BSP_Driver/StdDriver/bl602_uart.o
                0x0000000022015750                UART_GetIntStatus
 .text.UART_GetTxBusBusyStatus
                0x000000002201577e       0x14 out/BSP_Driver/BL602_BSP_Driver/StdDriver/bl602_uart.o
                0x000000002201577e                UART_GetTxBusBusyStatus
 .text.GLB_Set_UART_CLK
                0x0000000022015792       0x3e out/BSP_Driver/BL602_BSP_Driver/StdDriver/bl602_glb.o
                0x0000000022015792                GLB_Set_UART_CLK
 .text.GLB_AHB_Slave1_Reset
                0x00000000220157d0       0x34 out/BSP_Driver/BL602_BSP_Driver/StdDriver/bl602_glb.o
                0x00000000220157d0                GLB_AHB_Slave1_Reset
 .text.GLB_UART_Sig_Swap_Set
                0x0000000022015804       0x1c out/BSP_Driver/BL602_BSP_Driver/StdDriver/bl602_glb.o
                0x0000000022015804                GLB_UART_Sig_Swap_Set
 .text.GLB_Set_MTimer_CLK
                0x0000000022015820       0x4a out/BSP_Driver/BL602_BSP_Driver/StdDriver/bl602_glb.o
                0x0000000022015820                GLB_Set_MTimer_CLK
 .text.GLB_UART_Fun_Sel
                0x000000002201586a       0x24 out/BSP_Driver/BL602_BSP_Driver/StdDriver/bl602_glb.o
                0x000000002201586a                GLB_UART_Fun_Sel
 .text.GLB_GPIO_Read
                0x000000002201588e       0x20 out/BSP_Driver/BL602_BSP_Driver/StdDriver/bl602_glb.o
                0x000000002201588e                GLB_GPIO_Read
 .text.EF_Ctrl_Read_MAC_Address
                0x00000000220158ae       0xb6 out/BSP_Driver/BL602_BSP_Driver/StdDriver/bl602_ef_ctrl.o
                0x00000000220158ae                EF_Ctrl_Read_MAC_Address
 .text.EF_Ctrl_Program_Direct_R0
                0x0000000022015964       0x38 out/BSP_Driver/BL602_BSP_Driver/StdDriver/bl602_ef_ctrl.o
                0x0000000022015964                EF_Ctrl_Program_Direct_R0
 .text.EF_Ctrl_Read_Direct_R0
                0x000000002201599c       0x2e out/BSP_Driver/BL602_BSP_Driver/StdDriver/bl602_ef_ctrl.o
                0x000000002201599c                EF_Ctrl_Read_Direct_R0
 .text.HBN_Set_UART_CLK_Sel
                0x00000000220159ca       0x14 out/BSP_Driver/BL602_BSP_Driver/StdDriver/bl602_hbn.o
                0x00000000220159ca                HBN_Set_UART_CLK_Sel
 .text.HBN_Set_BOR_Cfg
                0x00000000220159de       0x5c out/BSP_Driver/BL602_BSP_Driver/StdDriver/bl602_hbn.o
                0x00000000220159de                HBN_Set_BOR_Cfg
 .text.SEC_TRNG_IRQHandler
                0x0000000022015a3a       0x26 out/BSP_Driver/BL602_BSP_Driver/StdDriver/bl602_sec_eng.o
                0x0000000022015a3a                SEC_TRNG_IRQHandler
 .text.SEC_SHA_IRQHandler
                0x0000000022015a60       0x22 out/BSP_Driver/BL602_BSP_Driver/StdDriver/bl602_sec_eng.o
                0x0000000022015a60                SEC_SHA_IRQHandler
 .text.Sec_Eng_SHA256_Update.part.0
                0x0000000022015a82      0x17a out/BSP_Driver/BL602_BSP_Driver/StdDriver/bl602_sec_eng.o
 .text.Sec_Eng_SHA256_Init
                0x0000000022015bfc       0x60 out/BSP_Driver/BL602_BSP_Driver/StdDriver/bl602_sec_eng.o
                0x0000000022015bfc                Sec_Eng_SHA256_Init
 .text.Sec_Eng_SHA_Start
                0x0000000022015c5c       0x12 out/BSP_Driver/BL602_BSP_Driver/StdDriver/bl602_sec_eng.o
                0x0000000022015c5c                Sec_Eng_SHA_Start
 .text.Sec_Eng_SHA256_Update
                0x0000000022015c6e        0xe out/BSP_Driver/BL602_BSP_Driver/StdDriver/bl602_sec_eng.o
                0x0000000022015c6e                Sec_Eng_SHA256_Update
 .text.Sec_Eng_SHA256_Finish
                0x0000000022015c7c      0x22a out/BSP_Driver/BL602_BSP_Driver/StdDriver/bl602_sec_eng.o
                0x0000000022015c7c                Sec_Eng_SHA256_Finish
 .text.Sec_Eng_Trng_Enable
                0x0000000022015ea6       0x6a out/BSP_Driver/BL602_BSP_Driver/StdDriver/bl602_sec_eng.o
                0x0000000022015ea6                Sec_Eng_Trng_Enable
 .text.bflb_platform_uart_dbg_init
                0x0000000022015f10       0x8e out/BSP_Driver/BL602_BSP_Driver/platform_print/platform_device.o
                0x0000000022015f10                bflb_platform_uart_dbg_init
 .text.bflb_platform_get_log
                0x0000000022015f9e       0x2c out/BSP_Driver/BL602_BSP_Driver/platform_print/platform_device.o
                0x0000000022015f9e                bflb_platform_get_log
 .text.bflb_platform_usart_dbg_send
                0x0000000022015fca       0x52 out/BSP_Driver/BL602_BSP_Driver/platform_print/platform_device.o
                0x0000000022015fca                bflb_platform_usart_dbg_send
 .text.bflb_platform_printf
                0x000000002201601c       0x58 out/BSP_Driver/BL602_BSP_Driver/platform_print/platform_device.o
                0x000000002201601c                bflb_platform_printf
 .text.bflb_platform_clear_time
                0x0000000022016074       0x12 out/BSP_Driver/BL602_BSP_Driver/platform_print/platform_device.o
                0x0000000022016074                bflb_platform_clear_time
 .text.bflb_platform_get_time_ms
                0x0000000022016086       0x88 out/BSP_Driver/BL602_BSP_Driver/platform_print/platform_device.o
                0x0000000022016086                bflb_platform_get_time_ms
 .text.bflb_platform_init_time
                0x000000002201610e       0x2a out/BSP_Driver/BL602_BSP_Driver/platform_print/platform_device.o
                0x000000002201610e                bflb_platform_init_time
 .text.bflb_platform_delay_ms
                0x0000000022016138       0x64 out/BSP_Driver/BL602_BSP_Driver/platform_print/platform_device.o
                0x0000000022016138                bflb_platform_delay_ms
 .text.bflb_platform_init
                0x000000002201619c       0x5e out/BSP_Driver/BL602_BSP_Driver/platform_print/platform_device.o
                0x000000002201619c                bflb_platform_init
 .text.bflb_platform_init_uart_debug_gpio
                0x00000000220161fa       0x2e out/BSP_Driver/BL602_BSP_Driver/platform_print/platform_gpio.o
                0x00000000220161fa                bflb_platform_init_uart_debug_gpio
 *(.rodata)
 *fill*         0x0000000022016228        0x0 
 .rodata        0x0000000022016228       0x10 out/BSP_Driver/BL602_BSP_Driver/platform_print/platform_device.o
 .rodata        0x0000000022016238      0x100 /mnt/d/workspace/tools/toolchain/riscv64-elf-x86_64-20200720/bin/../lib/gcc/riscv64-unknown-elf/8.1.0/rv32imafc/ilp32f/libgcc.a(_clz.o)
                0x0000000022016238                __clz_tab
 *(.rodata.*)
 .rodata.main.str1.4
                0x0000000022016338       0xe6 out/ChipTest/Eflash_Loader/main.o
                                         0xea (size before relaxing)
 *fill*         0x000000002201641e        0x2 
 .rodata.bflb_eflash_loader_cmd_erase_flash.str1.4
                0x0000000022016420        0x3 out/ChipTest/Eflash_Loader/bflb_eflash_loader_cmds.o
 *fill*         0x0000000022016423        0x1 
 .rodata.bflb_eflash_loader_cmd_flash_chip_erase.str1.4
                0x0000000022016424        0x4 out/ChipTest/Eflash_Loader/bflb_eflash_loader_cmds.o
                                          0xa (size before relaxing)
 .rodata.bflb_eflash_loader_cmd_readSha_flash.str1.4
                0x0000000022016428        0x6 out/ChipTest/Eflash_Loader/bflb_eflash_loader_cmds.o
 *fill*         0x000000002201642e        0x2 
 .rodata.bflb_eflash_loader_cmd_read_efuse.str1.4
                0x0000000022016430        0x3 out/ChipTest/Eflash_Loader/bflb_eflash_loader_cmds.o
 *fill*         0x0000000022016433        0x1 
 .rodata.bflb_eflash_loader_cmd_read_jedec_id.str1.4
                0x0000000022016434        0x5 out/ChipTest/Eflash_Loader/bflb_eflash_loader_cmds.o
 *fill*         0x0000000022016439        0x3 
 .rodata.bflb_eflash_loader_cmd_read_log.str1.4
                0x000000002201643c        0x4 out/ChipTest/Eflash_Loader/bflb_eflash_loader_cmds.o
 .rodata.bflb_eflash_loader_cmd_read_mac_addr.str1.4
                0x0000000022016440        0x5 out/ChipTest/Eflash_Loader/bflb_eflash_loader_cmds.o
 *fill*         0x0000000022016445        0x3 
 .rodata.bflb_eflash_loader_cmd_read_mem.str1.4
                0x0000000022016448        0x4 out/ChipTest/Eflash_Loader/bflb_eflash_loader_cmds.o
 .rodata.bflb_eflash_loader_cmd_read_status_register.str1.4
                0x000000002201644c        0x5 out/ChipTest/Eflash_Loader/bflb_eflash_loader_cmds.o
 *fill*         0x0000000022016451        0x3 
 .rodata.bflb_eflash_loader_cmd_reset.str1.4
                0x0000000022016454        0x5 out/ChipTest/Eflash_Loader/bflb_eflash_loader_cmds.o
 *fill*         0x0000000022016459        0x3 
 .rodata.bflb_eflash_loader_cmd_set_flash_para.str1.4
                0x000000002201645c        0x9 out/ChipTest/Eflash_Loader/bflb_eflash_loader_cmds.o
 *fill*         0x0000000022016465        0x3 
 .rodata.bflb_eflash_loader_cmd_write_efuse.str1.4
                0x0000000022016468        0x3 out/ChipTest/Eflash_Loader/bflb_eflash_loader_cmds.o
 *fill*         0x000000002201646b        0x1 
 .rodata.bflb_eflash_loader_cmd_write_flash_check.str1.4
                0x000000002201646c        0x4 out/ChipTest/Eflash_Loader/bflb_eflash_loader_cmds.o
 .rodata.bflb_eflash_loader_cmd_write_flash_with_decompress.str1.4
                0x0000000022016470        0xd out/ChipTest/Eflash_Loader/bflb_eflash_loader_cmds.o
 *fill*         0x000000002201647d        0x3 
 .rodata.bflb_eflash_loader_cmd_write_mem.str1.4
                0x0000000022016480        0x4 out/ChipTest/Eflash_Loader/bflb_eflash_loader_cmds.o
 .rodata.bflb_eflash_loader_cmd_write_status_register.str1.4
                0x0000000022016484        0x5 out/ChipTest/Eflash_Loader/bflb_eflash_loader_cmds.o
 *fill*         0x0000000022016489        0x3 
 .rodata.bflb_eflash_loader_cmd_xip_readSha_flash.str1.4
                0x000000002201648c        0x7 out/ChipTest/Eflash_Loader/bflb_eflash_loader_cmds.o
                                          0xb (size before relaxing)
 *fill*         0x0000000022016493        0x1 
 .rodata.bflb_eflash_loader_cmd_xip_read_flash.str1.4
                0x0000000022016494        0x4 out/ChipTest/Eflash_Loader/bflb_eflash_loader_cmds.o
 .rodata.bflb_eflash_loader_cmd_xip_read_flash_finish.str1.4
                0x0000000022016498        0x6 out/ChipTest/Eflash_Loader/bflb_eflash_loader_cmds.o
 *fill*         0x000000002201649e        0x2 
 .rodata.bflb_eflash_loader_cmd_xip_read_flash_start.str1.4
                0x00000000220164a0        0x5 out/ChipTest/Eflash_Loader/bflb_eflash_loader_cmds.o
 *fill*         0x00000000220164a5        0x3 
 .rodata.eflash_loader_cmds
                0x00000000220164a8       0xb0 out/ChipTest/Eflash_Loader/bflb_eflash_loader_cmds.o
 .rodata.bflb_eflash_loader_main.str1.4
                0x0000000022016558       0x2e out/ChipTest/Eflash_Loader/bflb_eflash_loader_interface.o
 .rodata.eflash_loader_dump_data.str1.4
                0x0000000022016586       0x2e out/ChipTest/Eflash_Loader/bflb_eflash_loader_interface.o
                                          0x2 (size before relaxing)
 *fill*         0x0000000022016586        0x2 
 .rodata.bflb_eflash_loader_jlink_handshake_poll.str1.4
                0x0000000022016588        0x7 out/ChipTest/Eflash_Loader/bflb_eflash_loader_jlink.o
 *fill*         0x000000002201658f        0x1 
 .rodata.bflb_eflash_loader_uart_handshake_poll.str1.4
                0x0000000022016590       0x10 out/ChipTest/Eflash_Loader/bflb_eflash_loader_uart.o
                                         0x14 (size before relaxing)
 .rodata.bflb_spi_flash_init.str1.4
                0x00000000220165a0       0x29 out/ChipTest/Eflash_Loader/bflb_spi_flash.o
 *fill*         0x00000000220165c9        0x3 
 .rodata.bflb_spi_flash_xip_read_init.str1.4
                0x00000000220165cc        0xa out/ChipTest/Eflash_Loader/bflb_spi_flash.o
 *fill*         0x00000000220165d6        0x2 
 .rodata.lcdigits.1559
                0x00000000220165d8       0x11 out/BSP_Common/libc/vsnprintf.o
 *fill*         0x00000000220165e9        0x3 
 .rodata.ucdigits.1560
                0x00000000220165ec       0x11 out/BSP_Common/libc/vsnprintf.o
 *fill*         0x00000000220165fd        0x3 
 .rodata.vsnprintf.str1.4
                0x0000000022016600        0x7 out/BSP_Common/libc/vsnprintf.o
 *fill*         0x0000000022016607        0x1 
 .rodata.crc32Tab
                0x0000000022016608      0x400 out/BSP_Common/soft_crc/softcrc.o
                0x0000000022016608                crc32Tab
 .rodata.xz_dec_run.str1.4
                0x0000000022016a08        0xb out/BSP_Common/xz/xz_dec_stream.o
 *fill*         0x0000000022016a13        0x1 
 .rodata.simple_free.str1.4
                0x0000000022016a14       0x13 out/BSP_Common/xz/xz_port.o
 *fill*         0x0000000022016a27        0x1 
 .rodata.simple_malloc.str1.4
                0x0000000022016a28       0x13 out/BSP_Common/xz/xz_port.o
 *fill*         0x0000000022016a3b        0x1 
 .rodata.Interrupt_Handler.str1.4
                0x0000000022016a3c       0x8a out/BSP_Driver/BL602_BSP_Driver/StdDriver/bl602_common.o
 *fill*         0x0000000022016ac6        0x2 
 .rodata.Trap_Handler.str1.4
                0x0000000022016ac8      0x13b out/BSP_Driver/BL602_BSP_Driver/StdDriver/bl602_common.o
 *fill*         0x0000000022016c03        0x1 
 .rodata.uartAddr
                0x0000000022016c04        0x8 out/BSP_Driver/BL602_BSP_Driver/StdDriver/bl602_uart.o
 .rodata.str1.4
                0x0000000022016c0c        0x5 out/BSP_Driver/BL602_BSP_Driver/StdDriver/bl602_sf_cfg_ext.o
 *fill*         0x0000000022016c11        0x3 
 .rodata.bflb_platform_init.str1.4
                0x0000000022016c14       0x14 out/BSP_Driver/BL602_BSP_Driver/platform_print/platform_device.o
                                         0x13 (size before relaxing)
 *(.srodata)
 .srodata       0x0000000022016c28        0x4 out/startup/system_bl602.o
 .srodata       0x0000000022016c2c        0x4 out/BSP_Driver/BL602_BSP_Driver/platform_print/platform_device.o
 *(.srodata.*)
 *(.tcm_code)
 .tcm_code      0x0000000022016c30      0x550 out/BSP_Driver/BL602_BSP_Driver/StdDriver/bl602_romapi.o
                0x0000000022016c30                AON_Power_On_BG
                0x0000000022016c3a                AON_Power_Off_BG
                0x0000000022016c44                AON_Power_On_LDO11_SOC
                0x0000000022016c4e                AON_Power_Off_LDO11_SOC
                0x0000000022016c58                AON_Power_On_LDO15_RF
                0x0000000022016c62                AON_Power_Off_LDO15_RF
                0x0000000022016c6c                AON_Power_On_SFReg
                0x0000000022016c76                AON_Power_Off_SFReg
                0x0000000022016c80                AON_LowPower_Enter_PDS0
                0x0000000022016c8a                AON_LowPower_Exit_PDS0
                0x0000000022016c94                ASM_Delay_Us
                0x0000000022016c9e                BL602_Delay_US
                0x0000000022016ca8                BL602_Delay_MS
                0x0000000022016cb2                BL602_MemCpy
                0x0000000022016cbc                BL602_MemCpy4
                0x0000000022016cc6                BL602_MemCpy_Fast
                0x0000000022016cd0                BL602_MemSet
                0x0000000022016cda                BL602_MemSet4
                0x0000000022016ce4                BL602_MemCmp
                0x0000000022016cee                EF_Ctrl_Sw_AHB_Clk_0
                0x0000000022016cf8                EF_Ctrl_Program_Efuse_0
                0x0000000022016d02                EF_Ctrl_Load_Efuse_R0
                0x0000000022016d0c                EF_Ctrl_Busy
                0x0000000022016d16                EF_Ctrl_AutoLoad_Done
                0x0000000022016d20                EF_Ctrl_Clear
                0x0000000022016d2a                GLB_SW_System_Reset
                0x0000000022016d34                GLB_SW_CPU_Reset
                0x0000000022016d3e                GLB_SW_POR_Reset
                0x0000000022016d48                GLB_Select_Internal_Flash
                0x0000000022016d52                GLB_Select_External_Flash
                0x0000000022016d5c                GLB_Deswap_Flash_Pin
                0x0000000022016d66                GLB_Swap_Flash_Pin
                0x0000000022016d70                GLB_GPIO_Init
                0x0000000022016d7a                GLB_GPIO_OUTPUT_Enable
                0x0000000022016d84                GLB_GPIO_OUTPUT_Disable
                0x0000000022016d8e                GLB_GPIO_Set_HZ
                0x0000000022016d98                GLB_GPIO_Get_Fun
                0x0000000022016da2                HBN_Power_Down_Flash
                0x0000000022016dac                HBN_Enable
                0x0000000022016db6                HBN_Reset
                0x0000000022016dc0                HBN_Set_Ldo11_Aon_Vout
                0x0000000022016dca                HBN_Set_Ldo11_Rt_Vout
                0x0000000022016dd4                HBN_Set_Ldo11_Soc_Vout
                0x0000000022016dde                HBN_Hw_Pu_Pd_Cfg
                0x0000000022016de8                HBN_Pin_WakeUp_Mask
                0x0000000022016df2                HBN_GPIO7_Dbg_Pull_Cfg
                0x0000000022016dfc                HBN_Set_Embedded_Flash_Pullup
                0x0000000022016e06                L1C_Set_Wrap
                0x0000000022016e10                L1C_Set_Way_Disable
                0x0000000022016e1a                L1C_IROM_2T_Access_Set
                0x0000000022016e24                PDS_Reset
                0x0000000022016e2e                PDS_Enable
                0x0000000022016e38                PDS_Force_Config
                0x0000000022016e42                PDS_RAM_Config
                0x0000000022016e4c                PDS_Default_Level_Config
                0x0000000022016e56                SEC_Eng_Turn_On_Sec_Ring
                0x0000000022016e60                SEC_Eng_Turn_Off_Sec_Ring
                0x0000000022016e6a                SFlash_Init
                0x0000000022016e74                SFlash_SetSPIMode
                0x0000000022016e7e                SFlash_Read_Reg
                0x0000000022016e88                SFlash_Write_Reg
                0x0000000022016e92                SFlash_Busy
                0x0000000022016e9c                SFlash_Write_Enable
                0x0000000022016ea6                SFlash_Qspi_Enable
                0x0000000022016eb0                SFlash_Volatile_Reg_Write_Enable
                0x0000000022016eba                SFlash_Chip_Erase
                0x0000000022016ec4                SFlash_Sector_Erase
                0x0000000022016ece                SFlash_Blk32_Erase
                0x0000000022016ed8                SFlash_Blk64_Erase
                0x0000000022016ee2                SFlash_Erase
                0x0000000022016eec                SFlash_Program
                0x0000000022016ef6                SFlash_GetUniqueId
                0x0000000022016f00                SFlash_GetJedecId
                0x0000000022016f0a                SFlash_GetDeviceId
                0x0000000022016f14                SFlash_Powerdown
                0x0000000022016f1e                SFlash_Releae_Powerdown
                0x0000000022016f28                SFlash_SetBurstWrap
                0x0000000022016f32                SFlash_DisableBurstWrap
                0x0000000022016f3c                SFlash_Software_Reset
                0x0000000022016f46                SFlash_Reset_Continue_Read
                0x0000000022016f50                SFlash_Set_IDbus_Cfg
                0x0000000022016f5a                SFlash_IDbus_Read_Enable
                0x0000000022016f64                SFlash_Cache_Enable_Set
                0x0000000022016f6e                SFlash_Cache_Flush
                0x0000000022016f78                SFlash_Cache_Read_Enable
                0x0000000022016f82                SFlash_Cache_Hit_Count_Get
                0x0000000022016f8c                SFlash_Cache_Miss_Count_Get
                0x0000000022016f96                SFlash_Cache_Read_Disable
                0x0000000022016fa0                SFlash_Read
                0x0000000022016faa                SFlash_Read_Reg_With_Cmd
                0x0000000022016fb4                SFlash_Write_Reg_With_Cmd
                0x0000000022016fbe                SF_Cfg_Init_Ext_Flash_Gpio
                0x0000000022016fc8                SF_Cfg_Init_Internal_Flash_Gpio
                0x0000000022016fd2                SF_Cfg_Deinit_Ext_Flash_Gpio
                0x0000000022016fdc                SF_Cfg_Restore_GPIO17_Fun
                0x0000000022016fe6                SF_Cfg_Get_Flash_Cfg_Need_Lock
                0x0000000022016ff0                SF_Cfg_Init_Flash_Gpio
                0x0000000022016ffa                SF_Cfg_Flash_Identify
                0x0000000022017004                SF_Ctrl_Enable
                0x000000002201700e                SF_Ctrl_Select_Pad
                0x0000000022017018                SF_Ctrl_Set_Owner
                0x0000000022017022                SF_Ctrl_Disable
                0x000000002201702c                SF_Ctrl_AES_Enable_BE
                0x0000000022017036                SF_Ctrl_AES_Enable_LE
                0x0000000022017040                SF_Ctrl_AES_Set_Region
                0x000000002201704a                SF_Ctrl_AES_Set_Key
                0x0000000022017054                SF_Ctrl_AES_Set_Key_BE
                0x000000002201705e                SF_Ctrl_AES_Set_IV
                0x0000000022017068                SF_Ctrl_AES_Set_IV_BE
                0x0000000022017072                SF_Ctrl_AES_Enable
                0x000000002201707c                SF_Ctrl_AES_Disable
                0x0000000022017086                SF_Ctrl_Set_Flash_Image_Offset
                0x0000000022017090                SF_Ctrl_Get_Flash_Image_Offset
                0x000000002201709a                SF_Ctrl_Select_Clock
                0x00000000220170a4                SF_Ctrl_SendCmd
                0x00000000220170ae                SF_Ctrl_Icache_Set
                0x00000000220170b8                SF_Ctrl_Icache2_Set
                0x00000000220170c2                SF_Ctrl_GetBusyState
                0x00000000220170cc                SF_Ctrl_Is_AES_Enable
                0x00000000220170d6                SF_Ctrl_Get_Clock_Delay
                0x00000000220170e0                SF_Ctrl_Set_Clock_Delay
                0x00000000220170ea                XIP_SFlash_State_Save
                0x00000000220170f4                XIP_SFlash_State_Restore
                0x00000000220170fe                XIP_SFlash_Erase_Need_Lock
                0x0000000022017108                XIP_SFlash_Write_Need_Lock
                0x0000000022017112                XIP_SFlash_Read_Need_Lock
                0x000000002201711c                XIP_SFlash_GetJedecId_Need_Lock
                0x0000000022017126                XIP_SFlash_GetDeviceId_Need_Lock
                0x0000000022017130                XIP_SFlash_GetUniqueId_Need_Lock
                0x000000002201713a                XIP_SFlash_Read_Via_Cache_Need_Lock
                0x0000000022017144                XIP_SFlash_Read_With_Lock
                0x000000002201714e                XIP_SFlash_Write_With_Lock
                0x0000000022017158                XIP_SFlash_Erase_With_Lock
                0x0000000022017162                XIP_SFlash_Opt_Enter
                0x000000002201716c                XIP_SFlash_Opt_Exit
                0x0000000022017176                BFLB_Soft_CRC32
 .tcm_code      0x0000000022017180      0x170 out/BSP_Driver/BL602_BSP_Driver/StdDriver/bl602_sf_cfg_ext.o
                0x0000000022017180                SF_Cfg_Get_Flash_Cfg_Need_Lock_Ext
                0x000000002201724e                SF_Cfg_Flash_Identify_Ext
 *(.tcm_const)
 .tcm_const     0x00000000220172f0       0xfc out/BSP_Driver/BL602_BSP_Driver/StdDriver/bl602_sf_cfg_ext.o
 *(.sclock_rlt_code)
 .sclock_rlt_code
                0x00000000220173ec      0x140 out/BSP_Driver/BL602_BSP_Driver/StdDriver/bl602_romapi.o
                0x00000000220173ec                AON_Power_On_MBG
                0x00000000220173f6                AON_Power_Off_MBG
                0x0000000022017400                AON_Power_On_XTAL
                0x000000002201740a                AON_Set_Xtal_CapCode
                0x0000000022017414                AON_Get_Xtal_CapCode
                0x000000002201741e                AON_Power_Off_XTAL
                0x0000000022017428                EF_Ctrl_Get_Trim_Parity
                0x0000000022017432                EF_Ctrl_Read_RC32M_Trim
                0x000000002201743c                EF_Ctrl_Read_RC32K_Trim
                0x0000000022017446                GLB_Get_Root_CLK_Sel
                0x0000000022017450                GLB_Set_System_CLK_Div
                0x000000002201745a                GLB_Get_BCLK_Div
                0x0000000022017464                GLB_Get_HCLK_Div
                0x000000002201746e                Update_SystemCoreClockWith_XTAL
                0x0000000022017478                GLB_Set_System_CLK
                0x0000000022017482                System_Core_Clock_Update_From_RC32M
                0x000000002201748c                GLB_Set_SF_CLK
                0x0000000022017496                GLB_Set_PKA_CLK_Sel
                0x00000000220174a0                HBN_32K_Sel
                0x00000000220174aa                HBN_Set_ROOT_CLK_Sel
                0x00000000220174b4                HBN_Power_On_Xtal_32K
                0x00000000220174be                HBN_Power_Off_Xtal_32K
                0x00000000220174c8                HBN_Trim_RC32K
                0x00000000220174d2                PDS_Trim_RC32M
                0x00000000220174dc                PDS_Select_RC32M_As_PLL_Ref
                0x00000000220174e6                PDS_Select_XTAL_As_PLL_Ref
                0x00000000220174f0                PDS_Power_On_PLL
                0x00000000220174fa                PDS_Enable_PLL_All_Clks
                0x0000000022017504                PDS_Disable_PLL_All_Clks
                0x000000002201750e                PDS_Enable_PLL_Clk
                0x0000000022017518                PDS_Disable_PLL_Clk
                0x0000000022017522                PDS_Power_Off_PLL
 *(.sclock_rlt_const)
                0x000000002201752c                . = ALIGN (0x4)
                0x000000002201752c                __text_code_end__ = .

.rela.dyn       0x000000002201752c        0x0
 .rela.text.start_load
                0x000000002201752c        0x0 out/ChipTest/Eflash_Loader/main.o
 .rela.init     0x000000002201752c        0x0 out/ChipTest/Eflash_Loader/main.o
 .rela.text.metal.init.enter
                0x000000002201752c        0x0 out/ChipTest/Eflash_Loader/main.o
 .rela.text.bflb_platform_uart_dbg_init
                0x000000002201752c        0x0 out/ChipTest/Eflash_Loader/main.o
                0x000000002201752c                . = ALIGN (0x4)
                0x000000002201752c                __itcm_load_addr = .

.itcm_region    0x000000002201752c        0x0
                0x000000002201752c                . = ALIGN (0x4)
                0x000000002201752c                __tcm_code_start__ = .
                0x000000002201752c                . = ALIGN (0x4)
                0x000000002201752c                __tcm_code_end__ = .
                0x000000002201752c                __dtcm_load_addr = (__itcm_load_addr + SIZEOF (.itcm_region))

.dtcm_region    0x000000004201c000        0x0 load address 0x000000002201752c
                0x000000004201c000                . = ALIGN (0x4)
                0x000000004201c000                __tcm_data_start__ = .
 *(.tcm_data)
                0x000000004201c000                . = ALIGN (0x4)
                0x000000004201c000                __tcm_data_end__ = .

.stack_dummy    0x000000004201c000      0x400
                0x000000004201c000                . = ALIGN (0x4)
                0x000000004201c400                . = (. + StackSize)
 *fill*         0x000000004201c000      0x400 
                0x000000004201c400                . = ALIGN (0x4)
                0x0000000042020000                __StackTop = (ORIGIN (dtcm_memory) + LENGTH (dtcm_memory))
                0x000000004201fc00                __StackLimit = (__StackTop - SIZEOF (.stack_dummy))
                0x0000000000000001                ASSERT ((__StackLimit >= __tcm_data_end__), region RAM overflowed with stack)
                0x000000002201752c                __system_ram_load_addr = (__dtcm_load_addr + SIZEOF (.dtcm_region))

.system_ram_data_region
                0x0000000042020000        0x0 load address 0x000000002201752c
                0x0000000042020000                . = ALIGN (0x4)
                0x0000000042020000                __system_ram_data_start__ = .
                0x0000000042020000                . = ALIGN (0x4)
                0x0000000042020000                __system_ram_data_end__ = .
                0x000000002201752c                __ram_load_addr = (__system_ram_load_addr + SIZEOF (.system_ram_data_region))

RAM_DATA        0x0000000042020000       0xc4 load address 0x000000002201752c
                0x0000000042020000                . = ALIGN (0x4)
                0x0000000042020000                __ram_data_start__ = .
                0x0000000042020800                PROVIDE (__global_pointer$ = (. + 0x800))
 *(.data)
 *(.data.*)
 .data.flashCfg_Gd_Q80E_Q16E
                0x0000000042020000       0x54 out/ChipTest/Eflash_Loader/main.o
 .data.uart_if_cfg
                0x0000000042020054       0x10 out/ChipTest/Eflash_Loader/bflb_eflash_loader_uart.o
 .data.flashCfg_Gd_Q80E_Q16E
                0x0000000042020064       0x54 out/ChipTest/Eflash_Loader/bflb_spi_flash.o
 *(.sdata)
 *(.sdata.*)
 .sdata.xtalType
                0x00000000420200b8        0x1 out/ChipTest/Eflash_Loader/main.o
                0x00000000420200b8                xtalType
 *fill*         0x00000000420200b9        0x3 
 .sdata.xtal_clk
                0x00000000420200bc        0x4 out/ChipTest/Eflash_Loader/main.o
                0x00000000420200bc                xtal_clk
 .sdata.uart_if_fifocfg
                0x00000000420200c0        0x4 out/ChipTest/Eflash_Loader/bflb_eflash_loader_uart.o
 *(.sdata2)
 *(.sdata2.*)
                0x00000000420200c4                . = ALIGN (0x4)
                0x00000000420200c4                __ram_data_end__ = .

.bss            0x00000000420200c4     0xdb64 load address 0x00000000220175f0
                0x00000000420200c4                . = ALIGN (0x4)
                0x00000000420200c4                __bss_start__ = .
 *(.bss*)
 .bss.eflash_loader_cmd_ack_buf
                0x00000000420200c4       0x40 out/ChipTest/Eflash_Loader/main.o
                0x00000000420200c4                eflash_loader_cmd_ack_buf
 .bss.eflash_loader_readbuf
                0x0000000042020104     0x8010 out/ChipTest/Eflash_Loader/main.o
                0x0000000042020104                eflash_loader_readbuf
 .bss.b.9198    0x0000000042028114       0x18 out/ChipTest/Eflash_Loader/bflb_eflash_loader_cmds.o
 .bss.eflash_loader_if_cfg
                0x000000004202812c       0x24 out/ChipTest/Eflash_Loader/bflb_eflash_loader_interface.o
 .bss.__Interrupt_Handlers
                0x0000000042028150      0x140 out/BSP_Driver/BL602_BSP_Driver/StdDriver/bl602_common.o
                0x0000000042028150                __Interrupt_Handlers
 .bss.uartIntCbfArra
                0x0000000042028290       0x40 out/BSP_Driver/BL602_BSP_Driver/StdDriver/bl602_uart.o
 .bss.secEngIntCbfArra
                0x00000000420282d0       0x18 out/BSP_Driver/BL602_BSP_Driver/StdDriver/bl602_sec_eng.o
 .bss.print_buf.8856
                0x00000000420282e8       0x80 out/BSP_Driver/BL602_BSP_Driver/platform_print/platform_device.o
 *(.sbss*)
 .sbss.bootMode
                0x0000000042028368        0x1 out/ChipTest/Eflash_Loader/main.o
                0x0000000042028368                bootMode
 *fill*         0x0000000042028369        0x3 
 .sbss.jid      0x000000004202836c        0x4 out/ChipTest/Eflash_Loader/main.o
                0x000000004202836c                jid
 .sbss.rx_buf_index
                0x0000000042028370        0x4 out/ChipTest/Eflash_Loader/main.o
                0x0000000042028370                rx_buf_index
 .sbss.rx_buf_len
                0x0000000042028374        0x4 out/ChipTest/Eflash_Loader/main.o
                0x0000000042028374                rx_buf_len
 .sbss.eflash_loader_error
                0x0000000042028378        0x4 out/ChipTest/Eflash_Loader/bflb_eflash_loader_cmds.o
 .sbss.s.9199   0x000000004202837c        0x4 out/ChipTest/Eflash_Loader/bflb_eflash_loader_cmds.o
 .sbss.startaddr.9196
                0x0000000042028380        0x4 out/ChipTest/Eflash_Loader/bflb_eflash_loader_cmds.o
 .sbss.eflash_loader_if
                0x0000000042028384        0x4 out/ChipTest/Eflash_Loader/bflb_eflash_loader_interface.o
                0x0000000042028384                eflash_loader_if
 .sbss.abr_gpio_sel
                0x0000000042028388        0x1 out/ChipTest/Eflash_Loader/bflb_eflash_loader_uart.o
 *fill*         0x0000000042028389        0x3 
 .sbss.detected_baudrate
                0x000000004202838c        0x4 out/ChipTest/Eflash_Loader/bflb_eflash_loader_uart.o
 .sbss.malloced
                0x0000000042028390        0x4 out/BSP_Common/xz/xz_port.o
 .sbss.init_flag
                0x0000000042028394        0x4 out/BSP_Driver/BL602_BSP_Driver/platform_print/platform_device.o
 .sbss.log_len  0x0000000042028398        0x4 out/BSP_Driver/BL602_BSP_Driver/platform_print/platform_device.o
 .sbss.uart_dbg_disable
                0x000000004202839c        0x1 out/BSP_Driver/BL602_BSP_Driver/platform_print/platform_device.o
 *(COMMON)
 *(.system_ram)
 *fill*         0x000000004202839d        0x3 
 .system_ram    0x00000000420283a0     0x4888 out/ChipTest/Eflash_Loader/bflb_eflash_loader_cmds.o
                0x00000000420283a0                padding
                0x00000000420283e0                shaTmpBuf
                0x0000000042028420                checkBuf
                0x0000000042028c20                ShaInbuf
 .system_ram    0x000000004202cc28     0x1000 out/BSP_Driver/BL602_BSP_Driver/platform_print/platform_device.o
                0x000000004202dc28                . = ALIGN (0x4)
                0x000000004202dc28                __bss_end__ = .

.noinit_data    0x000000004202dc28    0x11000 load address 0x0000000022025154
                0x000000004202dc28                . = ALIGN (0x4)
                0x000000004202dc28                __noinit_data_start__ = .
 *(.noinit_data*)
 .noinit_data   0x000000004202dc28     0x1000 out/ChipTest/Eflash_Loader/bflb_eflash_loader_cmds.o
 .noinit_data   0x000000004202ec28    0x10000 out/BSP_Common/xz/xz_port.o
                0x000000004203ec28                . = ALIGN (0x4)
                0x000000004203ec28                __noinit_data_end__ = .

.heap           0x000000004203ec28        0x0
                0x000000004203ec28                . = ALIGN (0x4)
                0x000000004203ec28                __HeapBase = .
 *(.heap*)
                0x000000004203ec28                . = ALIGN (0x4)
                0x000000004203ec28                __HeapLimit = .
OUTPUT(out/ChipTest/Eflash_Loader/chiptest_eflash_loader.elf elf32-littleriscv)

.debug_info     0x0000000000000000    0x1ed70
 .debug_info    0x0000000000000000      0xbb1 out/ChipTest/Eflash_Loader/main.o
 .debug_info    0x0000000000000bb1     0x2450 out/ChipTest/Eflash_Loader/bflb_eflash_loader_cmds.o
 .debug_info    0x0000000000003001      0x665 out/ChipTest/Eflash_Loader/bflb_eflash_loader_gpio.o
 .debug_info    0x0000000000003666      0x9c9 out/ChipTest/Eflash_Loader/bflb_eflash_loader_interface.o
 .debug_info    0x000000000000402f      0x6b0 out/ChipTest/Eflash_Loader/bflb_eflash_loader_jlink.o
 .debug_info    0x00000000000046df     0x13d2 out/ChipTest/Eflash_Loader/bflb_eflash_loader_uart.o
 .debug_info    0x0000000000005ab1     0x11c4 out/ChipTest/Eflash_Loader/bflb_spi_flash.o
 .debug_info    0x0000000000006c75      0x1f5 out/ChipTest/Eflash_Loader/bflb_efuse.o
 .debug_info    0x0000000000006e6a      0x2b0 out/ChipTest/Eflash_Loader/bflb_set_clock.o
 .debug_info    0x000000000000711a       0xf0 out/BSP_Common/libc/memcpy.o
 .debug_info    0x000000000000720a       0xd0 out/BSP_Common/libc/memset.o
 .debug_info    0x00000000000072da       0xce out/BSP_Common/libc/memcmp.o
 .debug_info    0x00000000000073a8      0x51e out/BSP_Common/libc/vsnprintf.o
 .debug_info    0x00000000000078c6       0x8e out/BSP_Common/libc/strlen.o
 .debug_info    0x0000000000007954      0x1d6 out/BSP_Common/soft_crc/softcrc.o
 .debug_info    0x0000000000007b2a      0x114 out/BSP_Common/xz/xz_crc32.o
 .debug_info    0x0000000000007c3e     0x1b0a out/BSP_Common/xz/xz_dec_lzma2.o
 .debug_info    0x0000000000009748      0xcd7 out/BSP_Common/xz/xz_dec_stream.o
 .debug_info    0x000000000000a41f      0x166 out/BSP_Common/xz/xz_port.o
 .debug_info    0x000000000000a585      0x3d3 out/startup/system_bl602.o
 .debug_info    0x000000000000a958      0x1cb out/startup/GCC/start_load.o
 .debug_info    0x000000000000ab23      0x24e out/startup/interrupt.o
 .debug_info    0x000000000000ad71       0x22 out/startup/GCC/entry.o
 .debug_info    0x000000000000ad93      0x577 out/BSP_Driver/BL602_BSP_Driver/StdDriver/bl602_common.o
 .debug_info    0x000000000000b30a     0x13fa out/BSP_Driver/BL602_BSP_Driver/StdDriver/bl602_uart.o
 .debug_info    0x000000000000c704     0x1b2f out/BSP_Driver/BL602_BSP_Driver/StdDriver/bl602_glb.o
 .debug_info    0x000000000000e233     0x19f7 out/BSP_Driver/BL602_BSP_Driver/StdDriver/bl602_ef_ctrl.o
 .debug_info    0x000000000000fc2a     0x1ed3 out/BSP_Driver/BL602_BSP_Driver/StdDriver/bl602_hbn.o
 .debug_info    0x0000000000011afd     0x49e7 out/BSP_Driver/BL602_BSP_Driver/StdDriver/bl602_sec_eng.o
 .debug_info    0x00000000000164e4     0x3ba8 out/BSP_Driver/BL602_BSP_Driver/StdDriver/bl602_romapi.o
 .debug_info    0x000000000001a08c      0x869 out/BSP_Driver/BL602_BSP_Driver/StdDriver/bl602_sf_cfg_ext.o
 .debug_info    0x000000000001a8f5     0x10ac out/BSP_Driver/BL602_BSP_Driver/platform_print/platform_device.o
 .debug_info    0x000000000001b9a1      0x2fc out/BSP_Driver/BL602_BSP_Driver/platform_print/platform_gpio.o
 .debug_info    0x000000000001bc9d     0x1270 /mnt/d/workspace/tools/toolchain/riscv64-elf-x86_64-20200720/bin/../lib/gcc/riscv64-unknown-elf/8.1.0/rv32imafc/ilp32f/libgcc.a(_udivdi3.o)
 .debug_info    0x000000000001cf0d     0x12ce /mnt/d/workspace/tools/toolchain/riscv64-elf-x86_64-20200720/bin/../lib/gcc/riscv64-unknown-elf/8.1.0/rv32imafc/ilp32f/libgcc.a(_umoddi3.o)
 .debug_info    0x000000000001e1db      0xb95 /mnt/d/workspace/tools/toolchain/riscv64-elf-x86_64-20200720/bin/../lib/gcc/riscv64-unknown-elf/8.1.0/rv32imafc/ilp32f/libgcc.a(_clz.o)

.debug_abbrev   0x0000000000000000     0x4a8b
 .debug_abbrev  0x0000000000000000      0x1ea out/ChipTest/Eflash_Loader/main.o
 .debug_abbrev  0x00000000000001ea      0x4f4 out/ChipTest/Eflash_Loader/bflb_eflash_loader_cmds.o
 .debug_abbrev  0x00000000000006de      0x24a out/ChipTest/Eflash_Loader/bflb_eflash_loader_gpio.o
 .debug_abbrev  0x0000000000000928      0x2d7 out/ChipTest/Eflash_Loader/bflb_eflash_loader_interface.o
 .debug_abbrev  0x0000000000000bff      0x20c out/ChipTest/Eflash_Loader/bflb_eflash_loader_jlink.o
 .debug_abbrev  0x0000000000000e0b      0x3aa out/ChipTest/Eflash_Loader/bflb_eflash_loader_uart.o
 .debug_abbrev  0x00000000000011b5      0x2a6 out/ChipTest/Eflash_Loader/bflb_spi_flash.o
 .debug_abbrev  0x000000000000145b      0x10b out/ChipTest/Eflash_Loader/bflb_efuse.o
 .debug_abbrev  0x0000000000001566      0x11a out/ChipTest/Eflash_Loader/bflb_set_clock.o
 .debug_abbrev  0x0000000000001680       0xba out/BSP_Common/libc/memcpy.o
 .debug_abbrev  0x000000000000173a       0x9d out/BSP_Common/libc/memset.o
 .debug_abbrev  0x00000000000017d7       0xa2 out/BSP_Common/libc/memcmp.o
 .debug_abbrev  0x0000000000001879      0x1f4 out/BSP_Common/libc/vsnprintf.o
 .debug_abbrev  0x0000000000001a6d       0x8c out/BSP_Common/libc/strlen.o
 .debug_abbrev  0x0000000000001af9      0x109 out/BSP_Common/soft_crc/softcrc.o
 .debug_abbrev  0x0000000000001c02       0xcb out/BSP_Common/xz/xz_crc32.o
 .debug_abbrev  0x0000000000001ccd      0x3a0 out/BSP_Common/xz/xz_dec_lzma2.o
 .debug_abbrev  0x000000000000206d      0x36c out/BSP_Common/xz/xz_dec_stream.o
 .debug_abbrev  0x00000000000023d9      0x12e out/BSP_Common/xz/xz_port.o
 .debug_abbrev  0x0000000000002507      0x199 out/startup/system_bl602.o
 .debug_abbrev  0x00000000000026a0       0x94 out/startup/GCC/start_load.o
 .debug_abbrev  0x0000000000002734      0x130 out/startup/interrupt.o
 .debug_abbrev  0x0000000000002864       0x12 out/startup/GCC/entry.o
 .debug_abbrev  0x0000000000002876      0x191 out/BSP_Driver/BL602_BSP_Driver/StdDriver/bl602_common.o
 .debug_abbrev  0x0000000000002a07      0x2ba out/BSP_Driver/BL602_BSP_Driver/StdDriver/bl602_uart.o
 .debug_abbrev  0x0000000000002cc1      0x2a7 out/BSP_Driver/BL602_BSP_Driver/StdDriver/bl602_glb.o
 .debug_abbrev  0x0000000000002f68      0x307 out/BSP_Driver/BL602_BSP_Driver/StdDriver/bl602_ef_ctrl.o
 .debug_abbrev  0x000000000000326f      0x38b out/BSP_Driver/BL602_BSP_Driver/StdDriver/bl602_hbn.o
 .debug_abbrev  0x00000000000035fa      0x47e out/BSP_Driver/BL602_BSP_Driver/StdDriver/bl602_sec_eng.o
 .debug_abbrev  0x0000000000003a78      0x2ab out/BSP_Driver/BL602_BSP_Driver/StdDriver/bl602_romapi.o
 .debug_abbrev  0x0000000000003d23      0x188 out/BSP_Driver/BL602_BSP_Driver/StdDriver/bl602_sf_cfg_ext.o
 .debug_abbrev  0x0000000000003eab      0x33a out/BSP_Driver/BL602_BSP_Driver/platform_print/platform_device.o
 .debug_abbrev  0x00000000000041e5       0xef out/BSP_Driver/BL602_BSP_Driver/platform_print/platform_gpio.o
 .debug_abbrev  0x00000000000042d4      0x2d5 /mnt/d/workspace/tools/toolchain/riscv64-elf-x86_64-20200720/bin/../lib/gcc/riscv64-unknown-elf/8.1.0/rv32imafc/ilp32f/libgcc.a(_udivdi3.o)
 .debug_abbrev  0x00000000000045a9      0x2f1 /mnt/d/workspace/tools/toolchain/riscv64-elf-x86_64-20200720/bin/../lib/gcc/riscv64-unknown-elf/8.1.0/rv32imafc/ilp32f/libgcc.a(_umoddi3.o)
 .debug_abbrev  0x000000000000489a      0x1f1 /mnt/d/workspace/tools/toolchain/riscv64-elf-x86_64-20200720/bin/../lib/gcc/riscv64-unknown-elf/8.1.0/rv32imafc/ilp32f/libgcc.a(_clz.o)

.debug_aranges  0x0000000000000000     0x15f8
 .debug_aranges
                0x0000000000000000       0x20 out/ChipTest/Eflash_Loader/main.o
 .debug_aranges
                0x0000000000000020       0xe8 out/ChipTest/Eflash_Loader/bflb_eflash_loader_cmds.o
 .debug_aranges
                0x0000000000000108       0x48 out/ChipTest/Eflash_Loader/bflb_eflash_loader_gpio.o
 .debug_aranges
                0x0000000000000150       0x68 out/ChipTest/Eflash_Loader/bflb_eflash_loader_interface.o
 .debug_aranges
                0x00000000000001b8       0x50 out/ChipTest/Eflash_Loader/bflb_eflash_loader_jlink.o
 .debug_aranges
                0x0000000000000208       0x68 out/ChipTest/Eflash_Loader/bflb_eflash_loader_uart.o
 .debug_aranges
                0x0000000000000270       0xb0 out/ChipTest/Eflash_Loader/bflb_spi_flash.o
 .debug_aranges
                0x0000000000000320       0x28 out/ChipTest/Eflash_Loader/bflb_efuse.o
 .debug_aranges
                0x0000000000000348       0x40 out/ChipTest/Eflash_Loader/bflb_set_clock.o
 .debug_aranges
                0x0000000000000388       0x20 out/BSP_Common/libc/memcpy.o
 .debug_aranges
                0x00000000000003a8       0x20 out/BSP_Common/libc/memset.o
 .debug_aranges
                0x00000000000003c8       0x20 out/BSP_Common/libc/memcmp.o
 .debug_aranges
                0x00000000000003e8       0x20 out/BSP_Common/libc/vsnprintf.o
 .debug_aranges
                0x0000000000000408       0x20 out/BSP_Common/libc/strlen.o
 .debug_aranges
                0x0000000000000428       0x28 out/BSP_Common/soft_crc/softcrc.o
 .debug_aranges
                0x0000000000000450       0x28 out/BSP_Common/xz/xz_crc32.o
 .debug_aranges
                0x0000000000000478       0x50 out/BSP_Common/xz/xz_dec_lzma2.o
 .debug_aranges
                0x00000000000004c8       0x50 out/BSP_Common/xz/xz_dec_stream.o
 .debug_aranges
                0x0000000000000518       0x30 out/BSP_Common/xz/xz_port.o
 .debug_aranges
                0x0000000000000548       0x30 out/startup/system_bl602.o
 .debug_aranges
                0x0000000000000578       0x20 out/startup/GCC/start_load.o
 .debug_aranges
                0x0000000000000598       0x68 out/startup/interrupt.o
 .debug_aranges
                0x0000000000000600       0x30 out/startup/GCC/entry.o
 .debug_aranges
                0x0000000000000630       0x38 out/BSP_Driver/BL602_BSP_Driver/StdDriver/bl602_common.o
 .debug_aranges
                0x0000000000000668      0x120 out/BSP_Driver/BL602_BSP_Driver/StdDriver/bl602_uart.o
 .debug_aranges
                0x0000000000000788      0x200 out/BSP_Driver/BL602_BSP_Driver/StdDriver/bl602_glb.o
 .debug_aranges
                0x0000000000000988      0x178 out/BSP_Driver/BL602_BSP_Driver/StdDriver/bl602_ef_ctrl.o
 .debug_aranges
                0x0000000000000b00      0x1b0 out/BSP_Driver/BL602_BSP_Driver/StdDriver/bl602_hbn.o
 .debug_aranges
                0x0000000000000cb0      0x280 out/BSP_Driver/BL602_BSP_Driver/StdDriver/bl602_sec_eng.o
 .debug_aranges
                0x0000000000000f30      0x558 out/BSP_Driver/BL602_BSP_Driver/StdDriver/bl602_romapi.o
 .debug_aranges
                0x0000000000001488       0x28 out/BSP_Driver/BL602_BSP_Driver/StdDriver/bl602_sf_cfg_ext.o
 .debug_aranges
                0x00000000000014b0       0xc8 out/BSP_Driver/BL602_BSP_Driver/platform_print/platform_device.o
 .debug_aranges
                0x0000000000001578       0x28 out/BSP_Driver/BL602_BSP_Driver/platform_print/platform_gpio.o
 .debug_aranges
                0x00000000000015a0       0x20 /mnt/d/workspace/tools/toolchain/riscv64-elf-x86_64-20200720/bin/../lib/gcc/riscv64-unknown-elf/8.1.0/rv32imafc/ilp32f/libgcc.a(_udivdi3.o)
 .debug_aranges
                0x00000000000015c0       0x20 /mnt/d/workspace/tools/toolchain/riscv64-elf-x86_64-20200720/bin/../lib/gcc/riscv64-unknown-elf/8.1.0/rv32imafc/ilp32f/libgcc.a(_umoddi3.o)
 .debug_aranges
                0x00000000000015e0       0x18 /mnt/d/workspace/tools/toolchain/riscv64-elf-x86_64-20200720/bin/../lib/gcc/riscv64-unknown-elf/8.1.0/rv32imafc/ilp32f/libgcc.a(_clz.o)

.debug_ranges   0x0000000000000000     0x2890
 .debug_ranges  0x0000000000000000       0x10 out/ChipTest/Eflash_Loader/main.o
 .debug_ranges  0x0000000000000010      0x128 out/ChipTest/Eflash_Loader/bflb_eflash_loader_cmds.o
 .debug_ranges  0x0000000000000138       0x50 out/ChipTest/Eflash_Loader/bflb_eflash_loader_gpio.o
 .debug_ranges  0x0000000000000188       0x70 out/ChipTest/Eflash_Loader/bflb_eflash_loader_interface.o
 .debug_ranges  0x00000000000001f8       0x60 out/ChipTest/Eflash_Loader/bflb_eflash_loader_jlink.o
 .debug_ranges  0x0000000000000258      0x108 out/ChipTest/Eflash_Loader/bflb_eflash_loader_uart.o
 .debug_ranges  0x0000000000000360       0xa0 out/ChipTest/Eflash_Loader/bflb_spi_flash.o
 .debug_ranges  0x0000000000000400       0x18 out/ChipTest/Eflash_Loader/bflb_efuse.o
 .debug_ranges  0x0000000000000418       0x30 out/ChipTest/Eflash_Loader/bflb_set_clock.o
 .debug_ranges  0x0000000000000448       0x10 out/BSP_Common/libc/memcpy.o
 .debug_ranges  0x0000000000000458       0x10 out/BSP_Common/libc/memset.o
 .debug_ranges  0x0000000000000468       0x10 out/BSP_Common/libc/memcmp.o
 .debug_ranges  0x0000000000000478       0x90 out/BSP_Common/libc/vsnprintf.o
 .debug_ranges  0x0000000000000508       0x10 out/BSP_Common/libc/strlen.o
 .debug_ranges  0x0000000000000518       0x18 out/BSP_Common/soft_crc/softcrc.o
 .debug_ranges  0x0000000000000530       0x18 out/BSP_Common/xz/xz_crc32.o
 .debug_ranges  0x0000000000000548      0x608 out/BSP_Common/xz/xz_dec_lzma2.o
 .debug_ranges  0x0000000000000b50      0x288 out/BSP_Common/xz/xz_dec_stream.o
 .debug_ranges  0x0000000000000dd8       0x20 out/BSP_Common/xz/xz_port.o
 .debug_ranges  0x0000000000000df8       0x20 out/startup/system_bl602.o
 .debug_ranges  0x0000000000000e18       0x10 out/startup/GCC/start_load.o
 .debug_ranges  0x0000000000000e28       0x58 out/startup/interrupt.o
 .debug_ranges  0x0000000000000e80       0x28 out/startup/GCC/entry.o
 .debug_ranges  0x0000000000000ea8       0x28 out/BSP_Driver/BL602_BSP_Driver/StdDriver/bl602_common.o
 .debug_ranges  0x0000000000000ed0      0x160 out/BSP_Driver/BL602_BSP_Driver/StdDriver/bl602_uart.o
 .debug_ranges  0x0000000000001030      0x270 out/BSP_Driver/BL602_BSP_Driver/StdDriver/bl602_glb.o
 .debug_ranges  0x00000000000012a0      0x290 out/BSP_Driver/BL602_BSP_Driver/StdDriver/bl602_ef_ctrl.o
 .debug_ranges  0x0000000000001530      0x2d8 out/BSP_Driver/BL602_BSP_Driver/StdDriver/bl602_hbn.o
 .debug_ranges  0x0000000000001808      0x800 out/BSP_Driver/BL602_BSP_Driver/StdDriver/bl602_sec_eng.o
 .debug_ranges  0x0000000000002008      0x548 out/BSP_Driver/BL602_BSP_Driver/StdDriver/bl602_romapi.o
 .debug_ranges  0x0000000000002550       0x18 out/BSP_Driver/BL602_BSP_Driver/StdDriver/bl602_sf_cfg_ext.o
 .debug_ranges  0x0000000000002568      0x140 out/BSP_Driver/BL602_BSP_Driver/platform_print/platform_device.o
 .debug_ranges  0x00000000000026a8       0x18 out/BSP_Driver/BL602_BSP_Driver/platform_print/platform_gpio.o
 .debug_ranges  0x00000000000026c0      0x100 /mnt/d/workspace/tools/toolchain/riscv64-elf-x86_64-20200720/bin/../lib/gcc/riscv64-unknown-elf/8.1.0/rv32imafc/ilp32f/libgcc.a(_udivdi3.o)
 .debug_ranges  0x00000000000027c0       0xd0 /mnt/d/workspace/tools/toolchain/riscv64-elf-x86_64-20200720/bin/../lib/gcc/riscv64-unknown-elf/8.1.0/rv32imafc/ilp32f/libgcc.a(_umoddi3.o)

.debug_macro    0x0000000000000000    0x19bee
 .debug_macro   0x0000000000000000      0x20f out/ChipTest/Eflash_Loader/main.o
 .debug_macro   0x000000000000020f      0x796 out/ChipTest/Eflash_Loader/main.o
 .debug_macro   0x00000000000009a5      0x20a out/ChipTest/Eflash_Loader/main.o
 .debug_macro   0x0000000000000baf      0x1f6 out/ChipTest/Eflash_Loader/main.o
 .debug_macro   0x0000000000000da5       0x88 out/ChipTest/Eflash_Loader/main.o
 .debug_macro   0x0000000000000e2d       0x52 out/ChipTest/Eflash_Loader/main.o
 .debug_macro   0x0000000000000e7f     0x163c out/ChipTest/Eflash_Loader/main.o
 .debug_macro   0x00000000000024bb      0xa68 out/ChipTest/Eflash_Loader/main.o
 .debug_macro   0x0000000000002f23       0x16 out/ChipTest/Eflash_Loader/main.o
 .debug_macro   0x0000000000002f39       0x58 out/ChipTest/Eflash_Loader/main.o
 .debug_macro   0x0000000000002f91       0x34 out/ChipTest/Eflash_Loader/main.o
 .debug_macro   0x0000000000002fc5       0x1c out/ChipTest/Eflash_Loader/main.o
 .debug_macro   0x0000000000002fe1       0x40 out/ChipTest/Eflash_Loader/main.o
 .debug_macro   0x0000000000003021       0x22 out/ChipTest/Eflash_Loader/main.o
 .debug_macro   0x0000000000003043       0x58 out/ChipTest/Eflash_Loader/main.o
 .debug_macro   0x000000000000309b     0x47b7 out/ChipTest/Eflash_Loader/main.o
 .debug_macro   0x0000000000007852     0x11f8 out/ChipTest/Eflash_Loader/main.o
 .debug_macro   0x0000000000008a4a      0x7ba out/ChipTest/Eflash_Loader/main.o
 .debug_macro   0x0000000000009204      0x36b out/ChipTest/Eflash_Loader/main.o
 .debug_macro   0x000000000000956f       0x4f out/ChipTest/Eflash_Loader/main.o
 .debug_macro   0x00000000000095be      0xaec out/ChipTest/Eflash_Loader/main.o
 .debug_macro   0x000000000000a0aa     0x1a74 out/ChipTest/Eflash_Loader/main.o
 .debug_macro   0x000000000000bb1e      0xd67 out/ChipTest/Eflash_Loader/main.o
 .debug_macro   0x000000000000c885       0x3c out/ChipTest/Eflash_Loader/main.o
 .debug_macro   0x000000000000c8c1     0x2071 out/ChipTest/Eflash_Loader/main.o
 .debug_macro   0x000000000000e932       0x66 out/ChipTest/Eflash_Loader/main.o
 .debug_macro   0x000000000000e998       0x19 out/ChipTest/Eflash_Loader/main.o
 .debug_macro   0x000000000000e9b1       0xb3 out/ChipTest/Eflash_Loader/main.o
 .debug_macro   0x000000000000ea64       0x70 out/ChipTest/Eflash_Loader/main.o
 .debug_macro   0x000000000000ead4       0x96 out/ChipTest/Eflash_Loader/main.o
 .debug_macro   0x000000000000eb6a      0x100 out/ChipTest/Eflash_Loader/main.o
 .debug_macro   0x000000000000ec6a     0x2c9b out/ChipTest/Eflash_Loader/main.o
 .debug_macro   0x0000000000011905       0x66 out/ChipTest/Eflash_Loader/main.o
 .debug_macro   0x000000000001196b       0x5e out/ChipTest/Eflash_Loader/main.o
 .debug_macro   0x00000000000119c9       0xe2 out/ChipTest/Eflash_Loader/main.o
 .debug_macro   0x0000000000011aab       0x22 out/ChipTest/Eflash_Loader/main.o
 .debug_macro   0x0000000000011acd       0x1c out/ChipTest/Eflash_Loader/main.o
 .debug_macro   0x0000000000011ae9      0x24c out/ChipTest/Eflash_Loader/bflb_eflash_loader_cmds.o
 .debug_macro   0x0000000000011d35       0xdc out/ChipTest/Eflash_Loader/bflb_eflash_loader_cmds.o
 .debug_macro   0x0000000000011e11       0x28 out/ChipTest/Eflash_Loader/bflb_eflash_loader_cmds.o
 .debug_macro   0x0000000000011e39       0x25 out/ChipTest/Eflash_Loader/bflb_eflash_loader_cmds.o
 .debug_macro   0x0000000000011e5e      0x303 out/ChipTest/Eflash_Loader/bflb_eflash_loader_gpio.o
 .debug_macro   0x0000000000012161      0x216 out/ChipTest/Eflash_Loader/bflb_eflash_loader_interface.o
 .debug_macro   0x0000000000012377       0x16 out/ChipTest/Eflash_Loader/bflb_eflash_loader_interface.o
 .debug_macro   0x000000000001238d      0x202 out/ChipTest/Eflash_Loader/bflb_eflash_loader_jlink.o
 .debug_macro   0x000000000001258f       0x22 out/ChipTest/Eflash_Loader/bflb_eflash_loader_jlink.o
 .debug_macro   0x00000000000125b1      0x217 out/ChipTest/Eflash_Loader/bflb_eflash_loader_uart.o
 .debug_macro   0x00000000000127c8      0x200 out/ChipTest/Eflash_Loader/bflb_spi_flash.o
 .debug_macro   0x00000000000129c8      0x1ba out/ChipTest/Eflash_Loader/bflb_efuse.o
 .debug_macro   0x0000000000012b82      0x1e1 out/ChipTest/Eflash_Loader/bflb_set_clock.o
 .debug_macro   0x0000000000012d63       0x36 out/BSP_Common/libc/memcpy.o
 .debug_macro   0x0000000000012d99       0x36 out/BSP_Common/libc/memset.o
 .debug_macro   0x0000000000012dcf       0x2d out/BSP_Common/libc/memcmp.o
 .debug_macro   0x0000000000012dfc       0x97 out/BSP_Common/libc/vsnprintf.o
 .debug_macro   0x0000000000012e93       0x8e out/BSP_Common/libc/vsnprintf.o
 .debug_macro   0x0000000000012f21       0x2d out/BSP_Common/libc/strlen.o
 .debug_macro   0x0000000000012f4e      0x1b1 out/BSP_Common/soft_crc/softcrc.o
 .debug_macro   0x00000000000130ff       0x8a out/BSP_Common/xz/xz_crc32.o
 .debug_macro   0x0000000000013189       0x1c out/BSP_Common/xz/xz_crc32.o
 .debug_macro   0x00000000000131a5       0x1f out/BSP_Common/xz/xz_crc32.o
 .debug_macro   0x00000000000131c4       0x46 out/BSP_Common/xz/xz_crc32.o
 .debug_macro   0x000000000001320a       0x2e out/BSP_Common/xz/xz_crc32.o
 .debug_macro   0x0000000000013238       0x99 out/BSP_Common/xz/xz_dec_lzma2.o
 .debug_macro   0x00000000000132d1       0xd7 out/BSP_Common/xz/xz_dec_lzma2.o
 .debug_macro   0x00000000000133a8       0x93 out/BSP_Common/xz/xz_dec_stream.o
 .debug_macro   0x000000000001343b       0x40 out/BSP_Common/xz/xz_dec_stream.o
 .debug_macro   0x000000000001347b       0x65 out/BSP_Common/xz/xz_port.o
 .debug_macro   0x00000000000134e0      0x183 out/startup/system_bl602.o
 .debug_macro   0x0000000000013663       0x52 out/startup/GCC/start_load.o
 .debug_macro   0x00000000000136b5       0x2c out/startup/interrupt.o
 .debug_macro   0x00000000000136e1       0xba out/BSP_Driver/BL602_BSP_Driver/StdDriver/bl602_common.o
 .debug_macro   0x000000000001379b      0x365 out/BSP_Driver/BL602_BSP_Driver/StdDriver/bl602_common.o
 .debug_macro   0x0000000000013b00      0x18d out/BSP_Driver/BL602_BSP_Driver/StdDriver/bl602_uart.o
 .debug_macro   0x0000000000013c8d      0x197 out/BSP_Driver/BL602_BSP_Driver/StdDriver/bl602_glb.o
 .debug_macro   0x0000000000013e24       0xf0 out/BSP_Driver/BL602_BSP_Driver/StdDriver/bl602_ef_ctrl.o
 .debug_macro   0x0000000000013f14      0xd61 out/BSP_Driver/BL602_BSP_Driver/StdDriver/bl602_ef_ctrl.o
 .debug_macro   0x0000000000014c75      0x99c out/BSP_Driver/BL602_BSP_Driver/StdDriver/bl602_ef_ctrl.o
 .debug_macro   0x0000000000015611      0x183 out/BSP_Driver/BL602_BSP_Driver/StdDriver/bl602_hbn.o
 .debug_macro   0x0000000000015794      0xae6 out/BSP_Driver/BL602_BSP_Driver/StdDriver/bl602_hbn.o
 .debug_macro   0x000000000001627a       0xf3 out/BSP_Driver/BL602_BSP_Driver/StdDriver/bl602_sec_eng.o
 .debug_macro   0x000000000001636d     0x2c95 out/BSP_Driver/BL602_BSP_Driver/StdDriver/bl602_sec_eng.o
 .debug_macro   0x0000000000019002      0x1aa out/BSP_Driver/BL602_BSP_Driver/StdDriver/bl602_romapi.o
 .debug_macro   0x00000000000191ac      0x4cb out/BSP_Driver/BL602_BSP_Driver/StdDriver/bl602_romapi.o
 .debug_macro   0x0000000000019677      0x1c6 out/BSP_Driver/BL602_BSP_Driver/StdDriver/bl602_sf_cfg_ext.o
 .debug_macro   0x000000000001983d      0x214 out/BSP_Driver/BL602_BSP_Driver/platform_print/platform_device.o
 .debug_macro   0x0000000000019a51      0x19d out/BSP_Driver/BL602_BSP_Driver/platform_print/platform_gpio.o

.debug_line     0x0000000000000000    0x245ff
 .debug_line    0x0000000000000000      0x6d5 out/ChipTest/Eflash_Loader/main.o
 .debug_line    0x00000000000006d5     0x295d out/ChipTest/Eflash_Loader/bflb_eflash_loader_cmds.o
 .debug_line    0x0000000000003032      0xb63 out/ChipTest/Eflash_Loader/bflb_eflash_loader_gpio.o
 .debug_line    0x0000000000003b95      0xbac out/ChipTest/Eflash_Loader/bflb_eflash_loader_interface.o
 .debug_line    0x0000000000004741      0x7f2 out/ChipTest/Eflash_Loader/bflb_eflash_loader_jlink.o
 .debug_line    0x0000000000004f33      0xcb9 out/ChipTest/Eflash_Loader/bflb_eflash_loader_uart.o
 .debug_line    0x0000000000005bec      0xd0a out/ChipTest/Eflash_Loader/bflb_spi_flash.o
 .debug_line    0x00000000000068f6      0x513 out/ChipTest/Eflash_Loader/bflb_efuse.o
 .debug_line    0x0000000000006e09      0x4b2 out/ChipTest/Eflash_Loader/bflb_set_clock.o
 .debug_line    0x00000000000072bb       0xf6 out/BSP_Common/libc/memcpy.o
 .debug_line    0x00000000000073b1       0xe2 out/BSP_Common/libc/memset.o
 .debug_line    0x0000000000007493      0x102 out/BSP_Common/libc/memcmp.o
 .debug_line    0x0000000000007595     0x1615 out/BSP_Common/libc/vsnprintf.o
 .debug_line    0x0000000000008baa       0xca out/BSP_Common/libc/strlen.o
 .debug_line    0x0000000000008c74      0x55c out/BSP_Common/soft_crc/softcrc.o
 .debug_line    0x00000000000091d0      0x18e out/BSP_Common/xz/xz_crc32.o
 .debug_line    0x000000000000935e     0x3588 out/BSP_Common/xz/xz_dec_lzma2.o
 .debug_line    0x000000000000c8e6     0x1721 out/BSP_Common/xz/xz_dec_stream.o
 .debug_line    0x000000000000e007      0x261 out/BSP_Common/xz/xz_port.o
 .debug_line    0x000000000000e268      0x5ed out/startup/system_bl602.o
 .debug_line    0x000000000000e855      0x2fa out/startup/GCC/start_load.o
 .debug_line    0x000000000000eb4f      0x2d7 out/startup/interrupt.o
 .debug_line    0x000000000000ee26      0x15e out/startup/GCC/entry.o
 .debug_line    0x000000000000ef84      0x690 out/BSP_Driver/BL602_BSP_Driver/StdDriver/bl602_common.o
 .debug_line    0x000000000000f614     0x1c61 out/BSP_Driver/BL602_BSP_Driver/StdDriver/bl602_uart.o
 .debug_line    0x0000000000011275     0x2837 out/BSP_Driver/BL602_BSP_Driver/StdDriver/bl602_glb.o
 .debug_line    0x0000000000013aac     0x2cd9 out/BSP_Driver/BL602_BSP_Driver/StdDriver/bl602_ef_ctrl.o
 .debug_line    0x0000000000016785     0x250d out/BSP_Driver/BL602_BSP_Driver/StdDriver/bl602_hbn.o
 .debug_line    0x0000000000018c92     0x6e18 out/BSP_Driver/BL602_BSP_Driver/StdDriver/bl602_sec_eng.o