Archive member included to satisfy reference by file (symbol)

/d/download/riscv64-unknown-elf-gcc-8.2.0-2019.05.3-x86_64-linux-ubuntu14/bin/../lib/gcc/riscv64-unknown-elf/8.2.0/../../../../riscv64-unknown-elf/lib/rv32imafc/ilp32f/libc.a(lib_a-memmove.o)
                              out/BSP_Common/xz/xz_dec_lzma2.o (memmove)
/d/download/riscv64-unknown-elf-gcc-8.2.0-2019.05.3-x86_64-linux-ubuntu14/bin/../lib/gcc/riscv64-unknown-elf/8.2.0/rv32imafc/ilp32f/libgcc.a(_clzsi2.o)
                              out/3rdParty/FreeRTOS/Source/tasks.o (__clzsi2)
/d/download/riscv64-unknown-elf-gcc-8.2.0-2019.05.3-x86_64-linux-ubuntu14/bin/../lib/gcc/riscv64-unknown-elf/8.2.0/rv32imafc/ilp32f/libgcc.a(_udivdi3.o)
                              out/BSP_Common/libc/vsnprintf.o (__udivdi3)
/d/download/riscv64-unknown-elf-gcc-8.2.0-2019.05.3-x86_64-linux-ubuntu14/bin/../lib/gcc/riscv64-unknown-elf/8.2.0/rv32imafc/ilp32f/libgcc.a(_umoddi3.o)
                              out/BSP_Common/libc/vsnprintf.o (__umoddi3)
/d/download/riscv64-unknown-elf-gcc-8.2.0-2019.05.3-x86_64-linux-ubuntu14/bin/../lib/gcc/riscv64-unknown-elf/8.2.0/rv32imafc/ilp32f/libgcc.a(adddf3.o)
                              out/BSP_Common/libc/atof.o (__adddf3)
/d/download/riscv64-unknown-elf-gcc-8.2.0-2019.05.3-x86_64-linux-ubuntu14/bin/../lib/gcc/riscv64-unknown-elf/8.2.0/rv32imafc/ilp32f/libgcc.a(divdf3.o)
                              out/BSP_Common/libc/atof.o (__divdf3)
/d/download/riscv64-unknown-elf-gcc-8.2.0-2019.05.3-x86_64-linux-ubuntu14/bin/../lib/gcc/riscv64-unknown-elf/8.2.0/rv32imafc/ilp32f/libgcc.a(muldf3.o)
                              out/BSP_Common/libc/atof.o (__muldf3)
/d/download/riscv64-unknown-elf-gcc-8.2.0-2019.05.3-x86_64-linux-ubuntu14/bin/../lib/gcc/riscv64-unknown-elf/8.2.0/rv32imafc/ilp32f/libgcc.a(fixdfsi.o)
                              out/BSP_Driver/BL602_BSP_Driver/RFDriver/bl602_rf_private.o (__fixdfsi)
/d/download/riscv64-unknown-elf-gcc-8.2.0-2019.05.3-x86_64-linux-ubuntu14/bin/../lib/gcc/riscv64-unknown-elf/8.2.0/rv32imafc/ilp32f/libgcc.a(fixunsdfsi.o)
                              out/BSP_Driver/BL602_BSP_Driver/RFDriver/bl602_rf_private.o (__fixunsdfsi)
/d/download/riscv64-unknown-elf-gcc-8.2.0-2019.05.3-x86_64-linux-ubuntu14/bin/../lib/gcc/riscv64-unknown-elf/8.2.0/rv32imafc/ilp32f/libgcc.a(floatsidf.o)
                              out/BSP_Common/libc/atof.o (__floatsidf)
/d/download/riscv64-unknown-elf-gcc-8.2.0-2019.05.3-x86_64-linux-ubuntu14/bin/../lib/gcc/riscv64-unknown-elf/8.2.0/rv32imafc/ilp32f/libgcc.a(floatunsidf.o)
                              out/BSP_Driver/BL602_BSP_Driver/RFDriver/bl602_rf_private.o (__floatunsidf)
/d/download/riscv64-unknown-elf-gcc-8.2.0-2019.05.3-x86_64-linux-ubuntu14/bin/../lib/gcc/riscv64-unknown-elf/8.2.0/rv32imafc/ilp32f/libgcc.a(extendsfdf2.o)
                              out/BSP_Driver/BL602_BSP_Driver/StdDriver/bl602_adc.o (__extendsfdf2)
/d/download/riscv64-unknown-elf-gcc-8.2.0-2019.05.3-x86_64-linux-ubuntu14/bin/../lib/gcc/riscv64-unknown-elf/8.2.0/rv32imafc/ilp32f/libgcc.a(truncdfsf2.o)
                              out/BSP_Driver/BL602_BSP_Driver/StdDriver/bl602_adc.o (__truncdfsf2)
/d/download/riscv64-unknown-elf-gcc-8.2.0-2019.05.3-x86_64-linux-ubuntu14/bin/../lib/gcc/riscv64-unknown-elf/8.2.0/rv32imafc/ilp32f/libgcc.a(_clz.o)
                              /d/download/riscv64-unknown-elf-gcc-8.2.0-2019.05.3-x86_64-linux-ubuntu14/bin/../lib/gcc/riscv64-unknown-elf/8.2.0/rv32imafc/ilp32f/libgcc.a(_clzsi2.o) (__clz_tab)

Discarded input sections

 .group         0x0000000000000000        0xc out/Examples/BLSP_Boot2/blsp_boot2.o
 .group         0x0000000000000000        0xc out/Examples/BLSP_Boot2/blsp_boot2.o
 .group         0x0000000000000000        0xc out/Examples/BLSP_Boot2/blsp_boot2.o
 .group         0x0000000000000000        0xc out/Examples/BLSP_Boot2/blsp_boot2.o
 .group         0x0000000000000000        0xc out/Examples/BLSP_Boot2/blsp_boot2.o
 .group         0x0000000000000000        0xc out/Examples/BLSP_Boot2/blsp_boot2.o
 .group         0x0000000000000000        0xc out/Examples/BLSP_Boot2/blsp_boot2.o
 .group         0x0000000000000000        0xc out/Examples/BLSP_Boot2/blsp_boot2.o
 .group         0x0000000000000000        0xc out/Examples/BLSP_Boot2/blsp_boot2.o
 .group         0x0000000000000000        0xc out/Examples/BLSP_Boot2/blsp_boot2.o
 .group         0x0000000000000000        0xc out/Examples/BLSP_Boot2/blsp_boot2.o
 .group         0x0000000000000000        0xc out/Examples/BLSP_Boot2/blsp_boot2.o
 .group         0x0000000000000000        0xc out/Examples/BLSP_Boot2/blsp_boot2.o
 .group         0x0000000000000000        0xc out/Examples/BLSP_Boot2/blsp_boot2.o
 .group         0x0000000000000000        0xc out/Examples/BLSP_Boot2/blsp_boot2.o
 .group         0x0000000000000000        0xc out/Examples/BLSP_Boot2/blsp_boot2.o
[...]
Memory Configuration

Name             Origin             Length             Attributes
xip_memory       0x0000000023000000 0x000000000000c000 xr
itcm_memory      0x0000000022010000 0x0000000000004000 xr
dtcm_memory      0x0000000042014000 0x000000000000c000 xr
ram_memory       0x0000000042020000 0x0000000000018000 !xr
*default*        0x0000000000000000 0xffffffffffffffff

Linker script and memory map

LOAD out/Examples/BLSP_Boot2/blsp_boot2.o
LOAD out/Examples/BLSP_Boot2/blsp_common.o
LOAD out/Examples/BLSP_Boot2/blsp_media_boot.o
LOAD out/Examples/BLSP_Boot2/blsp_boot_parser.o
LOAD out/Examples/BLSP_Boot2/blsp_boot_decompress.o
LOAD out/Examples/BLSP_Boot2/blsp_port.o
LOAD out/BSP_Common/cipher_suite/bflb_crypt.o
LOAD out/BSP_Common/cipher_suite/bflb_hash.o
LOAD out/BSP_Common/cipher_suite/bflb_ecdsa.o
LOAD out/BSP_Common/cipher_suite/bflb_dsa.o
LOAD out/BSP_Common/libc/atof.o
LOAD out/BSP_Common/libc/atoi.o
LOAD out/BSP_Common/libc/atol.o
LOAD out/BSP_Common/libc/atoll.o
LOAD out/BSP_Common/libc/jrand48.o
LOAD out/BSP_Common/libc/lrand48.o
LOAD out/BSP_Common/libc/mrand48.o
LOAD out/BSP_Common/libc/nrand48.o
LOAD out/BSP_Common/libc/seed48.o
LOAD out/BSP_Common/libc/srand48.o
LOAD out/BSP_Common/libc/memccpy.o
LOAD out/BSP_Common/libc/memcpy.o
LOAD out/BSP_Common/libc/memset.o
LOAD out/BSP_Common/libc/memswap.o
LOAD out/BSP_Common/libc/memchr.o
LOAD out/BSP_Common/libc/memrchr.o
LOAD out/BSP_Common/libc/memmem.o
LOAD out/BSP_Common/libc/memcmp.o
LOAD out/BSP_Common/libc/bsearch.o
LOAD out/BSP_Common/libc/qsort.o
LOAD out/BSP_Common/libc/fnmatch.o
LOAD out/BSP_Common/libc/snprintf.o
LOAD out/BSP_Common/libc/sprintf.o
LOAD out/BSP_Common/libc/sscanf.o
LOAD out/BSP_Common/libc/vsnprintf.o
LOAD out/BSP_Common/libc/vsprintf.o
LOAD out/BSP_Common/libc/vsscanf.o
LOAD out/BSP_Common/libc/strcmp.o
LOAD out/BSP_Common/libc/strncmp.o
LOAD out/BSP_Common/libc/strcasecmp.o
LOAD out/BSP_Common/libc/strncasecmp.o
LOAD out/BSP_Common/libc/strcpy.o
LOAD out/BSP_Common/libc/strlcpy.o
LOAD out/BSP_Common/libc/strncpy.o
LOAD out/BSP_Common/libc/strcat.o
LOAD out/BSP_Common/libc/strlcat.o
LOAD out/BSP_Common/libc/strncat.o
LOAD out/BSP_Common/libc/strlen.o
LOAD out/BSP_Common/libc/strnlen.o
LOAD out/BSP_Common/libc/strchr.o
LOAD out/BSP_Common/libc/strrchr.o
LOAD out/BSP_Common/libc/strsep.o
LOAD out/BSP_Common/libc/strstr.o
LOAD out/BSP_Common/libc/strcspn.o
LOAD out/BSP_Common/libc/strspn.o
LOAD out/BSP_Common/libc/strxspn.o
LOAD out/BSP_Common/libc/strpbrk.o
LOAD out/BSP_Common/libc/strtok.o
LOAD out/BSP_Common/libc/strtok_r.o
LOAD out/BSP_Common/libc/strtol.o
LOAD out/BSP_Common/libc/strtoll.o
LOAD out/BSP_Common/libc/strtoul.o
LOAD out/BSP_Common/libc/strtoull.o
LOAD out/BSP_Common/libc/strtoimax.o
LOAD out/BSP_Common/libc/strtoumax.o
LOAD out/BSP_Common/libc/strntoimax.o
LOAD out/BSP_Common/libc/strntoumax.o
LOAD out/BSP_Common/libc/stdlib.o
LOAD out/BSP_Common/libc/common.o
LOAD out/BSP_Common/libc/ctype_isalnum.o
LOAD out/BSP_Common/libc/ctype_isalpha.o
LOAD out/BSP_Common/libc/ctype_isascii.o
LOAD out/BSP_Common/libc/ctype_isblank.o
LOAD out/BSP_Common/libc/ctype_iscntrl.o
LOAD out/BSP_Common/libc/ctype_isdigit.o
LOAD out/BSP_Common/libc/ctype_isgraph.o
LOAD out/BSP_Common/libc/ctype_ispunct.o
LOAD out/BSP_Common/libc/ctype_islower.o
LOAD out/BSP_Common/libc/ctype_isprint.o
LOAD out/BSP_Common/libc/ctype_isspace.o
LOAD out/BSP_Common/libc/ctype_isupper.o
LOAD out/BSP_Common/libc/ctype_tolower.o
LOAD out/BSP_Common/libc/ctype_toupper.o
LOAD out/BSP_Common/libc/ctype_isxdigit.o
LOAD out/BSP_Common/libc/ctypes.o
LOAD out/BSP_Common/partition/partition.o
LOAD out/BSP_Common/ring_buffer/ring_buffer.o
LOAD out/BSP_Common/soft_crc/softcrc.o
LOAD out/BSP_Common/xz/xz_crc32.o
LOAD out/BSP_Common/xz/xz_dec_lzma2.o
LOAD out/BSP_Common/xz/xz_dec_stream.o
LOAD out/BSP_Common/xz/xz_decompress.o
LOAD out/BSP_Common/xz/xz_port.o
LOAD out/startup/system_bl602.o
LOAD out/startup/GCC/start_load.o
LOAD out/startup/interrupt.o
LOAD out/startup/GCC/entry.o
LOAD out/BSP_Common/FreeRTOS/port.o
LOAD out/BSP_Common/FreeRTOS/portASM.o
LOAD out/BSP_Driver/BL602_BSP_Driver/StdDriver/bl602_common.o
LOAD out/BSP_Driver/BL602_BSP_Driver/StdDriver/bl602_uart.o
LOAD out/BSP_Driver/BL602_BSP_Driver/StdDriver/bl602_dma.o
LOAD out/BSP_Driver/BL602_BSP_Driver/StdDriver/bl602_glb.o
LOAD out/BSP_Driver/BL602_BSP_Driver/StdDriver/bl602_timer.o
LOAD out/BSP_Driver/BL602_BSP_Driver/StdDriver/bl602_ef_ctrl.o
LOAD out/BSP_Driver/BL602_BSP_Driver/StdDriver/bl602_aon.o
LOAD out/BSP_Driver/BL602_BSP_Driver/StdDriver/bl602_hbn.o
LOAD out/BSP_Driver/BL602_BSP_Driver/StdDriver/bl602_sec_eng.o
LOAD out/BSP_Driver/BL602_BSP_Driver/StdDriver/bl602_sdu.o
LOAD out/BSP_Driver/BL602_BSP_Driver/StdDriver/bl602_dac.o
LOAD out/BSP_Driver/BL602_BSP_Driver/StdDriver/bl602_l1c.o
LOAD out/BSP_Driver/BL602_BSP_Driver/StdDriver/bl602_pwm.o
LOAD out/BSP_Driver/BL602_BSP_Driver/StdDriver/bl602_i2c.o
LOAD out/BSP_Driver/BL602_BSP_Driver/StdDriver/bl602_sec_dbg.o
LOAD out/BSP_Driver/BL602_BSP_Driver/StdDriver/bl602_ir.o
LOAD out/BSP_Driver/BL602_BSP_Driver/StdDriver/bl602_spi.o
LOAD out/BSP_Driver/BL602_BSP_Driver/StdDriver/bl602_pds.o
LOAD out/BSP_Driver/BL602_BSP_Driver/StdDriver/bl602_tzc_sec.o
LOAD out/BSP_Driver/BL602_BSP_Driver/StdDriver/bl602_adc.o
LOAD out/BSP_Driver/BL602_BSP_Driver/StdDriver/bl602_acomp.o
LOAD out/BSP_Driver/BL602_BSP_Driver/StdDriver/bl602_romapi.o
LOAD out/BSP_Driver/BL602_BSP_Driver/StdDriver/bl602_sflash_ext.o
LOAD out/BSP_Driver/BL602_BSP_Driver/StdDriver/bl602_sf_cfg_ext.o
LOAD out/BSP_Driver/BL602_BSP_Driver/RFDriver/bl602_rf_private.o
LOAD out/BSP_Driver/BL602_BSP_Driver/RFDriver/bl602_calib_data.o
LOAD out/BSP_Driver/BL602_BSP_Driver/platform_print/platform_device.o
LOAD out/BSP_Driver/BL602_BSP_Driver/platform_print/platform_gpio.o
LOAD out/3rdParty/FreeRTOS/Source/tasks.o
LOAD out/3rdParty/FreeRTOS/Source/list.o
LOAD out/3rdParty/FreeRTOS/Source/queue.o
LOAD out/3rdParty/FreeRTOS/Source/timers.o
LOAD out/3rdParty/FreeRTOS/Source/stream_buffer.o
LOAD out/3rdParty/FreeRTOS/Source/croutine.o
LOAD out/3rdParty/FreeRTOS/Source/portable/MemMang/heap_5.o
LOAD /d/download/riscv64-unknown-elf-gcc-8.2.0-2019.05.3-x86_64-linux-ubuntu14/bin/../lib/gcc/riscv64-unknown-elf/8.2.0/../../../../riscv64-unknown-elf/lib/rv32imafc/ilp32f/libc.a
LOAD /d/download/riscv64-unknown-elf-gcc-8.2.0-2019.05.3-x86_64-linux-ubuntu14/bin/../lib/gcc/riscv64-unknown-elf/8.2.0/../../../../riscv64-unknown-elf/lib/rv32imafc/ilp32f/libm.a
LOAD /d/download/riscv64-unknown-elf-gcc-8.2.0-2019.05.3-x86_64-linux-ubuntu14/bin/../lib/gcc/riscv64-unknown-elf/8.2.0/rv32imafc/ilp32f/libgcc.a
START GROUP
LOAD /d/download/riscv64-unknown-elf-gcc-8.2.0-2019.05.3-x86_64-linux-ubuntu14/bin/../lib/gcc/riscv64-unknown-elf/8.2.0/../../../../riscv64-unknown-elf/lib/rv32imafc/ilp32f/libc.a
LOAD /d/download/riscv64-unknown-elf-gcc-8.2.0-2019.05.3-x86_64-linux-ubuntu14/bin/../lib/gcc/riscv64-unknown-elf/8.2.0/../../../../riscv64-unknown-elf/lib/rv32imafc/ilp32f/libgloss.a
END GROUP
LOAD /d/download/riscv64-unknown-elf-gcc-8.2.0-2019.05.3-x86_64-linux-ubuntu14/bin/../lib/gcc/riscv64-unknown-elf/8.2.0/rv32imafc/ilp32f/libgcc.a
LOAD /d/download/riscv64-unknown-elf-gcc-8.2.0-2019.05.3-x86_64-linux-ubuntu14/bin/../lib/gcc/riscv64-unknown-elf/8.2.0/../../../../riscv64-unknown-elf/lib/rv32imafc/ilp32f/libc.a
LOAD /d/download/riscv64-unknown-elf-gcc-8.2.0-2019.05.3-x86_64-linux-ubuntu14/bin/../lib/gcc/riscv64-unknown-elf/8.2.0/rv32imafc/ilp32f/libgcc.a
                0x0000000000000400                StackSize = 0x400
                0x0000000000000000                PROVIDE (__metal_chicken_bit = 0x0)

.text           0x0000000023000000     0x7f34
                0x0000000023000000                . = ALIGN (0x4)
                0x0000000023000000                __text_code_start__ = .
 *(.text.metal.init.enter)
 .text.metal.init.enter
                0x0000000023000000       0x86 out/startup/GCC/entry.o
                0x0000000023000000                _enter
 *(SORT_NONE(.init))
 *fill*         0x0000000023000086       0x3a 
 .init          0x00000000230000c0      0x142 out/startup/interrupt.o
                0x00000000230000c0                __Vectors
 *(.text)
 .text          0x0000000023000202       0x4a /d/download/riscv64-unknown-elf-gcc-8.2.0-2019.05.3-x86_64-linux-ubuntu14/bin/../lib/gcc/riscv64-unknown-elf/8.2.0/../../../../riscv64-unknown-elf/lib/rv32imafc/ilp32f/libc.a(lib_a-memmove.o)
                0x0000000023000202                memmove
 .text          0x000000002300024c      0x35e /d/download/riscv64-unknown-elf-gcc-8.2.0-2019.05.3-x86_64-linux-ubuntu14/bin/../lib/gcc/riscv64-unknown-elf/8.2.0/rv32imafc/ilp32f/libgcc.a(_udivdi3.o)
                0x000000002300024c                __udivdi3
 .text          0x00000000230005aa      0x352 /d/download/riscv64-unknown-elf-gcc-8.2.0-2019.05.3-x86_64-linux-ubuntu14/bin/../lib/gcc/riscv64-unknown-elf/8.2.0/rv32imafc/ilp32f/libgcc.a(_umoddi3.o)
                0x00000000230005aa                __umoddi3
 *(.text.*)
 .text.PtTable_Flash_Read
                0x00000000230008fc       0x1e out/Examples/BLSP_Boot2/blsp_boot2.o
 .text.PtTable_Flash_Write
                0x000000002300091a       0x1e out/Examples/BLSP_Boot2/blsp_boot2.o
 .text.PtTable_Flash_Erase
                0x0000000023000938       0x1c out/Examples/BLSP_Boot2/blsp_boot2.o
 .text.BLSP_Boot2_Deal_One_FW
                0x0000000023000954      0x1fe out/Examples/BLSP_Boot2/blsp_boot2.o
 .text.startup.main
                0x0000000023000b52      0x520 out/Examples/BLSP_Boot2/blsp_boot2.o
                0x0000000023000b52                main
 .text.BLSP_Dump_Data
                0x0000000023001072       0x60 out/Examples/BLSP_Boot2/blsp_common.o
                0x0000000023001072                BLSP_Dump_Data
 .text.BLSP_MediaBoot_Pre_Jump
                0x00000000230010d2       0x1c out/Examples/BLSP_Boot2/blsp_common.o
                0x00000000230010d2                BLSP_MediaBoot_Pre_Jump
 .text.BLSP_MediaBoot_Read_Signaure
                0x00000000230010ee       0x6e out/Examples/BLSP_Boot2/blsp_media_boot.o
 .text.BLSP_MediaBoot_Main
                0x000000002300115c      0x478 out/Examples/BLSP_Boot2/blsp_media_boot.o
                0x000000002300115c                BLSP_MediaBoot_Main
 .text.BLSP_Boot_Parse_BootHeader
                0x00000000230015d4      0x23c out/Examples/BLSP_Boot2/blsp_boot_parser.o
                0x00000000230015d4                BLSP_Boot_Parse_BootHeader
 .text.BLSP_Boot_Parse_PKey
                0x0000000023001810      0x10c out/Examples/BLSP_Boot2/blsp_boot_parser.o
                0x0000000023001810                BLSP_Boot_Parse_PKey
 .text.BLSP_Boot_Parse_Signature
                0x000000002300191c       0xca out/Examples/BLSP_Boot2/blsp_boot_parser.o
                0x000000002300191c                BLSP_Boot_Parse_Signature
 .text.BLSP_Boot_Parse_AesIv
                0x00000000230019e6       0x7e out/Examples/BLSP_Boot2/blsp_boot_parser.o
                0x00000000230019e6                BLSP_Boot_Parse_AesIv
 .text.BLSP_Boot_Parser_Check_Signature
                0x0000000023001a64       0xbc out/Examples/BLSP_Boot2/blsp_boot_parser.o
                0x0000000023001a64                BLSP_Boot_Parser_Check_Signature
 .text.BLSP_Boot_Parser_Check_Hash
                0x0000000023001b20       0x6c out/Examples/BLSP_Boot2/blsp_boot_parser.o
                0x0000000023001b20                BLSP_Boot_Parser_Check_Hash
 .text.BLSP_Boot2_Fw_Decompress
                0x0000000023001b8c      0x1ee out/Examples/BLSP_Boot2/blsp_boot_decompress.o
 .text.BLSP_Boot2_Update_Fw
                0x0000000023001d7a       0xca out/Examples/BLSP_Boot2/blsp_boot_decompress.o
                0x0000000023001d7a                BLSP_Boot2_Update_Fw
 .text.BLSP_Boot2_Verify_XZ_Header
                0x0000000023001e44       0x34 out/Examples/BLSP_Boot2/blsp_boot_decompress.o
                0x0000000023001e44                BLSP_Boot2_Verify_XZ_Header
 .text.BLSP_Boot2_Disable_Other_Cache
                0x0000000023001e78        0x2 out/Examples/BLSP_Boot2/blsp_port.o
                0x0000000023001e78                BLSP_Boot2_Disable_Other_Cache
 .text.BLSP_Boot2_Flush_XIP_Cache
                0x0000000023001e7a        0x8 out/Examples/BLSP_Boot2/blsp_port.o
                0x0000000023001e7a                BLSP_Boot2_Flush_XIP_Cache
 .text.BLSP_Boot2_Show_Timer
                0x0000000023001e82       0x1a out/Examples/BLSP_Boot2/blsp_port.o
                0x0000000023001e82                BLSP_Boot2_Show_Timer
 .text.BLSP_Boot2_Reset_Sec_Eng
                0x0000000023001e9c        0x6 out/Examples/BLSP_Boot2/blsp_port.o
                0x0000000023001e9c                BLSP_Boot2_Reset_Sec_Eng
 .text.BLSP_Boot2_Init_Sec_Eng_PKA
                0x0000000023001ea2       0x10 out/Examples/BLSP_Boot2/blsp_port.o
                0x0000000023001ea2                BLSP_Boot2_Init_Sec_Eng_PKA
 .text.BLSP_Boot2_Get_CPU_Count
                0x0000000023001eb2        0x4 out/Examples/BLSP_Boot2/blsp_port.o
                0x0000000023001eb2                BLSP_Boot2_Get_CPU_Count
 .text.BLSP_Read_Power_Save_Mode
                0x0000000023001eb6       0x1c out/Examples/BLSP_Boot2/blsp_port.o
                0x0000000023001eb6                BLSP_Read_Power_Save_Mode
 .text.BLSP_Boot2_Pass_Parameter
                0x0000000023001ed2       0x4a out/Examples/BLSP_Boot2/blsp_port.o
                0x0000000023001ed2                BLSP_Boot2_Pass_Parameter
 .text.BLSP_Get_User_Specified_Fw
                0x0000000023001f1c        0xa out/Examples/BLSP_Boot2/blsp_port.o
                0x0000000023001f1c                BLSP_Get_User_Specified_Fw
 .text.BLSP_Clr_User_Specified_Fw
                0x0000000023001f26        0xa out/Examples/BLSP_Boot2/blsp_port.o
                0x0000000023001f26                BLSP_Clr_User_Specified_Fw
 .text.BLSP_Is_MSP_Valid
                0x0000000023001f30       0x2a out/Examples/BLSP_Boot2/blsp_port.o
                0x0000000023001f30                BLSP_Is_MSP_Valid
 .text.BLSP_Is_PC_Valid
                0x0000000023001f5a       0x3c out/Examples/BLSP_Boot2/blsp_port.o
                0x0000000023001f5a                BLSP_Is_PC_Valid
 .text.BLSP_Fix_Invalid_MSP_PC
                0x0000000023001f96       0x42 out/Examples/BLSP_Boot2/blsp_port.o
                0x0000000023001f96                BLSP_Fix_Invalid_MSP_PC
 .text.bflb_platform_init_uart_debug_gpio
                0x0000000023001fd8       0x42 out/Examples/BLSP_Boot2/blsp_port.o
                0x0000000023001fd8                bflb_platform_init_uart_debug_gpio
 .text.bflb_platform_deinit_uart_debug_gpio
                0x000000002300201a       0x48 out/Examples/BLSP_Boot2/blsp_port.o
                0x000000002300201a                bflb_platform_deinit_uart_debug_gpio
 .text.bflb_ecc_basic_parameter_init.isra.0
                0x0000000023002062       0x48 out/BSP_Common/cipher_suite/bflb_ecdsa.o
 .text.bflb_ecc_point_mul_init.isra.1
                0x00000000230020aa       0xc0 out/BSP_Common/cipher_suite/bflb_ecdsa.o
 .text.bflb_ecdsa_point_add.isra.4
                0x000000002300216a      0x1f0 out/BSP_Common/cipher_suite/bflb_ecdsa.o
 .text.bflb_ecdsa_verify_point_mul.isra.5
                0x000000002300235a      0x362 out/BSP_Common/cipher_suite/bflb_ecdsa.o
 .text.bflb_ecdsa_verify
                0x00000000230026bc      0x4ce out/BSP_Common/cipher_suite/bflb_ecdsa.o
                0x00000000230026bc                bflb_ecdsa_verify
 .text.memcpy   0x0000000023002b8a       0x18 out/BSP_Common/libc/memcpy.o
                0x0000000023002b8a                memcpy
 .text.memset   0x0000000023002ba2       0x18 out/BSP_Common/libc/memset.o
                0x0000000023002ba2                memset
 .text.memcmp   0x0000000023002bba       0x1e out/BSP_Common/libc/memcmp.o
                0x0000000023002bba                memcmp
 .text.vsnprintf
                0x0000000023002bd8      0xad8 out/BSP_Common/libc/vsnprintf.o
                0x0000000023002bd8                vsnprintf
 .text.strlen   0x00000000230036b0       0x1a out/BSP_Common/libc/strlen.o
                0x00000000230036b0                strlen
 .text.pPtTable_Flash_Read_Fast
                0x00000000230036ca       0x5a out/BSP_Common/partition/partition.o
 .text.PtTable_Valid
                0x0000000023003724       0x6c out/BSP_Common/partition/partition.o
 .text.PtTable_Set_Flash_Operation
                0x0000000023003790       0x1e out/BSP_Common/partition/partition.o
                0x0000000023003790                PtTable_Set_Flash_Operation
 .text.PtTable_Get_Active_Partition_Need_Lock
                0x00000000230037ae       0x80 out/BSP_Common/partition/partition.o
                0x00000000230037ae                PtTable_Get_Active_Partition_Need_Lock
 .text.PtTable_Get_Active_Entries_By_ID
                0x000000002300382e       0x64 out/BSP_Common/partition/partition.o
                0x000000002300382e                PtTable_Get_Active_Entries_By_ID
 .text.PtTable_Get_Active_Entries_By_Name
                0x0000000023003892       0x94 out/BSP_Common/partition/partition.o
                0x0000000023003892                PtTable_Get_Active_Entries_By_Name
 .text.PtTable_Update_Entry
                0x0000000023003926      0x116 out/BSP_Common/partition/partition.o
                0x0000000023003926                PtTable_Update_Entry
 .text.Ring_Buffer_Init
                0x0000000023003a3c       0x1e out/BSP_Common/ring_buffer/ring_buffer.o
                0x0000000023003a3c                Ring_Buffer_Init
 .text.Ring_Buffer_Get_Length
                0x0000000023003a5a       0x56 out/BSP_Common/ring_buffer/ring_buffer.o
                0x0000000023003a5a                Ring_Buffer_Get_Length
 .text.Ring_Buffer_Write_Callback
                0x0000000023003ab0       0xb4 out/BSP_Common/ring_buffer/ring_buffer.o
                0x0000000023003ab0                Ring_Buffer_Write_Callback
 .text.Ring_Buffer_Get_Empty_Length
                0x0000000023003b64       0x1c out/BSP_Common/ring_buffer/ring_buffer.o
                0x0000000023003b64                Ring_Buffer_Get_Empty_Length
 .text.xz_crc32_init
                0x0000000023003b80        0x2 out/BSP_Common/xz/xz_crc32.o
                0x0000000023003b80                xz_crc32_init
 .text.xz_crc32
                0x0000000023003b82       0x34 out/BSP_Common/xz/xz_crc32.o
                0x0000000023003b82                xz_crc32
 .text.lzma_len
                0x0000000023003bb6      0x17c out/BSP_Common/xz/xz_dec_lzma2.o
 .text.dict_repeat.part.1
                0x0000000023003d32       0x66 out/BSP_Common/xz/xz_dec_lzma2.o
 .text.lzma_main
                0x0000000023003d98      0x752 out/BSP_Common/xz/xz_dec_lzma2.o
 .text.xz_dec_lzma2_run
                0x00000000230044ea      0x5ca out/BSP_Common/xz/xz_dec_lzma2.o
                0x00000000230044ea                xz_dec_lzma2_run
 .text.xz_dec_lzma2_create
                0x0000000023004ab4       0x68 out/BSP_Common/xz/xz_dec_lzma2.o
                0x0000000023004ab4                xz_dec_lzma2_create
 .text.xz_dec_lzma2_reset
                0x0000000023004b1c       0x78 out/BSP_Common/xz/xz_dec_lzma2.o
                0x0000000023004b1c                xz_dec_lzma2_reset
 .text.xz_dec_lzma2_end
                0x0000000023004b94       0x2c out/BSP_Common/xz/xz_dec_lzma2.o
                0x0000000023004b94                xz_dec_lzma2_end
 .text.fill_temp
                0x0000000023004bc0       0x72 out/BSP_Common/xz/xz_dec_stream.o
 .text.dec_vli.isra.0
                0x0000000023004c32       0x98 out/BSP_Common/xz/xz_dec_stream.o
 .text.index_update.isra.2
                0x0000000023004cca       0x36 out/BSP_Common/xz/xz_dec_stream.o
 .text.xz_dec_reset
                0x0000000023004d00       0x46 out/BSP_Common/xz/xz_dec_stream.o
                0x0000000023004d00                xz_dec_reset
 .text.xz_dec_run
                0x0000000023004d46      0x79a out/BSP_Common/xz/xz_dec_stream.o
                0x0000000023004d46                xz_dec_run
 .text.xz_dec_init
                0x00000000230054e0       0x46 out/BSP_Common/xz/xz_dec_stream.o
                0x00000000230054e0                xz_dec_init
 .text.xz_dec_end
                0x0000000023005526       0x1e out/BSP_Common/xz/xz_dec_stream.o
                0x0000000023005526                xz_dec_end
 .text.simple_malloc_init
                0x0000000023005544        0x6 out/BSP_Common/xz/xz_port.o
                0x0000000023005544                simple_malloc_init
 .text.simple_malloc
                0x000000002300554a       0x42 out/BSP_Common/xz/xz_port.o
                0x000000002300554a                simple_malloc
 .text.simple_free
                0x000000002300558c        0xe out/BSP_Common/xz/xz_port.o
                0x000000002300558c                simple_free
 .text.SystemInit
                0x000000002300559a       0x94 out/startup/system_bl602.o
                0x000000002300559a                SystemInit
 .text.start_load
                0x000000002300562e      0x126 out/startup/GCC/start_load.o
                0x000000002300562e                start_load
 .text.Interrupt_Handler_Stub
                0x0000000023005754       0x9a out/startup/interrupt.o
                0x0000000023005754                SDIO_IRQHandler_Wrapper
                0x0000000023005754                TIMER_WDT_IRQHandler_Wrapper
                0x0000000023005754                GPIO_INT0_IRQHandler_Wrapper
                0x0000000023005754                SEC_PKA_IRQHandler_Wrapper
                0x0000000023005754                SEC_TRNG_IRQHandler_Wrapper
                0x0000000023005754                MAC_GEN_IRQHandler_Wrapper
                0x0000000023005754                DMA_BMX_ERR_IRQHandler_Wrapper
                0x0000000023005754                EFUSE_IRQHandler_Wrapper
                0x0000000023005754                WIFI_IRQHandler_Wrapper
                0x0000000023005754                SEC_CDET_IRQHandler_Wrapper
                0x0000000023005754                SEC_AES_IRQHandler_Wrapper
                0x0000000023005754                PWM_IRQHandler_Wrapper
                0x0000000023005754                RF_TOP_INT1_IRQHandler_Wrapper
                0x0000000023005754                HBN_OUT0_IRQHandler_Wrapper
                0x0000000023005754                SF_CTRL_IRQHandler_Wrapper
                0x0000000023005754                TIMER_CH0_IRQHandler_Wrapper
                0x0000000023005754                clic_mext_handler_Wrapper
                0x0000000023005754                MAC_TXRX_TIMER_IRQHandler_Wrapper
                0x0000000023005754                Interrupt_Handler_Stub
                0x0000000023005754                clic_csoft_handler_Wrapper
                0x0000000023005754                I2C_IRQHandler_Wrapper
                0x0000000023005754                SPI_IRQHandler_Wrapper
                0x0000000023005754                MAC_PORT_TRG_IRQHandler_Wrapper
                0x0000000023005754                PDS_WAKEUP_IRQHandler_Wrapper
                0x0000000023005754                clic_mtimer_handler_Wrapper
                0x0000000023005754                L1C_BMX_ERR_IRQHandler_Wrapper
                0x0000000023005754                SEC_BMX_ERR_IRQHandler_Wrapper
                0x0000000023005754                MAC_RX_TRG_IRQHandler_Wrapper
                0x0000000023005754                MAC_TX_TRG_IRQHandler_Wrapper
                0x0000000023005754                HBN_OUT1_IRQHandler_Wrapper
                0x0000000023005754                SEC_GMAC_IRQHandler_Wrapper
                0x0000000023005754                clic_msip_handler_Wrapper
                0x0000000023005754                UART1_IRQHandler_Wrapper
                0x0000000023005754                GPADC_DMA_IRQHandler_Wrapper
                0x0000000023005754                MAC_TXRX_MISC_IRQHandler_Wrapper
                0x0000000023005754                DMA_ALL_IRQHandler_Wrapper
                0x0000000023005754                BLE_IRQHandler_Wrapper
                0x0000000023005754                SEC_SHA_IRQHandler_Wrapper
                0x0000000023005754                IRRX_IRQHandler_Wrapper
                0x0000000023005754                BMX_TO_IRQHandler_Wrapper
                0x0000000023005754                TIMER_CH1_IRQHandler_Wrapper
                0x0000000023005754                UART0_IRQHandler_Wrapper
                0x0000000023005754                BMX_ERR_IRQHandler_Wrapper
                0x0000000023005754                WIFI_IPC_PUBLIC_IRQHandler_Wrapper
                0x0000000023005754                L1C_BMX_TO_IRQHandler_Wrapper
                0x0000000023005754                BZ_PHY_IRQHandler_Wrapper
                0x0000000023005754                RF_TOP_INT0_IRQHandler_Wrapper
                0x0000000023005754                IRTX_IRQHandler_Wrapper
                0x0000000023005754                BOR_IRQHandler_Wrapper
 *fill*         0x00000000230057ee       0x12 
 .text.Trap_Handler_Stub
                0x0000000023005800       0xbc out/startup/interrupt.o
                0x0000000023005800                Trap_Handler_Stub
 .text.clic_enable_interrupt
                0x00000000230058bc       0x12 out/startup/interrupt.o
                0x00000000230058bc                clic_enable_interrupt
 .text.clic_disable_interrupt
                0x00000000230058ce       0x10 out/startup/interrupt.o
                0x00000000230058ce                clic_disable_interrupt
 .text.Trap_Handler
                0x00000000230058de      0x126 out/BSP_Driver/BL602_BSP_Driver/StdDriver/bl602_common.o
                0x00000000230058de                Trap_Handler
 .text.Interrupt_Handler
                0x0000000023005a04       0x9a out/BSP_Driver/BL602_BSP_Driver/StdDriver/bl602_common.o
                0x0000000023005a04                Interrupt_Handler
 .text.UART_Init
                0x0000000023005a9e       0xf6 out/BSP_Driver/BL602_BSP_Driver/StdDriver/bl602_uart.o
                0x0000000023005a9e                UART_Init
 .text.UART_FifoConfig
                0x0000000023005b94       0x6a out/BSP_Driver/BL602_BSP_Driver/StdDriver/bl602_uart.o
                0x0000000023005b94                UART_FifoConfig
 .text.UART_Enable
                0x0000000023005bfe       0x34 out/BSP_Driver/BL602_BSP_Driver/StdDriver/bl602_uart.o
                0x0000000023005bfe                UART_Enable
 .text.UART_Disable
                0x0000000023005c32       0x30 out/BSP_Driver/BL602_BSP_Driver/StdDriver/bl602_uart.o
                0x0000000023005c32                UART_Disable
 .text.UART_SetRxTimeoutValue
                0x0000000023005c62       0x1e out/BSP_Driver/BL602_BSP_Driver/StdDriver/bl602_uart.o
                0x0000000023005c62                UART_SetRxTimeoutValue
 .text.UART_TxFreeRun
                0x0000000023005c80       0x28 out/BSP_Driver/BL602_BSP_Driver/StdDriver/bl602_uart.o
                0x0000000023005c80                UART_TxFreeRun
 .text.UART_IntMask
                0x0000000023005ca8       0x48 out/BSP_Driver/BL602_BSP_Driver/StdDriver/bl602_uart.o
                0x0000000023005ca8                UART_IntMask
 .text.UART_Int_Callback_Install
                0x0000000023005cf0        0x4 out/BSP_Driver/BL602_BSP_Driver/StdDriver/bl602_uart.o
                0x0000000023005cf0                UART_Int_Callback_Install
 .text.UART_SendData
                0x0000000023005cf4       0x50 out/BSP_Driver/BL602_BSP_Driver/StdDriver/bl602_uart.o
                0x0000000023005cf4                UART_SendData
 .text.UART_ReceiveData
                0x0000000023005d44       0x4e out/BSP_Driver/BL602_BSP_Driver/StdDriver/bl602_uart.o
                0x0000000023005d44                UART_ReceiveData
 .text.UART_GetRxFifoCount
                0x0000000023005d92       0x1a out/BSP_Driver/BL602_BSP_Driver/StdDriver/bl602_uart.o
                0x0000000023005d92                UART_GetRxFifoCount
 .text.GLB_Set_UART_CLK
                0x0000000023005dac       0x3e out/BSP_Driver/BL602_BSP_Driver/StdDriver/bl602_glb.o
                0x0000000023005dac                GLB_Set_UART_CLK
 .text.GLB_AHB_Slave1_Reset
                0x0000000023005dea       0x34 out/BSP_Driver/BL602_BSP_Driver/StdDriver/bl602_glb.o
                0x0000000023005dea                GLB_AHB_Slave1_Reset
 .text.GLB_Set_EM_Sel
                0x0000000023005e1e       0x10 out/BSP_Driver/BL602_BSP_Driver/StdDriver/bl602_glb.o
                0x0000000023005e1e                GLB_Set_EM_Sel
 .text.GLB_UART_Sig_Swap_Set
                0x0000000023005e2e       0x1c out/BSP_Driver/BL602_BSP_Driver/StdDriver/bl602_glb.o
                0x0000000023005e2e                GLB_UART_Sig_Swap_Set
 .text.GLB_JTAG_Sig_Swap_Set
                0x0000000023005e4a       0x1a out/BSP_Driver/BL602_BSP_Driver/StdDriver/bl602_glb.o
                0x0000000023005e4a                GLB_JTAG_Sig_Swap_Set
 .text.GLB_Set_MTimer_CLK
                0x0000000023005e64       0x4a out/BSP_Driver/BL602_BSP_Driver/StdDriver/bl602_glb.o
                0x0000000023005e64                GLB_Set_MTimer_CLK
 .text.GLB_UART_Fun_Sel
                0x0000000023005eae       0x24 out/BSP_Driver/BL602_BSP_Driver/StdDriver/bl602_glb.o
                0x0000000023005eae                GLB_UART_Fun_Sel
 .text.EF_Ctrl_Read_Secure_Boot
                0x0000000023005ed2       0x40 out/BSP_Driver/BL602_BSP_Driver/StdDriver/bl602_ef_ctrl.o
                0x0000000023005ed2                EF_Ctrl_Read_Secure_Boot
 .text.EF_Ctrl_Read_Sw_Usage
                0x0000000023005f12       0x30 out/BSP_Driver/BL602_BSP_Driver/StdDriver/bl602_ef_ctrl.o
                0x0000000023005f12                EF_Ctrl_Read_Sw_Usage
 .text.EF_Ctrl_Read_MAC_Address
                0x0000000023005f42       0xba out/BSP_Driver/BL602_BSP_Driver/StdDriver/bl602_ef_ctrl.o
                0x0000000023005f42                EF_Ctrl_Read_MAC_Address
 .text.EF_Ctrl_Read_Chip_ID
                0x0000000023005ffc        0xc out/BSP_Driver/BL602_BSP_Driver/StdDriver/bl602_ef_ctrl.o
                0x0000000023005ffc                EF_Ctrl_Read_Chip_ID
 .text.EF_Ctrl_Read_AES_Key
                0x0000000023006008       0x40 out/BSP_Driver/BL602_BSP_Driver/StdDriver/bl602_ef_ctrl.o
                0x0000000023006008                EF_Ctrl_Read_AES_Key
 .text.HBN_Set_UART_CLK_Sel
                0x0000000023006048       0x14 out/BSP_Driver/BL602_BSP_Driver/StdDriver/bl602_hbn.o
                0x0000000023006048                HBN_Set_UART_CLK_Sel
 .text.HBN_Get_Status_Flag
                0x000000002300605c        0xa out/BSP_Driver/BL602_BSP_Driver/StdDriver/bl602_hbn.o
                0x000000002300605c                HBN_Get_Status_Flag
 .text.HBN_Set_BOR_Cfg
                0x0000000023006066       0x5c out/BSP_Driver/BL602_BSP_Driver/StdDriver/bl602_hbn.o
                0x0000000023006066                HBN_Set_BOR_Cfg
 .text.Sec_Eng_SHA256_Update.part.0
                0x00000000230060c2      0x182 out/BSP_Driver/BL602_BSP_Driver/StdDriver/bl602_sec_eng.o
 .text.Sec_Eng_PKA_MREM.part.3
                0x0000000023006244       0x1e out/BSP_Driver/BL602_BSP_Driver/StdDriver/bl602_sec_eng.o
 .text.Sec_Eng_SHA256_Init
                0x0000000023006262       0x5a out/BSP_Driver/BL602_BSP_Driver/StdDriver/bl602_sec_eng.o
                0x0000000023006262                Sec_Eng_SHA256_Init
 .text.Sec_Eng_SHA_Start
                0x00000000230062bc       0x12 out/BSP_Driver/BL602_BSP_Driver/StdDriver/bl602_sec_eng.o
                0x00000000230062bc                Sec_Eng_SHA_Start
 .text.Sec_Eng_SHA256_Update
                0x00000000230062ce        0xe out/BSP_Driver/BL602_BSP_Driver/StdDriver/bl602_sec_eng.o
                0x00000000230062ce                Sec_Eng_SHA256_Update
 .text.Sec_Eng_SHA256_Finish
                0x00000000230062dc      0x22e out/BSP_Driver/BL602_BSP_Driver/StdDriver/bl602_sec_eng.o
                0x00000000230062dc                Sec_Eng_SHA256_Finish
 .text.Sec_Eng_Trng_Enable
                0x000000002300650a       0x54 out/BSP_Driver/BL602_BSP_Driver/StdDriver/bl602_sec_eng.o
                0x000000002300650a                Sec_Eng_Trng_Enable
 .text.Sec_Eng_Trng_Disable
                0x000000002300655e       0x14 out/BSP_Driver/BL602_BSP_Driver/StdDriver/bl602_sec_eng.o
                0x000000002300655e                Sec_Eng_Trng_Disable
 .text.Sec_Eng_PKA_Reset
                0x0000000023006572       0x10 out/BSP_Driver/BL602_BSP_Driver/StdDriver/bl602_sec_eng.o
                0x0000000023006572                Sec_Eng_PKA_Reset
 .text.Sec_Eng_PKA_BigEndian_Enable
                0x0000000023006582       0x12 out/BSP_Driver/BL602_BSP_Driver/StdDriver/bl602_sec_eng.o
                0x0000000023006582                Sec_Eng_PKA_BigEndian_Enable
 .text.Sec_Eng_PKA_Write_Data
                0x0000000023006594       0xc2 out/BSP_Driver/BL602_BSP_Driver/StdDriver/bl602_sec_eng.o
                0x0000000023006594                Sec_Eng_PKA_Write_Data
 .text.Sec_Eng_PKA_Read_Data
                0x0000000023006656       0xc2 out/BSP_Driver/BL602_BSP_Driver/StdDriver/bl602_sec_eng.o
                0x0000000023006656                Sec_Eng_PKA_Read_Data
 .text.Sec_Eng_PKA_CREG
                0x0000000023006718       0x64 out/BSP_Driver/BL602_BSP_Driver/StdDriver/bl602_sec_eng.o
                0x0000000023006718                Sec_Eng_PKA_CREG
 .text.Sec_Eng_PKA_Move_Data
                0x000000002300677c       0x6a out/BSP_Driver/BL602_BSP_Driver/StdDriver/bl602_sec_eng.o
                0x000000002300677c                Sec_Eng_PKA_Move_Data
 .text.Sec_Eng_PKA_MSUB
                0x00000000230067e6       0x9e out/BSP_Driver/BL602_BSP_Driver/StdDriver/bl602_sec_eng.o
                0x00000000230067e6                Sec_Eng_PKA_MSUB
 .text.Sec_Eng_PKA_MREM
                0x0000000023006884       0x66 out/BSP_Driver/BL602_BSP_Driver/StdDriver/bl602_sec_eng.o
                0x0000000023006884                Sec_Eng_PKA_MREM
 .text.Sec_Eng_PKA_MMUL
                0x00000000230068ea       0x9e out/BSP_Driver/BL602_BSP_Driver/StdDriver/bl602_sec_eng.o
                0x00000000230068ea                Sec_Eng_PKA_MMUL
 .text.Sec_Eng_PKA_MINV
                0x0000000023006988       0x80 out/BSP_Driver/BL602_BSP_Driver/StdDriver/bl602_sec_eng.o
                0x0000000023006988                Sec_Eng_PKA_MINV
 .text.Sec_Eng_PKA_LCMP
                0x0000000023006a08       0x6a out/BSP_Driver/BL602_BSP_Driver/StdDriver/bl602_sec_eng.o
                0x0000000023006a08                Sec_Eng_PKA_LCMP
 .text.Sec_Eng_PKA_LMUL
                0x0000000023006a72       0x64 out/BSP_Driver/BL602_BSP_Driver/StdDriver/bl602_sec_eng.o
                0x0000000023006a72                Sec_Eng_PKA_LMUL
 .text.Sec_Eng_PKA_GF2Mont
                0x0000000023006ad6       0x46 out/BSP_Driver/BL602_BSP_Driver/StdDriver/bl602_sec_eng.o
                0x0000000023006ad6                Sec_Eng_PKA_GF2Mont
 .text.Sec_Eng_PKA_Mont2GF
                0x0000000023006b1c       0x5c out/BSP_Driver/BL602_BSP_Driver/StdDriver/bl602_sec_eng.o
                0x0000000023006b1c                Sec_Eng_PKA_Mont2GF
 .text.bflb_platform_uart_dbg_init
                0x0000000023006b78       0xe0 out/BSP_Driver/BL602_BSP_Driver/platform_print/platform_device.o
                0x0000000023006b78                bflb_platform_uart_dbg_init
 .text.bflb_platform_uart_dbg_deinit
                0x0000000023006c58       0x1a out/BSP_Driver/BL602_BSP_Driver/platform_print/platform_device.o
                0x0000000023006c58                bflb_platform_uart_dbg_deinit
 .text.bflb_platform_printf
                0x0000000023006c72       0x54 out/BSP_Driver/BL602_BSP_Driver/platform_print/platform_device.o
                0x0000000023006c72                bflb_platform_printf
 .text.UART_RTO_Cbf.part.0
                0x0000000023006cc6       0x28 out/BSP_Driver/BL602_BSP_Driver/platform_print/platform_device.o
 .text.UART_RFR_Cbf
                0x0000000023006cee       0x48 out/BSP_Driver/BL602_BSP_Driver/platform_print/platform_device.o
 .text.UART_RTO_Cbf
                0x0000000023006d36       0x48 out/BSP_Driver/BL602_BSP_Driver/platform_print/platform_device.o
 .text.bflb_platform_get_time_ms
                0x0000000023006d7e       0x8c out/BSP_Driver/BL602_BSP_Driver/platform_print/platform_device.o
                0x0000000023006d7e                bflb_platform_get_time_ms
 .text.bflb_platform_init_time
                0x0000000023006e0a       0x2a out/BSP_Driver/BL602_BSP_Driver/platform_print/platform_device.o
                0x0000000023006e0a                bflb_platform_init_time
 .text.bflb_platform_deinit_time
                0x0000000023006e34        0x6 out/BSP_Driver/BL602_BSP_Driver/platform_print/platform_device.o
                0x0000000023006e34                bflb_platform_deinit_time
 .text.bflb_platform_init
                0x0000000023006e3a       0x58 out/BSP_Driver/BL602_BSP_Driver/platform_print/platform_device.o
                0x0000000023006e3a                bflb_platform_init
 .text.bflb_platform_deinit
                0x0000000023006e92       0x3a out/BSP_Driver/BL602_BSP_Driver/platform_print/platform_device.o
                0x0000000023006e92                bflb_platform_deinit
 .text.bflb_platform_print_set
                0x0000000023006ecc        0x6 out/BSP_Driver/BL602_BSP_Driver/platform_print/platform_device.o
                0x0000000023006ecc                bflb_platform_print_set
 *(.rodata)
 *fill*         0x0000000023006ed2        0x2 
 .rodata        0x0000000023006ed4        0x6 out/Examples/BLSP_Boot2/blsp_boot_decompress.o
 *fill*         0x0000000023006eda        0x2 
 .rodata        0x0000000023006edc       0x10 out/BSP_Driver/BL602_BSP_Driver/platform_print/platform_device.o
 .rodata        0x0000000023006eec      0x100 /d/download/riscv64-unknown-elf-gcc-8.2.0-2019.05.3-x86_64-linux-ubuntu14/bin/../lib/gcc/riscv64-unknown-elf/8.2.0/rv32imafc/ilp32f/libgcc.a(_clz.o)
                0x0000000023006eec                __clz_tab
 *(.rodata.*)
 .rodata.BLSP_Boot2_Deal_One_FW.str1.4
                0x0000000023006fec       0xf5 out/Examples/BLSP_Boot2/blsp_boot2.o
 *fill*         0x00000000230070e1        0x3 
 .rodata.main.str1.4
                0x00000000230070e4      0x20e out/Examples/BLSP_Boot2/blsp_boot2.o
                                        0x216 (size before relaxing)
 *fill*         0x00000000230072f2        0x2 
 .rodata.BLSP_Dump_Data.str1.4
                0x00000000230072f4        0x6 out/Examples/BLSP_Boot2/blsp_common.o
                                          0xa (size before relaxing)
 *fill*         0x00000000230072fa        0x2 
 .rodata.BLSP_MediaBoot_Main.str1.4
                0x00000000230072fc       0xf3 out/Examples/BLSP_Boot2/blsp_media_boot.o
 *fill*         0x00000000230073ef        0x1 
 .rodata.BLSP_Boot_Parse_AesIv.str1.4
                0x00000000230073f0       0x13 out/Examples/BLSP_Boot2/blsp_boot_parser.o
 *fill*         0x0000000023007403        0x1 
 .rodata.BLSP_Boot_Parse_BootHeader.str1.4
                0x0000000023007404       0x85 out/Examples/BLSP_Boot2/blsp_boot_parser.o
 *fill*         0x0000000023007489        0x3 
 .rodata.BLSP_Boot_Parse_PKey.str1.4
                0x000000002300748c       0x1f out/Examples/BLSP_Boot2/blsp_boot_parser.o
 *fill*         0x00000000230074ab        0x1 
 .rodata.BLSP_Boot_Parse_Signature.str1.4
                0x00000000230074ac       0x10 out/Examples/BLSP_Boot2/blsp_boot_parser.o
 .rodata.BLSP_Boot_Parser_Check_Hash.str1.4
                0x00000000230074bc        0xd out/Examples/BLSP_Boot2/blsp_boot_parser.o
 *fill*         0x00000000230074c9        0x3 
 .rodata.BLSP_Boot_Parser_Check_Signature.str1.4
                0x00000000230074cc       0x42 out/Examples/BLSP_Boot2/blsp_boot_parser.o
 *fill*         0x000000002300750e        0x2 
 .rodata.BLSP_Boot2_Fw_Decompress.str1.4
                0x0000000023007510       0xc1 out/Examples/BLSP_Boot2/blsp_boot_decompress.o
 *fill*         0x00000000230075d1        0x3 
 .rodata.BLSP_Boot2_Update_Fw.str1.4
                0x00000000230075d4       0x79 out/Examples/BLSP_Boot2/blsp_boot_decompress.o
 *fill*         0x000000002300764d        0x3 
 .rodata.BLSP_Boot2_Show_Timer.str1.4
                0x0000000023007650       0x12 out/Examples/BLSP_Boot2/blsp_port.o
 *fill*         0x0000000023007662        0x2 
 .rodata.bflb_ecdsa_verify_point_mul.isra.5.str1.4
                0x0000000023007664       0x35 out/BSP_Common/cipher_suite/bflb_ecdsa.o
 *fill*         0x0000000023007699        0x3 
 .rodata.secp256r1InvR_N
                0x000000002300769c       0x20 out/BSP_Common/cipher_suite/bflb_ecdsa.o
                0x000000002300769c                secp256r1InvR_N
 .rodata.secp256r1InvR_P
                0x00000000230076bc       0x20 out/BSP_Common/cipher_suite/bflb_ecdsa.o
                0x00000000230076bc                secp256r1InvR_P
 .rodata.secp256r1N
                0x00000000230076dc       0x20 out/BSP_Common/cipher_suite/bflb_ecdsa.o
                0x00000000230076dc                secp256r1N
 .rodata.secp256r1P
                0x00000000230076fc       0x20 out/BSP_Common/cipher_suite/bflb_ecdsa.o
                0x00000000230076fc                secp256r1P
 .rodata.secp256r1PrimeN_N
                0x000000002300771c       0x20 out/BSP_Common/cipher_suite/bflb_ecdsa.o
                0x000000002300771c                secp256r1PrimeN_N
 .rodata.secp256r1PrimeN_P
                0x000000002300773c       0x20 out/BSP_Common/cipher_suite/bflb_ecdsa.o
                0x000000002300773c                secp256r1PrimeN_P
 .rodata.secp256r1_1
                0x000000002300775c       0x20 out/BSP_Common/cipher_suite/bflb_ecdsa.o
                0x000000002300775c                secp256r1_1
 .rodata.secp256r1_1M1
                0x000000002300777c       0x20 out/BSP_Common/cipher_suite/bflb_ecdsa.o
                0x000000002300777c                secp256r1_1M1
 .rodata.secp256r1_1P1
                0x000000002300779c       0x20 out/BSP_Common/cipher_suite/bflb_ecdsa.o
                0x000000002300779c                secp256r1_1P1
 .rodata.secp256r1_BAR2
                0x00000000230077bc       0x20 out/BSP_Common/cipher_suite/bflb_ecdsa.o
                0x00000000230077bc                secp256r1_BAR2
 .rodata.secp256r1_BAR3
                0x00000000230077dc       0x20 out/BSP_Common/cipher_suite/bflb_ecdsa.o
                0x00000000230077dc                secp256r1_BAR3
 .rodata.secp256r1_BAR4
                0x00000000230077fc       0x20 out/BSP_Common/cipher_suite/bflb_ecdsa.o
                0x00000000230077fc                secp256r1_BAR4
 .rodata.secp256r1_BAR8
                0x000000002300781c       0x20 out/BSP_Common/cipher_suite/bflb_ecdsa.o
                0x000000002300781c                secp256r1_BAR8
 .rodata.secp256r1_Gx
                0x000000002300783c       0x20 out/BSP_Common/cipher_suite/bflb_ecdsa.o
                0x000000002300783c                secp256r1_Gx
 .rodata.secp256r1_Gy
                0x000000002300785c       0x20 out/BSP_Common/cipher_suite/bflb_ecdsa.o
                0x000000002300785c                secp256r1_Gy
 .rodata.secp256r1_Zerox
                0x000000002300787c       0x20 out/BSP_Common/cipher_suite/bflb_ecdsa.o
                0x000000002300787c                secp256r1_Zerox
 .rodata.secp256r1_Zeroy
                0x000000002300789c       0x20 out/BSP_Common/cipher_suite/bflb_ecdsa.o
                0x000000002300789c                secp256r1_Zeroy
 .rodata.lcdigits.1536
                0x00000000230078bc       0x11 out/BSP_Common/libc/vsnprintf.o
 *fill*         0x00000000230078cd        0x3 
 .rodata.ucdigits.1537
                0x00000000230078d0       0x11 out/BSP_Common/libc/vsnprintf.o
 *fill*         0x00000000230078e1        0x3 
 .rodata.vsnprintf.str1.4
                0x00000000230078e4        0x7 out/BSP_Common/libc/vsnprintf.o
 *fill*         0x00000000230078eb        0x1 
 .rodata.crc32Tab
                0x00000000230078ec      0x400 out/BSP_Common/soft_crc/softcrc.o
                0x00000000230078ec                crc32Tab
 .rodata.xz_dec_run.str1.4
                0x0000000023007cec        0xb out/BSP_Common/xz/xz_dec_stream.o
 *fill*         0x0000000023007cf7        0x1 
 .rodata.simple_free.str1.4
                0x0000000023007cf8       0x13 out/BSP_Common/xz/xz_port.o
 *fill*         0x0000000023007d0b        0x1 
 .rodata.simple_malloc.str1.4
                0x0000000023007d0c       0x13 out/BSP_Common/xz/xz_port.o
 *fill*         0x0000000023007d1f        0x1 
 .rodata.Interrupt_Handler.str1.4
                0x0000000023007d20       0x8a out/BSP_Driver/BL602_BSP_Driver/StdDriver/bl602_common.o
 *fill*         0x0000000023007daa        0x2 
 .rodata.Trap_Handler.str1.4
                0x0000000023007dac      0x13b out/BSP_Driver/BL602_BSP_Driver/StdDriver/bl602_common.o
 *fill*         0x0000000023007ee7        0x1 
 .rodata.uartAddr
                0x0000000023007ee8        0x8 out/BSP_Driver/BL602_BSP_Driver/StdDriver/bl602_uart.o
 .rodata.CSWTCH.116
                0x0000000023007ef0       0x14 out/BSP_Driver/BL602_BSP_Driver/StdDriver/bl602_sec_eng.o
 .rodata.UART_RTO_Cbf.part.0.str1.4
                0x0000000023007f04       0x11 out/BSP_Driver/BL602_BSP_Driver/platform_print/platform_device.o
 *fill*         0x0000000023007f15        0x3 
 .rodata.bflb_platform_init.str1.4
                0x0000000023007f18       0x14 out/BSP_Driver/BL602_BSP_Driver/platform_print/platform_device.o
                                         0x13 (size before relaxing)
 *(.srodata)
 .srodata       0x0000000023007f2c        0x4 out/startup/system_bl602.o
 .srodata       0x0000000023007f30        0x4 out/BSP_Driver/BL602_BSP_Driver/platform_print/platform_device.o
 *(.srodata.*)
                0x0000000023007f34                . = ALIGN (0x4)
                0x0000000023007f34                __text_code_end__ = .
                0x0000000023007f34                . = ALIGN (0x4)
                0x0000000023007f34                __itcm_load_addr = .

.itcm_region    0x0000000022010000      0x9b4 load address 0x0000000023007f34
                0x0000000022010000                . = ALIGN (0x4)
                0x0000000022010000                __tcm_code_start__ = .
 *(.tcm_code)
 .tcm_code      0x0000000022010000      0x124 out/Examples/BLSP_Boot2/blsp_common.o
                0x0000000022010000                BLSP_Boot2_Jump_Entry
 .tcm_code      0x0000000022010124       0x14 out/Examples/BLSP_Boot2/blsp_media_boot.o
                0x0000000022010124                BLSP_MediaBoot_Read
 .tcm_code      0x0000000022010138      0x1d8 out/Examples/BLSP_Boot2/blsp_port.o
                0x0000000022010138                BLSP_Sboot_Finish
                0x0000000022010148                BLSP_Boot2_Get_Clk_Cfg
                0x0000000022010162                BLSP_Boot2_Get_Efuse_Cfg
                0x00000000220101c2                BLSP_Boot2_Releae_Other_CPU
                0x00000000220101c4                BLSP_Boot2_Update_System_Flash_Clk
                0x00000000220101c6                BLSP_Boot2_Set_Encrypt
                0x000000002201022e                BLSP_Boot2_Set_Cache
                0x00000000220102be                BLSP_Boot2_Get_TX_GPIO
                0x00000000220102c8                BLSP_Boot2_Get_Feature_Flag
                0x00000000220102e8                BLSP_Boot2_Get_Log_Disable_Flag
                0x00000000220102f2                BLSP_Boot2_8M_Support_Flag
                0x00000000220102fc                BLSP_Boot2_Dump_Critical_Flag
                0x0000000022010306                BLSP_Boot2_Get_Baudrate
 .tcm_code      0x0000000022010310      0x550 out/BSP_Driver/BL602_BSP_Driver/StdDriver/bl602_romapi.o
                0x0000000022010310                AON_Power_On_BG
                0x000000002201031a                AON_Power_Off_BG
                0x0000000022010324                AON_Power_On_LDO11_SOC
                0x000000002201032e                AON_Power_Off_LDO11_SOC
                0x0000000022010338                AON_Power_On_LDO15_RF
                0x0000000022010342                AON_Power_Off_LDO15_RF
                0x000000002201034c                AON_Power_On_SFReg
                0x0000000022010356                AON_Power_Off_SFReg
                0x0000000022010360                AON_LowPower_Enter_PDS0
                0x000000002201036a                AON_LowPower_Exit_PDS0
                0x0000000022010374                ASM_Delay_Us
                0x000000002201037e                BL602_Delay_US
                0x0000000022010388                BL602_Delay_MS
                0x0000000022010392                BL602_MemCpy
                0x000000002201039c                BL602_MemCpy4
                0x00000000220103a6                BL602_MemCpy_Fast
                0x00000000220103b0                BL602_MemSet
                0x00000000220103ba                BL602_MemSet4
                0x00000000220103c4                BL602_MemCmp
                0x00000000220103ce                EF_Ctrl_Sw_AHB_Clk_0
                0x00000000220103d8                EF_Ctrl_Program_Efuse_0
                0x00000000220103e2                EF_Ctrl_Load_Efuse_R0
                0x00000000220103ec                EF_Ctrl_Busy
                0x00000000220103f6                EF_Ctrl_AutoLoad_Done
                0x0000000022010400                EF_Ctrl_Clear
                0x000000002201040a                GLB_SW_System_Reset
                0x0000000022010414                GLB_SW_CPU_Reset
                0x000000002201041e                GLB_SW_POR_Reset
                0x0000000022010428                GLB_Select_Internal_Flash
                0x0000000022010432                GLB_Select_External_Flash
                0x000000002201043c                GLB_Deswap_Flash_Pin
                0x0000000022010446                GLB_Swap_Flash_Pin
                0x0000000022010450                GLB_GPIO_Init
                0x000000002201045a                GLB_GPIO_OUTPUT_Enable
                0x0000000022010464                GLB_GPIO_OUTPUT_Disable
                0x000000002201046e                GLB_GPIO_Set_HZ
                0x0000000022010478                GLB_GPIO_Get_Fun
                0x0000000022010482                HBN_Mode_Enter
                0x000000002201048c                HBN_Power_Down_Flash
                0x0000000022010496                HBN_Enable
                0x00000000220104a0                HBN_Reset
                0x00000000220104aa                HBN_Set_Ldo11_Aon_Vout
                0x00000000220104b4                HBN_Set_Ldo11_Rt_Vout
                0x00000000220104be                HBN_Set_Ldo11_Soc_Vout
                0x00000000220104c8                HBN_Hw_Pu_Pd_Cfg
                0x00000000220104d2                HBN_Pin_WakeUp_Mask
                0x00000000220104dc                HBN_GPIO7_Dbg_Pull_Cfg
                0x00000000220104e6                HBN_Set_Embedded_Flash_Pullup
                0x00000000220104f0                L1C_Set_Wrap
                0x00000000220104fa                L1C_Set_Way_Disable
                0x0000000022010504                L1C_IROM_2T_Access_Set
                0x000000002201050e                PDS_Reset
                0x0000000022010518                PDS_Force_Config
                0x0000000022010522                PDS_RAM_Config
                0x000000002201052c                PDS_Default_Level_Config
                0x0000000022010536                SEC_Eng_Turn_On_Sec_Ring
                0x0000000022010540                SEC_Eng_Turn_Off_Sec_Ring
                0x000000002201054a                SFlash_Init
                0x0000000022010554                SFlash_SetSPIMode
                0x000000002201055e                SFlash_Read_Reg
                0x0000000022010568                SFlash_Write_Reg
                0x0000000022010572                SFlash_Busy
                0x000000002201057c                SFlash_Write_Enable
                0x0000000022010586                SFlash_Qspi_Enable
                0x0000000022010590                SFlash_Volatile_Reg_Write_Enable
                0x000000002201059a                SFlash_Chip_Erase
                0x00000000220105a4                SFlash_Sector_Erase
                0x00000000220105ae                SFlash_Blk32_Erase
                0x00000000220105b8                SFlash_Blk64_Erase
                0x00000000220105c2                SFlash_Erase
                0x00000000220105cc                SFlash_Program
                0x00000000220105d6                SFlash_GetUniqueId
                0x00000000220105e0                SFlash_GetJedecId
                0x00000000220105ea                SFlash_GetDeviceId
                0x00000000220105f4                SFlash_Powerdown
                0x00000000220105fe                SFlash_Releae_Powerdown
                0x0000000022010608                SFlash_SetBurstWrap
                0x0000000022010612                SFlash_DisableBurstWrap
                0x000000002201061c                SFlash_Software_Reset
                0x0000000022010626                SFlash_Reset_Continue_Read
                0x0000000022010630                SFlash_Set_IDbus_Cfg
                0x000000002201063a                SFlash_IDbus_Read_Enable
                0x0000000022010644                SFlash_Cache_Enable_Set
                0x000000002201064e                SFlash_Cache_Flush
                0x0000000022010658                SFlash_Cache_Read_Enable
                0x0000000022010662                SFlash_Cache_Hit_Count_Get
                0x000000002201066c                SFlash_Cache_Miss_Count_Get
                0x0000000022010676                SFlash_Cache_Read_Disable
                0x0000000022010680                SFlash_Read
                0x000000002201068a                SFlash_Read_Reg_With_Cmd
                0x0000000022010694                SFlash_Write_Reg_With_Cmd
                0x000000002201069e                SF_Cfg_Init_Ext_Flash_Gpio
                0x00000000220106a8                SF_Cfg_Init_Internal_Flash_Gpio
                0x00000000220106b2                SF_Cfg_Deinit_Ext_Flash_Gpio
                0x00000000220106bc                SF_Cfg_Restore_GPIO17_Fun
                0x00000000220106c6                SF_Cfg_Get_Flash_Cfg_Need_Lock
                0x00000000220106d0                SF_Cfg_Init_Flash_Gpio
                0x00000000220106da                SF_Cfg_Flash_Identify
                0x00000000220106e4                SF_Ctrl_Enable
                0x00000000220106ee                SF_Ctrl_Select_Pad
                0x00000000220106f8                SF_Ctrl_Set_Owner
                0x0000000022010702                SF_Ctrl_Disable
                0x000000002201070c                SF_Ctrl_AES_Enable_BE
                0x0000000022010716                SF_Ctrl_AES_Enable_LE
                0x0000000022010720                SF_Ctrl_AES_Set_Region
                0x000000002201072a                SF_Ctrl_AES_Set_Key
                0x0000000022010734                SF_Ctrl_AES_Set_Key_BE
                0x000000002201073e                SF_Ctrl_AES_Set_IV
                0x0000000022010748                SF_Ctrl_AES_Set_IV_BE
                0x0000000022010752                SF_Ctrl_AES_Enable
                0x000000002201075c                SF_Ctrl_AES_Disable
                0x0000000022010766                SF_Ctrl_Set_Flash_Image_Offset
                0x0000000022010770                SF_Ctrl_Get_Flash_Image_Offset
                0x000000002201077a                SF_Ctrl_Select_Clock
                0x0000000022010784                SF_Ctrl_SendCmd
                0x000000002201078e                SF_Ctrl_Icache_Set
                0x0000000022010798                SF_Ctrl_Icache2_Set
                0x00000000220107a2                SF_Ctrl_GetBusyState
                0x00000000220107ac                SF_Ctrl_Is_AES_Enable
                0x00000000220107b6                SF_Ctrl_Get_Clock_Delay
                0x00000000220107c0                SF_Ctrl_Set_Clock_Delay
                0x00000000220107ca                XIP_SFlash_State_Save
                0x00000000220107d4                XIP_SFlash_State_Restore
                0x00000000220107de                XIP_SFlash_Erase_Need_Lock
                0x00000000220107e8                XIP_SFlash_Write_Need_Lock
                0x00000000220107f2                XIP_SFlash_Read_Need_Lock
                0x00000000220107fc                XIP_SFlash_GetJedecId_Need_Lock
                0x0000000022010806                XIP_SFlash_GetDeviceId_Need_Lock
                0x0000000022010810                XIP_SFlash_GetUniqueId_Need_Lock
                0x000000002201081a                XIP_SFlash_Read_Via_Cache_Need_Lock
                0x0000000022010824                XIP_SFlash_Read_With_Lock
                0x000000002201082e                XIP_SFlash_Write_With_Lock
                0x0000000022010838                XIP_SFlash_Erase_With_Lock
                0x0000000022010842                XIP_SFlash_Opt_Enter
                0x000000002201084c                XIP_SFlash_Opt_Exit
                0x0000000022010856                BFLB_Soft_CRC32
 *(.tcm_const)
 *(.sclock_rlt_code)
 .sclock_rlt_code
                0x0000000022010860      0x154 out/BSP_Driver/BL602_BSP_Driver/StdDriver/bl602_romapi.o
                0x0000000022010860                AON_Power_On_MBG
                0x000000002201086a                AON_Power_Off_MBG
                0x0000000022010874                AON_Power_On_XTAL
                0x000000002201087e                AON_Set_Xtal_CapCode
                0x0000000022010888                AON_Get_Xtal_CapCode
                0x0000000022010892                AON_Power_Off_XTAL
                0x000000002201089c                EF_Ctrl_Get_Trim_Parity
                0x00000000220108a6                EF_Ctrl_Read_RC32M_Trim
                0x00000000220108b0                EF_Ctrl_Read_RC32K_Trim
                0x00000000220108ba                GLB_Get_Root_CLK_Sel
                0x00000000220108c4                GLB_Set_System_CLK_Div
                0x00000000220108ce                GLB_Get_BCLK_Div
                0x00000000220108d8                GLB_Get_HCLK_Div
                0x00000000220108e2                Update_SystemCoreClockWith_XTAL
                0x00000000220108ec                GLB_Set_System_CLK
                0x00000000220108f6                System_Core_Clock_Update_From_RC32M
                0x0000000022010900                GLB_Set_SF_CLK
                0x000000002201090a                GLB_Set_PKA_CLK_Sel
                0x0000000022010914                HBN_32K_Sel
                0x000000002201091e                HBN_Set_ROOT_CLK_Sel
                0x0000000022010928                HBN_Power_On_Xtal_32K
                0x0000000022010932                HBN_Power_Off_Xtal_32K
                0x000000002201093c                HBN_Power_On_RC32K
                0x0000000022010946                HBN_Power_Off_RC32K
                0x0000000022010950                HBN_Trim_RC32K
                0x000000002201095a                PDS_Trim_RC32M
                0x0000000022010964                PDS_Select_RC32M_As_PLL_Ref
                0x000000002201096e                PDS_Select_XTAL_As_PLL_Ref
                0x0000000022010978                PDS_Power_On_PLL
                0x0000000022010982                PDS_Enable_PLL_All_Clks
                0x000000002201098c                PDS_Disable_PLL_All_Clks
                0x0000000022010996                PDS_Enable_PLL_Clk
                0x00000000220109a0                PDS_Disable_PLL_Clk
                0x00000000220109aa                PDS_Power_Off_PLL
 *(.sclock_rlt_const)
 *bl602_romapi.o(.text)
 *bl602_romapi.o(.text.*)
 *bl602_romapi.o(.rodata)
 *bl602_romapi.o(.rodata.*)
 *bl602_romapi.o(.srodata)
 *bl602_romapi.o(.srodata.*)
                0x00000000220109b4                . = ALIGN (0x4)
                0x00000000220109b4                __tcm_code_end__ = .
                0x00000000230088e8                __dtcm_load_addr = (__itcm_load_addr + SIZEOF (.itcm_region))

.rela.dyn       0x00000000220109b4        0x0 load address 0x00000000230088e8
 .rela.text.start_load
                0x00000000220109b4        0x0 out/Examples/BLSP_Boot2/blsp_boot2.o
 .rela.init     0x00000000220109b4        0x0 out/Examples/BLSP_Boot2/blsp_boot2.o
 .rela.text.metal.init.enter
                0x00000000220109b4        0x0 out/Examples/BLSP_Boot2/blsp_boot2.o

.dtcm_region    0x0000000042014000        0x0 load address 0x00000000230088e8
                0x0000000042014000                . = ALIGN (0x4)
                0x0000000042014000                __tcm_data_start__ = .
 *(.tcm_data)
                0x0000000042014000                . = ALIGN (0x4)
                0x0000000042014000                __tcm_data_end__ = .

.stack_dummy    0x0000000042014000      0x400
                0x0000000042014000                . = ALIGN (0x4)
                0x0000000042014400                . = (. + StackSize)
 *fill*         0x0000000042014000      0x400 
                0x0000000042014400                . = ALIGN (0x4)
                0x0000000042020000                __StackTop = (ORIGIN (dtcm_memory) + LENGTH (dtcm_memory))
                0x000000004201fc00                __StackLimit = (__StackTop - SIZEOF (.stack_dummy))
                0x0000000000000001                ASSERT ((__StackLimit >= __tcm_data_end__), region RAM overflowed with stack)
                0x00000000230088e8                __system_ram_load_addr = (__dtcm_load_addr + SIZEOF (.dtcm_region))

.system_ram_data_region
                0x0000000042020000     0x1080 load address 0x00000000230088e8
                0x0000000042020000                . = ALIGN (0x4)
                0x0000000042020000                __system_ram_data_start__ = .
 *(.system_ram)
 .system_ram    0x0000000042020000     0x1000 out/Examples/BLSP_Boot2/blsp_boot2.o
                0x0000000042020000                boot2ReadBuf
 .system_ram    0x0000000042021000       0x80 out/Examples/BLSP_Boot2/blsp_boot_parser.o
                0x0000000042021080                . = ALIGN (0x4)
                0x0000000042021080                __system_ram_data_end__ = .
                0x0000000023009968                __ram_load_addr = (__system_ram_load_addr + SIZEOF (.system_ram_data_region))

RAM_DATA        0x0000000042021080       0x1c load address 0x0000000023009968
                0x0000000042021080                . = ALIGN (0x4)
                0x0000000042021080                __ram_data_start__ = .
                0x0000000042021880                PROVIDE (__global_pointer$ = (. + 0x800))
 *(.data)
 *(.data.*)
 .data.bootCpuCfg
                0x0000000042021080       0x18 out/Examples/BLSP_Boot2/blsp_boot2.o
                0x0000000042021080                bootCpuCfg
 *(.sdata)
 *(.sdata.*)
 .sdata.boot2Flag.9249
                0x0000000042021098        0x1 out/Examples/BLSP_Boot2/blsp_port.o
 .sdata.index.8374
                0x0000000042021099        0x1 out/BSP_Common/partition/partition.o
 *(.sdata2)
 *(.sdata2.*)
                0x000000004202109c                . = ALIGN (0x4)
 *fill*         0x000000004202109a        0x2 
                0x000000004202109c                __ram_data_end__ = .

.bss            0x000000004202109c      0x8b4 load address 0x0000000023009984
                0x000000004202109c                . = ALIGN (0x4)
                0x000000004202109c                __bss_start__ = .
 *(.bss*)
 .bss.bootImgCfg
                0x000000004202109c      0x5c0 out/Examples/BLSP_Boot2/blsp_boot2.o
                0x000000004202109c                bootImgCfg
 .bss.efuseCfg  0x000000004202165c       0x50 out/Examples/BLSP_Boot2/blsp_boot2.o
                0x000000004202165c                efuseCfg
 .bss.flashCfg  0x00000000420216ac       0x54 out/Examples/BLSP_Boot2/blsp_boot2.o
                0x00000000420216ac                flashCfg
 .bss.shaCtx    0x0000000042021700       0x14 out/Examples/BLSP_Boot2/blsp_boot_parser.o
                0x0000000042021700                shaCtx
 .bss.__Interrupt_Handlers
                0x0000000042021714      0x140 out/BSP_Driver/BL602_BSP_Driver/StdDriver/bl602_common.o
                0x0000000042021714                __Interrupt_Handlers
 .bss.print_buf.8760
                0x0000000042021854       0x80 out/BSP_Driver/BL602_BSP_Driver/platform_print/platform_device.o
 .bss.uartBuf   0x00000000420218d4       0x40 out/BSP_Driver/BL602_BSP_Driver/platform_print/platform_device.o
 .bss.uartRB    0x0000000042021914       0x18 out/BSP_Driver/BL602_BSP_Driver/platform_print/platform_device.o
 *(.sbss*)
 .sbss.cpuCount
                0x000000004202192c        0x1 out/Examples/BLSP_Boot2/blsp_boot2.o
                0x000000004202192c                cpuCount
 .sbss.psMode   0x000000004202192d        0x1 out/Examples/BLSP_Boot2/blsp_boot2.o
                0x000000004202192d                psMode
 *fill*         0x000000004202192e        0x2 
 .sbss.userHashIgnored
                0x0000000042021930        0x4 out/Examples/BLSP_Boot2/blsp_boot2.o
                0x0000000042021930                userHashIgnored
 .sbss.pParameter.9191
                0x0000000042021934        0x4 out/Examples/BLSP_Boot2/blsp_port.o
 .sbss.PtTable_Flash_Erase
                0x0000000042021938        0x4 out/BSP_Common/partition/partition.o
                0x0000000042021938                PtTable_Flash_Erase
 .sbss.PtTable_Flash_Read
                0x000000004202193c        0x4 out/BSP_Common/partition/partition.o
                0x000000004202193c                PtTable_Flash_Read
 .sbss.PtTable_Flash_Write
                0x0000000042021940        0x4 out/BSP_Common/partition/partition.o
                0x0000000042021940                PtTable_Flash_Write
 .sbss.malloced
                0x0000000042021944        0x4 out/BSP_Common/xz/xz_port.o
 .sbss.init_flag
                0x0000000042021948        0x4 out/BSP_Driver/BL602_BSP_Driver/platform_print/platform_device.o
 .sbss.uart_dbg_disable
                0x000000004202194c        0x1 out/BSP_Driver/BL602_BSP_Driver/platform_print/platform_device.o
 *(COMMON)
                0x0000000042021950                . = ALIGN (0x4)
 *fill*         0x000000004202194d        0x3 
                0x0000000042021950                __bss_end__ = .

.noinit_data    0x0000000042021950    0x11000 load address 0x000000002300a238
                0x0000000042021950                . = ALIGN (0x4)
                0x0000000042021950                __noinit_data_start__ = .
 *(.noinit_data*)
 .noinit_data   0x0000000042021950     0x1000 out/Examples/BLSP_Boot2/blsp_boot_decompress.o
 .noinit_data   0x0000000042022950    0x10000 out/BSP_Common/xz/xz_port.o
                0x0000000042032950                . = ALIGN (0x4)
                0x0000000042032950                __noinit_data_end__ = .

.heap           0x0000000042032950        0x0
                0x0000000042032950                . = ALIGN (0x4)
                0x0000000042032950                __HeapBase = .
 *(.heap*)
                0x0000000042032950                . = ALIGN (0x4)
                0x0000000042032950                __HeapLimit = .
OUTPUT(out/Examples/BLSP_Boot2/blsp_boot2.elf elf32-littleriscv)

.debug_info     0x0000000000000000    0x217c6
 .debug_info    0x0000000000000000     0x1d0b out/Examples/BLSP_Boot2/blsp_boot2.o
 .debug_info    0x0000000000001d0b      0xbcd out/Examples/BLSP_Boot2/blsp_common.o
 .debug_info    0x00000000000028d8     0x130c out/Examples/BLSP_Boot2/blsp_media_boot.o
 .debug_info    0x0000000000003be4     0x15e9 out/Examples/BLSP_Boot2/blsp_boot_parser.o
 .debug_info    0x00000000000051cd     0x108b out/Examples/BLSP_Boot2/blsp_boot_decompress.o
 .debug_info    0x0000000000006258     0x1970 out/Examples/BLSP_Boot2/blsp_port.o
 .debug_info    0x0000000000007bc8     0x32ba out/BSP_Common/cipher_suite/bflb_ecdsa.o
 .debug_info    0x000000000000ae82       0xf0 out/BSP_Common/libc/memcpy.o
 .debug_info    0x000000000000af72       0xd0 out/BSP_Common/libc/memset.o
 .debug_info    0x000000000000b042       0xce out/BSP_Common/libc/memcmp.o
 .debug_info    0x000000000000b110      0x51e out/BSP_Common/libc/vsnprintf.o
 .debug_info    0x000000000000b62e       0x8e out/BSP_Common/libc/strlen.o
 .debug_info    0x000000000000b6bc      0x8e6 out/BSP_Common/partition/partition.o
 .debug_info    0x000000000000bfa2      0x9c4 out/BSP_Common/ring_buffer/ring_buffer.o
 .debug_info    0x000000000000c966      0x1d6 out/BSP_Common/soft_crc/softcrc.o
 .debug_info    0x000000000000cb3c      0x114 out/BSP_Common/xz/xz_crc32.o
 .debug_info    0x000000000000cc50     0x1b0a out/BSP_Common/xz/xz_dec_lzma2.o
 .debug_info    0x000000000000e75a      0xcd7 out/BSP_Common/xz/xz_dec_stream.o
 .debug_info    0x000000000000f431      0x166 out/BSP_Common/xz/xz_port.o
 .debug_info    0x000000000000f597      0x433 out/startup/system_bl602.o
 .debug_info    0x000000000000f9ca      0x1cb out/startup/GCC/start_load.o
 .debug_info    0x000000000000fb95      0x24e out/startup/interrupt.o
 .debug_info    0x000000000000fde3       0x22 out/startup/GCC/entry.o
 .debug_info    0x000000000000fe05      0x577 out/BSP_Driver/BL602_BSP_Driver/StdDriver/bl602_common.o
 .debug_info    0x000000000001037c     0x115c out/BSP_Driver/BL602_BSP_Driver/StdDriver/bl602_uart.o
 .debug_info    0x00000000000114d8     0x168e out/BSP_Driver/BL602_BSP_Driver/StdDriver/bl602_glb.o
 .debug_info    0x0000000000012b66     0x181c out/BSP_Driver/BL602_BSP_Driver/StdDriver/bl602_ef_ctrl.o
 .debug_info    0x0000000000014382      0xe1e out/BSP_Driver/BL602_BSP_Driver/StdDriver/bl602_hbn.o
 .debug_info    0x00000000000151a0     0x456d out/BSP_Driver/BL602_BSP_Driver/StdDriver/bl602_sec_eng.o
 .debug_info    0x000000000001970d     0x3c54 out/BSP_Driver/BL602_BSP_Driver/StdDriver/bl602_romapi.o
 .debug_info    0x000000000001d361     0x1413 out/BSP_Driver/BL602_BSP_Driver/platform_print/platform_device.o
 .debug_info    0x000000000001e774     0x1245 /d/download/riscv64-unknown-elf-gcc-8.2.0-2019.05.3-x86_64-linux-ubuntu14/bin/../lib/gcc/riscv64-unknown-elf/8.2.0/rv32imafc/ilp32f/libgcc.a(_udivdi3.o)
 .debug_info    0x000000000001f9b9     0x12a3 /d/download/riscv64-unknown-elf-gcc-8.2.0-2019.05.3-x86_64-linux-ubuntu14/bin/../lib/gcc/riscv64-unknown-elf/8.2.0/rv32imafc/ilp32f/libgcc.a(_umoddi3.o)
 .debug_info    0x0000000000020c5c      0xb6a /d/download/riscv64-unknown-elf-gcc-8.2.0-2019.05.3-x86_64-linux-ubuntu14/bin/../lib/gcc/riscv64-unknown-elf/8.2.0/rv32imafc/ilp32f/libgcc.a(_clz.o)

.debug_abbrev   0x0000000000000000     0x4d55
 .debug_abbrev  0x0000000000000000      0x3f4 out/Examples/BLSP_Boot2/blsp_boot2.o
 .debug_abbrev  0x00000000000003f4      0x2c4 out/Examples/BLSP_Boot2/blsp_common.o
 .debug_abbrev  0x00000000000006b8      0x3a7 out/Examples/BLSP_Boot2/blsp_media_boot.o
 .debug_abbrev  0x0000000000000a5f      0x39e out/Examples/BLSP_Boot2/blsp_boot_parser.o
 .debug_abbrev  0x0000000000000dfd      0x31b out/Examples/BLSP_Boot2/blsp_boot_decompress.o
 .debug_abbrev  0x0000000000001118      0x450 out/Examples/BLSP_Boot2/blsp_port.o
 .debug_abbrev  0x0000000000001568      0x326 out/BSP_Common/cipher_suite/bflb_ecdsa.o
 .debug_abbrev  0x000000000000188e       0xba out/BSP_Common/libc/memcpy.o
 .debug_abbrev  0x0000000000001948       0x9d out/BSP_Common/libc/memset.o
 .debug_abbrev  0x00000000000019e5       0xa2 out/BSP_Common/libc/memcmp.o
 .debug_abbrev  0x0000000000001a87      0x1f4 out/BSP_Common/libc/vsnprintf.o
 .debug_abbrev  0x0000000000001c7b       0x8c out/BSP_Common/libc/strlen.o
 .debug_abbrev  0x0000000000001d07      0x292 out/BSP_Common/partition/partition.o
 .debug_abbrev  0x0000000000001f99      0x2b4 out/BSP_Common/ring_buffer/ring_buffer.o
 .debug_abbrev  0x000000000000224d      0x109 out/BSP_Common/soft_crc/softcrc.o
 .debug_abbrev  0x0000000000002356       0xcb out/BSP_Common/xz/xz_crc32.o
 .debug_abbrev  0x0000000000002421      0x3a0 out/BSP_Common/xz/xz_dec_lzma2.o
 .debug_abbrev  0x00000000000027c1      0x36c out/BSP_Common/xz/xz_dec_stream.o
 .debug_abbrev  0x0000000000002b2d      0x12e out/BSP_Common/xz/xz_port.o
 .debug_abbrev  0x0000000000002c5b      0x1a8 out/startup/system_bl602.o
 .debug_abbrev  0x0000000000002e03       0x94 out/startup/GCC/start_load.o
 .debug_abbrev  0x0000000000002e97      0x130 out/startup/interrupt.o
 .debug_abbrev  0x0000000000002fc7       0x12 out/startup/GCC/entry.o
 .debug_abbrev  0x0000000000002fd9      0x191 out/BSP_Driver/BL602_BSP_Driver/StdDriver/bl602_common.o
 .debug_abbrev  0x000000000000316a      0x275 out/BSP_Driver/BL602_BSP_Driver/StdDriver/bl602_uart.o
 .debug_abbrev  0x00000000000033df      0x1d6 out/BSP_Driver/BL602_BSP_Driver/StdDriver/bl602_glb.o
 .debug_abbrev  0x00000000000035b5      0x307 out/BSP_Driver/BL602_BSP_Driver/StdDriver/bl602_ef_ctrl.o
 .debug_abbrev  0x00000000000038bc      0x224 out/BSP_Driver/BL602_BSP_Driver/StdDriver/bl602_hbn.o
 .debug_abbrev  0x0000000000003ae0      0x45a out/BSP_Driver/BL602_BSP_Driver/StdDriver/bl602_sec_eng.o
 .debug_abbrev  0x0000000000003f3a      0x294 out/BSP_Driver/BL602_BSP_Driver/StdDriver/bl602_romapi.o
 .debug_abbrev  0x00000000000041ce      0x3eb out/BSP_Driver/BL602_BSP_Driver/platform_print/platform_device.o
 .debug_abbrev  0x00000000000045b9      0x2cc /d/download/riscv64-unknown-elf-gcc-8.2.0-2019.05.3-x86_64-linux-ubuntu14/bin/../lib/gcc/riscv64-unknown-elf/8.2.0/rv32imafc/ilp32f/libgcc.a(_udivdi3.o)
 .debug_abbrev  0x0000000000004885      0x2e8 /d/download/riscv64-unknown-elf-gcc-8.2.0-2019.05.3-x86_64-linux-ubuntu14/bin/../lib/gcc/riscv64-unknown-elf/8.2.0/rv32imafc/ilp32f/libgcc.a(_umoddi3.o)
 .debug_abbrev  0x0000000000004b6d      0x1e8 /d/download/riscv64-unknown-elf-gcc-8.2.0-2019.05.3-x86_64-linux-ubuntu14/bin/../lib/gcc/riscv64-unknown-elf/8.2.0/rv32imafc/ilp32f/libgcc.a(_clz.o)

.debug_loc      0x0000000000000000    0x16cb5
 .debug_loc     0x0000000000000000      0xa1d out/Examples/BLSP_Boot2/blsp_boot2.o
 .debug_loc     0x0000000000000a1d      0x165 out/Examples/BLSP_Boot2/blsp_common.o
 .debug_loc     0x0000000000000b82      0x6cd out/Examples/BLSP_Boot2/blsp_media_boot.o
 .debug_loc     0x000000000000124f      0x7e1 out/Examples/BLSP_Boot2/blsp_boot_parser.o
 .debug_loc     0x0000000000001a30      0x2d6 out/Examples/BLSP_Boot2/blsp_boot_decompress.o
 .debug_loc     0x0000000000001d06      0x337 out/Examples/BLSP_Boot2/blsp_port.o
 .debug_loc     0x000000000000203d      0xbc6 out/BSP_Common/cipher_suite/bflb_ecdsa.o
 .debug_loc     0x0000000000002c03       0x6f out/BSP_Common/libc/memcpy.o
 .debug_loc     0x0000000000002c72       0x9a out/BSP_Common/libc/memset.o
 .debug_loc     0x0000000000002d0c       0xb1 out/BSP_Common/libc/memcmp.o
 .debug_loc     0x0000000000002dbd     0x18b4 out/BSP_Common/libc/vsnprintf.o
 .debug_loc     0x0000000000004671       0x71 out/BSP_Common/libc/strlen.o
 .debug_loc     0x00000000000046e2      0x90e out/BSP_Common/partition/partition.o
 .debug_loc     0x0000000000004ff0      0x98f out/BSP_Common/ring_buffer/ring_buffer.o
 .debug_loc     0x000000000000597f      0x1f5 out/BSP_Common/soft_crc/softcrc.o
 .debug_loc     0x0000000000005b74       0x8c out/BSP_Common/xz/xz_crc32.o
 .debug_loc     0x0000000000005c00     0x182a out/BSP_Common/xz/xz_dec_lzma2.o
 .debug_loc     0x000000000000742a      0x769 out/BSP_Common/xz/xz_dec_stream.o
 .debug_loc     0x0000000000007b93       0x6b out/BSP_Common/xz/xz_port.o
 .debug_loc     0x0000000000007bfe       0x49 out/startup/system_bl602.o
 .debug_loc     0x0000000000007c47       0x73 out/startup/GCC/start_load.o
 .debug_loc     0x0000000000007cba      0x122 out/startup/interrupt.o
 .debug_loc     0x0000000000007ddc      0x290 out/BSP_Driver/BL602_BSP_Driver/StdDriver/bl602_common.o
 .debug_loc     0x000000000000806c     0x1033 out/BSP_Driver/BL602_BSP_Driver/StdDriver/bl602_uart.o
 .debug_loc     0x000000000000909f     0x1576 out/BSP_Driver/BL602_BSP_Driver/StdDriver/bl602_glb.o
 .debug_loc     0x000000000000a615     0x213d out/BSP_Driver/BL602_BSP_Driver/StdDriver/bl602_ef_ctrl.o
 .debug_loc     0x000000000000c752      0x9f1 out/BSP_Driver/BL602_BSP_Driver/StdDriver/bl602_hbn.o
 .debug_loc     0x000000000000d143     0x6279 out/BSP_Driver/BL602_BSP_Driver/StdDriver/bl602_sec_eng.o
 .debug_loc     0x00000000000133bc     0x1c9e out/BSP_Driver/BL602_BSP_Driver/StdDriver/bl602_romapi.o
 .debug_loc     0x000000000001505a      0x722 out/BSP_Driver/BL602_BSP_Driver/platform_print/platform_device.o
 .debug_loc     0x000000000001577c      0xbd0 /d/download/riscv64-unknown-elf-gcc-8.2.0-2019.05.3-x86_64-linux-ubuntu14/bin/../lib/gcc/riscv64-unknown-elf/8.2.0/rv32imafc/ilp32f/libgcc.a(_udivdi3.o)
 .debug_loc     0x000000000001634c      0x969 /d/download/riscv64-unknown-elf-gcc-8.2.0-2019.05.3-x86_64-linux-ubuntu14/bin/../lib/gcc/riscv64-unknown-elf/8.2.0/rv32imafc/ilp32f/libgcc.a(_umoddi3.o)

.debug_aranges  0x0000000000000000     0x1530
 .debug_aranges
                0x0000000000000000       0x48 out/Examples/BLSP_Boot2/blsp_boot2.o
 .debug_aranges
                0x0000000000000048       0x38 out/Examples/BLSP_Boot2/blsp_common.o
 .debug_aranges
                0x0000000000000080       0x30 out/Examples/BLSP_Boot2/blsp_media_boot.o
 .debug_aranges
                0x00000000000000b0       0x48 out/Examples/BLSP_Boot2/blsp_boot_parser.o
 .debug_aranges
                0x00000000000000f8       0x30 out/Examples/BLSP_Boot2/blsp_boot_decompress.o
 .debug_aranges
                0x0000000000000128      0x108 out/Examples/BLSP_Boot2/blsp_port.o
 .debug_aranges
                0x0000000000000230       0x90 out/BSP_Common/cipher_suite/bflb_ecdsa.o
 .debug_aranges
                0x00000000000002c0       0x20 out/BSP_Common/libc/memcpy.o
 .debug_aranges
                0x00000000000002e0       0x20 out/BSP_Common/libc/memset.o
 .debug_aranges
                0x0000000000000300       0x20 out/BSP_Common/libc/memcmp.o
 .debug_aranges
                0x0000000000000320       0x20 out/BSP_Common/libc/vsnprintf.o
 .debug_aranges
                0x0000000000000340       0x20 out/BSP_Common/libc/strlen.o
 .debug_aranges
                0x0000000000000360       0x58 out/BSP_Common/partition/partition.o
 .debug_aranges
                0x00000000000003b8       0xa0 out/BSP_Common/ring_buffer/ring_buffer.o
 .debug_aranges
                0x0000000000000458       0x28 out/BSP_Common/soft_crc/softcrc.o
 .debug_aranges
                0x0000000000000480       0x28 out/BSP_Common/xz/xz_crc32.o
 .debug_aranges
                0x00000000000004a8       0x50 out/BSP_Common/xz/xz_dec_lzma2.o
 .debug_aranges
                0x00000000000004f8       0x50 out/BSP_Common/xz/xz_dec_stream.o
 .debug_aranges
                0x0000000000000548       0x30 out/BSP_Common/xz/xz_port.o
 .debug_aranges
                0x0000000000000578       0x30 out/startup/system_bl602.o
 .debug_aranges
                0x00000000000005a8       0x20 out/startup/GCC/start_load.o
 .debug_aranges
                0x00000000000005c8       0x68 out/startup/interrupt.o
 .debug_aranges
                0x0000000000000630       0x30 out/startup/GCC/entry.o
 .debug_aranges
                0x0000000000000660       0x38 out/BSP_Driver/BL602_BSP_Driver/StdDriver/bl602_common.o
 .debug_aranges
                0x0000000000000698      0x108 out/BSP_Driver/BL602_BSP_Driver/StdDriver/bl602_uart.o
 .debug_aranges
                0x00000000000007a0      0x1e0 out/BSP_Driver/BL602_BSP_Driver/StdDriver/bl602_glb.o
 .debug_aranges
                0x0000000000000980      0x160 out/BSP_Driver/BL602_BSP_Driver/StdDriver/bl602_ef_ctrl.o
 .debug_aranges
                0x0000000000000ae0      0x168 out/BSP_Driver/BL602_BSP_Driver/StdDriver/bl602_hbn.o
 .debug_aranges
                0x0000000000000c48      0x250 out/BSP_Driver/BL602_BSP_Driver/StdDriver/bl602_sec_eng.o
 .debug_aranges
                0x0000000000000e98      0x568 out/BSP_Driver/BL602_BSP_Driver/StdDriver/bl602_romapi.o
 .debug_aranges
                0x0000000000001400       0xd8 out/BSP_Driver/BL602_BSP_Driver/platform_print/platform_device.o
 .debug_aranges
                0x00000000000014d8       0x20 /d/download/riscv64-unknown-elf-gcc-8.2.0-2019.05.3-x86_64-linux-ubuntu14/bin/../lib/gcc/riscv64-unknown-elf/8.2.0/rv32imafc/ilp32f/libgcc.a(_udivdi3.o)
 .debug_aranges
                0x00000000000014f8       0x20 /d/download/riscv64-unknown-elf-gcc-8.2.0-2019.05.3-x86_64-linux-ubuntu14/bin/../lib/gcc/riscv64-unknown-elf/8.2.0/rv32imafc/ilp32f/libgcc.a(_umoddi3.o)
 .debug_aranges
                0x0000000000001518       0x18 /d/download/riscv64-unknown-elf-gcc-8.2.0-2019.05.3-x86_64-linux-ubuntu14/bin/../lib/gcc/riscv64-unknown-elf/8.2.0/rv32imafc/ilp32f/libgcc.a(_clz.o)

.debug_ranges   0x0000000000000000     0x27d0
 .debug_ranges  0x0000000000000000       0xf0 out/Examples/BLSP_Boot2/blsp_boot2.o
 .debug_ranges  0x00000000000000f0       0x40 out/Examples/BLSP_Boot2/blsp_common.o
 .debug_ranges  0x0000000000000130       0xe8 out/Examples/BLSP_Boot2/blsp_media_boot.o
 .debug_ranges  0x0000000000000218       0x58 out/Examples/BLSP_Boot2/blsp_boot_parser.o
 .debug_ranges  0x0000000000000270       0x20 out/Examples/BLSP_Boot2/blsp_boot_decompress.o
 .debug_ranges  0x0000000000000290      0x168 out/Examples/BLSP_Boot2/blsp_port.o
 .debug_ranges  0x00000000000003f8       0xb0 out/BSP_Common/cipher_suite/bflb_ecdsa.o
 .debug_ranges  0x00000000000004a8       0x10 out/BSP_Common/libc/memcpy.o
 .debug_ranges  0x00000000000004b8       0x10 out/BSP_Common/libc/memset.o
 .debug_ranges  0x00000000000004c8       0x10 out/BSP_Common/libc/memcmp.o
 .debug_ranges  0x00000000000004d8       0x90 out/BSP_Common/libc/vsnprintf.o
 .debug_ranges  0x0000000000000568       0x10 out/BSP_Common/libc/strlen.o
 .debug_ranges  0x0000000000000578       0x48 out/BSP_Common/partition/partition.o
 .debug_ranges  0x00000000000005c0      0x100 out/BSP_Common/ring_buffer/ring_buffer.o
 .debug_ranges  0x00000000000006c0       0x18 out/BSP_Common/soft_crc/softcrc.o
 .debug_ranges  0x00000000000006d8       0x18 out/BSP_Common/xz/xz_crc32.o
 .debug_ranges  0x00000000000006f0      0x608 out/BSP_Common/xz/xz_dec_lzma2.o
 .debug_ranges  0x0000000000000cf8      0x288 out/BSP_Common/xz/xz_dec_stream.o
 .debug_ranges  0x0000000000000f80       0x20 out/BSP_Common/xz/xz_port.o
 .debug_ranges  0x0000000000000fa0       0x20 out/startup/system_bl602.o
 .debug_ranges  0x0000000000000fc0       0x10 out/startup/GCC/start_load.o
 .debug_ranges  0x0000000000000fd0       0x58 out/startup/interrupt.o
 .debug_ranges  0x0000000000001028       0x28 out/startup/GCC/entry.o
 .debug_ranges  0x0000000000001050       0x28 out/BSP_Driver/BL602_BSP_Driver/StdDriver/bl602_common.o
 .debug_ranges  0x0000000000001078      0x148 out/BSP_Driver/BL602_BSP_Driver/StdDriver/bl602_uart.o
 .debug_ranges  0x00000000000011c0      0x1d0 out/BSP_Driver/BL602_BSP_Driver/StdDriver/bl602_glb.o
 .debug_ranges  0x0000000000001390      0x278 out/BSP_Driver/BL602_BSP_Driver/StdDriver/bl602_ef_ctrl.o
 .debug_ranges  0x0000000000001608      0x158 out/BSP_Driver/BL602_BSP_Driver/StdDriver/bl602_hbn.o
 .debug_ranges  0x0000000000001760      0x7d0 out/BSP_Driver/BL602_BSP_Driver/StdDriver/bl602_sec_eng.o
 .debug_ranges  0x0000000000001f30      0x558 out/BSP_Driver/BL602_BSP_Driver/StdDriver/bl602_romapi.o
 .debug_ranges  0x0000000000002488      0x178 out/BSP_Driver/BL602_BSP_Driver/platform_print/platform_device.o
 .debug_ranges  0x0000000000002600      0x100 /d/download/riscv64-unknown-elf-gcc-8.2.0-2019.05.3-x86_64-linux-ubuntu14/bin/../lib/gcc/riscv64-unknown-elf/8.2.0/rv32imafc/ilp32f/libgcc.a(_udivdi3.o)
 .debug_ranges  0x0000000000002700       0xd0 /d/download/riscv64-unknown-elf-gcc-8.2.0-2019.05.3-x86_64-linux-ubuntu14/bin/../lib/gcc/riscv64-unknown-elf/8.2.0/rv32imafc/ilp32f/libgcc.a(_umoddi3.o)

.debug_macro    0x0000000000000000    0x1ecd2
 .debug_macro   0x0000000000000000      0x25b out/Examples/BLSP_Boot2/blsp_boot2.o
 .debug_macro   0x000000000000025b      0x79c out/Examples/BLSP_Boot2/blsp_boot2.o
 .debug_macro   0x00000000000009f7       0x16 out/Examples/BLSP_Boot2/blsp_boot2.o
 .debug_macro   0x0000000000000a0d       0x58 out/Examples/BLSP_Boot2/blsp_boot2.o
 .debug_macro   0x0000000000000a65       0x34 out/Examples/BLSP_Boot2/blsp_boot2.o
 .debug_macro   0x0000000000000a99      0x1f0 out/Examples/BLSP_Boot2/blsp_boot2.o
 .debug_macro   0x0000000000000c89       0x1c out/Examples/BLSP_Boot2/blsp_boot2.o
 .debug_macro   0x0000000000000ca5       0x40 out/Examples/BLSP_Boot2/blsp_boot2.o
 .debug_macro   0x0000000000000ce5      0x20a out/Examples/BLSP_Boot2/blsp_boot2.o
 .debug_macro   0x0000000000000eef       0x88 out/Examples/BLSP_Boot2/blsp_boot2.o
 .debug_macro   0x0000000000000f77       0x52 out/Examples/BLSP_Boot2/blsp_boot2.o
 .debug_macro   0x0000000000000fc9     0x163c out/Examples/BLSP_Boot2/blsp_boot2.o
 .debug_macro   0x0000000000002605     0x47b1 out/Examples/BLSP_Boot2/blsp_boot2.o
 .debug_macro   0x0000000000006db6     0x11f8 out/Examples/BLSP_Boot2/blsp_boot2.o
 .debug_macro   0x0000000000007fae      0x7ba out/Examples/BLSP_Boot2/blsp_boot2.o
 .debug_macro   0x0000000000008768      0x36b out/Examples/BLSP_Boot2/blsp_boot2.o
 .debug_macro   0x0000000000008ad3       0x22 out/Examples/BLSP_Boot2/blsp_boot2.o
 .debug_macro   0x0000000000008af5       0x4f out/Examples/BLSP_Boot2/blsp_boot2.o
 .debug_macro   0x0000000000008b44      0xaec out/Examples/BLSP_Boot2/blsp_boot2.o
 .debug_macro   0x0000000000009630     0x1a74 out/Examples/BLSP_Boot2/blsp_boot2.o
 .debug_macro   0x000000000000b0a4      0xd67 out/Examples/BLSP_Boot2/blsp_boot2.o
 .debug_macro   0x000000000000be0b       0x3c out/Examples/BLSP_Boot2/blsp_boot2.o
 .debug_macro   0x000000000000be47     0x2071 out/Examples/BLSP_Boot2/blsp_boot2.o
 .debug_macro   0x000000000000deb8       0x66 out/Examples/BLSP_Boot2/blsp_boot2.o
 .debug_macro   0x000000000000df1e       0x19 out/Examples/BLSP_Boot2/blsp_boot2.o
 .debug_macro   0x000000000000df37       0xb3 out/Examples/BLSP_Boot2/blsp_boot2.o
 .debug_macro   0x000000000000dfea       0x70 out/Examples/BLSP_Boot2/blsp_boot2.o
 .debug_macro   0x000000000000e05a       0x96 out/Examples/BLSP_Boot2/blsp_boot2.o
 .debug_macro   0x000000000000e0f0      0x100 out/Examples/BLSP_Boot2/blsp_boot2.o
 .debug_macro   0x000000000000e1f0      0x8d3 out/Examples/BLSP_Boot2/blsp_boot2.o
 .debug_macro   0x000000000000eac3       0x3c out/Examples/BLSP_Boot2/blsp_boot2.o
 .debug_macro   0x000000000000eaff     0x2c9b out/Examples/BLSP_Boot2/blsp_boot2.o
 .debug_macro   0x000000000001179a       0x66 out/Examples/BLSP_Boot2/blsp_boot2.o
 .debug_macro   0x0000000000011800      0x342 out/Examples/BLSP_Boot2/blsp_boot2.o
 .debug_macro   0x0000000000011b42       0x58 out/Examples/BLSP_Boot2/blsp_boot2.o
 .debug_macro   0x0000000000011b9a       0x16 out/Examples/BLSP_Boot2/blsp_boot2.o
 .debug_macro   0x0000000000011bb0       0x10 out/Examples/BLSP_Boot2/blsp_boot2.o
 .debug_macro   0x0000000000011bc0       0x1c out/Examples/BLSP_Boot2/blsp_boot2.o
 .debug_macro   0x0000000000011bdc       0x28 out/Examples/BLSP_Boot2/blsp_boot2.o
 .debug_macro   0x0000000000011c04       0x76 out/Examples/BLSP_Boot2/blsp_boot2.o
 .debug_macro   0x0000000000011c7a       0x34 out/Examples/BLSP_Boot2/blsp_boot2.o
 .debug_macro   0x0000000000011cae       0x1c out/Examples/BLSP_Boot2/blsp_boot2.o
 .debug_macro   0x0000000000011cca      0x23e out/Examples/BLSP_Boot2/blsp_common.o
 .debug_macro   0x0000000000011f08      0x252 out/Examples/BLSP_Boot2/blsp_media_boot.o
 .debug_macro   0x000000000001215a      0x254 out/Examples/BLSP_Boot2/blsp_boot_parser.o
 .debug_macro   0x00000000000123ae       0x16 out/Examples/BLSP_Boot2/blsp_boot_parser.o
 .debug_macro   0x00000000000123c4       0x70 out/Examples/BLSP_Boot2/blsp_boot_parser.o
 .debug_macro   0x0000000000012434      0x260 out/Examples/BLSP_Boot2/blsp_boot_decompress.o
 .debug_macro   0x0000000000012694       0x25 out/Examples/BLSP_Boot2/blsp_boot_decompress.o
 .debug_macro   0x00000000000126b9      0x23e out/Examples/BLSP_Boot2/blsp_port.o
 .debug_macro   0x00000000000128f7      0x24b out/BSP_Common/cipher_suite/bflb_ecdsa.o
 .debug_macro   0x0000000000012b42       0x36 out/BSP_Common/libc/memcpy.o
 .debug_macro   0x0000000000012b78       0x36 out/BSP_Common/libc/memset.o
 .debug_macro   0x0000000000012bae       0x2d out/BSP_Common/libc/memcmp.o
 .debug_macro   0x0000000000012bdb       0x97 out/BSP_Common/libc/vsnprintf.o
 .debug_macro   0x0000000000012c72       0x8e out/BSP_Common/libc/vsnprintf.o
 .debug_macro   0x0000000000012d00       0x2d out/BSP_Common/libc/strlen.o
 .debug_macro   0x0000000000012d2d      0x1cc out/BSP_Common/partition/partition.o
 .debug_macro   0x0000000000012ef9       0x2e out/BSP_Common/partition/partition.o
 .debug_macro   0x0000000000012f27      0x1b7 out/BSP_Common/ring_buffer/ring_buffer.o
 .debug_macro   0x00000000000130de      0x1b1 out/BSP_Common/soft_crc/softcrc.o
 .debug_macro   0x000000000001328f       0x8a out/BSP_Common/xz/xz_crc32.o
 .debug_macro   0x0000000000013319       0x1c out/BSP_Common/xz/xz_crc32.o
 .debug_macro   0x0000000000013335       0x1f out/BSP_Common/xz/xz_crc32.o
 .debug_macro   0x0000000000013354       0x46 out/BSP_Common/xz/xz_crc32.o
 .debug_macro   0x000000000001339a       0x2e out/BSP_Common/xz/xz_crc32.o
 .debug_macro   0x00000000000133c8       0x99 out/BSP_Common/xz/xz_dec_lzma2.o
 .debug_macro   0x0000000000013461       0xd7 out/BSP_Common/xz/xz_dec_lzma2.o
 .debug_macro   0x0000000000013538       0x93 out/BSP_Common/xz/xz_dec_stream.o
 .debug_macro   0x00000000000135cb       0x40 out/BSP_Common/xz/xz_dec_stream.o
 .debug_macro   0x000000000001360b       0x65 out/BSP_Common/xz/xz_port.o
 .debug_macro   0x0000000000013670      0x183 out/startup/system_bl602.o
 .debug_macro   0x00000000000137f3       0x52 out/startup/GCC/start_load.o
 .debug_macro   0x0000000000013845       0x2c out/startup/interrupt.o
 .debug_macro   0x0000000000013871       0xba out/BSP_Driver/BL602_BSP_Driver/StdDriver/bl602_common.o
 .debug_macro   0x000000000001392b      0x365 out/BSP_Driver/BL602_BSP_Driver/StdDriver/bl602_common.o
 .debug_macro   0x0000000000013c90      0x18d out/BSP_Driver/BL602_BSP_Driver/StdDriver/bl602_uart.o
 .debug_macro   0x0000000000013e1d      0xa68 out/BSP_Driver/BL602_BSP_Driver/StdDriver/bl602_uart.o
 .debug_macro   0x0000000000014885       0x58 out/BSP_Driver/BL602_BSP_Driver/StdDriver/bl602_uart.o
 .debug_macro   0x00000000000148dd     0x47b7 out/BSP_Driver/BL602_BSP_Driver/StdDriver/bl602_uart.o
 .debug_macro   0x0000000000019094      0x197 out/BSP_Driver/BL602_BSP_Driver/StdDriver/bl602_glb.o
 .debug_macro   0x000000000001922b       0xf0 out/BSP_Driver/BL602_BSP_Driver/StdDriver/bl602_ef_ctrl.o
 .debug_macro   0x000000000001931b      0xd61 out/BSP_Driver/BL602_BSP_Driver/StdDriver/bl602_ef_ctrl.o
 .debug_macro   0x000000000001a07c      0x99c out/BSP_Driver/BL602_BSP_Driver/StdDriver/bl602_ef_ctrl.o
 .debug_macro   0x000000000001aa18      0x183 out/BSP_Driver/BL602_BSP_Driver/StdDriver/bl602_hbn.o
 .debug_macro   0x000000000001ab9b      0xae6 out/BSP_Driver/BL602_BSP_Driver/StdDriver/bl602_hbn.o
 .debug_macro   0x000000000001b681       0xf3 out/BSP_Driver/BL602_BSP_Driver/StdDriver/bl602_sec_eng.o
 .debug_macro   0x000000000001b774     0x2c95 out/BSP_Driver/BL602_BSP_Driver/StdDriver/bl602_sec_eng.o
 .debug_macro   0x000000000001e409      0x1aa out/BSP_Driver/BL602_BSP_Driver/StdDriver/bl602_romapi.o
 .debug_macro   0x000000000001e5b3      0x4cb out/BSP_Driver/BL602_BSP_Driver/StdDriver/bl602_romapi.o
 .debug_macro   0x000000000001ea7e      0x214 out/BSP_Driver/BL602_BSP_Driver/platform_print/platform_device.o
 .debug_macro   0x000000000001ec92       0x40 out/BSP_Driver/BL602_BSP_Driver/platform_print/platform_device.o

.debug_line     0x0000000000000000    0x23565
 .debug_line    0x0000000000000000     0x1209 out/Examples/BLSP_Boot2/blsp_boot2.o
 .debug_line    0x0000000000001209      0x986 out/Examples/BLSP_Boot2/blsp_common.o
 .debug_line    0x0000000000001b8f      0xf9f out/Examples/BLSP_Boot2/blsp_media_boot.o
 .debug_line    0x0000000000002b2e      0xf85 out/Examples/BLSP_Boot2/blsp_boot_parser.o
 .debug_line    0x0000000000003ab3      0xb15 out/Examples/BLSP_Boot2/blsp_boot_decompress.o
 .debug_line    0x00000000000045c8     0x1002 out/Examples/BLSP_Boot2/blsp_port.o
 .debug_line    0x00000000000055ca     0x1365 out/BSP_Common/cipher_suite/bflb_ecdsa.o
 .debug_line    0x000000000000692f       0xf6 out/BSP_Common/libc/memcpy.o
 .debug_line    0x0000000000006a25       0xd6 out/BSP_Common/libc/memset.o
 .debug_line    0x0000000000006afb      0x102 out/BSP_Common/libc/memcmp.o
 .debug_line    0x0000000000006bfd     0x1622 out/BSP_Common/libc/vsnprintf.o